Component: Arm Compiler for Embedded 6.24 Tool: armlink [5f371500]

==============================================================================

Section Cross References

    main.o(DATA) refers (Special) to gpio.o(.text) for PortN_Output
    main.o(DATA) refers (Special) to utils.o(.text) for SysTick_Wait1ms
    main.o(.text) refers (Special) to gpio.o(.text) for PortN_Output
    main.o(.text) refers (Special) to utils.o(.text) for SysTick_Wait1ms
    main.o(.text) refers to display.o(.text) for Escreve_Display_Decimo
    main.o(.text) refers to leds.o(.text) for Escreve_LEDs
    startup.o(RESET) refers to startup.o(STACK) for StackMem
    startup.o(RESET) refers to gpio.o(.text) for GPIOPortJ_Handler
    startup.o(RESET) refers to main.o(.text) for Start
    display.o(.text) refers (Special) to gpio.o(.text) for PortN_Output
    display.o(.text) refers to utils.o(.text) for SysTick_Wait1ms
    leds.o(.text) refers (Special) to gpio.o(.text) for PortB_Output
    leds.o(.text) refers to utils.o(.text) for SysTick_Wait1ms


==============================================================================

Removing Unused input sections from the image.

    Removing main.o(DATA), (0 bytes).
    Removing startup.o(HEAP), (0 bytes).
    Removing startup.o(.text), (28 bytes).

3 unused section(s) (total 28 bytes) removed from the image.

==============================================================================

Image Symbol Table

    Local Symbols

    Symbol Name                              Value     Ov Type        Size  Object(Section)

    display.s                                0x00000000   Number         0  display.o ABSOLUTE
    gpio.s                                   0x00000000   Number         0  gpio.o ABSOLUTE
    leds.s                                   0x00000000   Number         0  leds.o ABSOLUTE
    main.s                                   0x00000000   Number         0  main.o ABSOLUTE
    startup.s                                0x00000000   Number         0  startup.o ABSOLUTE
    utils.s                                  0x00000000   Number         0  utils.o ABSOLUTE
    RESET                                    0x00000000   Section      544  startup.o(RESET)
    $v0                                      0x00000208   Number         0  startup.o(RESET)
    $v0                                      0x00000220   Number         0  gpio.o(.text)
    .text                                    0x00000220   Section      784  gpio.o(.text)
    $v0                                      0x00000530   Number         0  main.o(.text)
    .text                                    0x00000530   Section      104  main.o(.text)
    $v0                                      0x00000598   Number         0  utils.o(.text)
    .text                                    0x00000598   Section      484  utils.o(.text)
    .text                                    0x0000077c   Section      604  display.o(.text)
    $v0                                      0x0000078c   Number         0  display.o(.text)
    $v0                                      0x000009d8   Number         0  leds.o(.text)
    .text                                    0x000009d8   Section       80  leds.o(.text)
    StackMem                                 0x20000000   Data           0  startup.o(STACK)
    STACK                                    0x20000000   Section     1024  startup.o(STACK)

    Global Symbols

    Symbol Name                              Value     Ov Type        Size  Object(Section)

    BuildAttributes$$THM_ISAv4$E$P$D$K$B$S$7EM$VFPi3$EXTD16$VFPS$VFMA$PE$A:L22UL41UL21$X:L11$S22US41US21$IEEE1$~IW$USESV6$~STKCKD$USESV7$~SHL$OSPACE$EBA8$STANDARDLIB$EABIv2 0x00000000   Number         0  anon$$obj.o ABSOLUTE
    __Vectors                                0x00000000   Data           0  startup.o(RESET)
    Reset_Handler                            0x00000209   Thumb Code     0  startup.o(RESET)
    NMI_Handler                              0x0000020d   Thumb Code     2  startup.o(RESET)
    HardFault_Handler                        0x0000020f   Thumb Code     2  startup.o(RESET)
    MemManage_Handler                        0x00000211   Thumb Code     2  startup.o(RESET)
    BusFault_Handler                         0x00000213   Thumb Code     2  startup.o(RESET)
    UsageFault_Handler                       0x00000215   Thumb Code     2  startup.o(RESET)
    SVC_Handler                              0x00000217   Thumb Code     2  startup.o(RESET)
    DebugMon_Handler                         0x00000219   Thumb Code     2  startup.o(RESET)
    PendSV_Handler                           0x0000021b   Thumb Code     2  startup.o(RESET)
    SysTick_Handler                          0x0000021d   Thumb Code     2  startup.o(RESET)
    ADC0Seq0_Handler                         0x0000021f   Thumb Code     0  startup.o(RESET)
    ADC0Seq1_Handler                         0x0000021f   Thumb Code     0  startup.o(RESET)
    ADC0Seq2_Handler                         0x0000021f   Thumb Code     0  startup.o(RESET)
    ADC0Seq3_Handler                         0x0000021f   Thumb Code     0  startup.o(RESET)
    ADC1Seq0_Handler                         0x0000021f   Thumb Code     0  startup.o(RESET)
    ADC1Seq1_Handler                         0x0000021f   Thumb Code     0  startup.o(RESET)
    ADC1Seq2_Handler                         0x0000021f   Thumb Code     0  startup.o(RESET)
    ADC1Seq3_Handler                         0x0000021f   Thumb Code     0  startup.o(RESET)
    CAN0_Handler                             0x0000021f   Thumb Code     0  startup.o(RESET)
    CAN1_Handler                             0x0000021f   Thumb Code     0  startup.o(RESET)
    Comp0_Handler                            0x0000021f   Thumb Code     0  startup.o(RESET)
    Comp1_Handler                            0x0000021f   Thumb Code     0  startup.o(RESET)
    Comp2_Handler                            0x0000021f   Thumb Code     0  startup.o(RESET)
    Ethernet_Handler                         0x0000021f   Thumb Code     0  startup.o(RESET)
    ExtBus_Handler                           0x0000021f   Thumb Code     0  startup.o(RESET)
    FPU_Handler                              0x0000021f   Thumb Code     0  startup.o(RESET)
    FlashCtl_Handler                         0x0000021f   Thumb Code     0  startup.o(RESET)
    GPIOPortA_Handler                        0x0000021f   Thumb Code     0  startup.o(RESET)
    GPIOPortB_Handler                        0x0000021f   Thumb Code     0  startup.o(RESET)
    GPIOPortC_Handler                        0x0000021f   Thumb Code     0  startup.o(RESET)
    GPIOPortD_Handler                        0x0000021f   Thumb Code     0  startup.o(RESET)
    GPIOPortE_Handler                        0x0000021f   Thumb Code     0  startup.o(RESET)
    GPIOPortF_Handler                        0x0000021f   Thumb Code     0  startup.o(RESET)
    GPIOPortG_Handler                        0x0000021f   Thumb Code     0  startup.o(RESET)
    GPIOPortH_Handler                        0x0000021f   Thumb Code     0  startup.o(RESET)
    GPIOPortK_Handler                        0x0000021f   Thumb Code     0  startup.o(RESET)
    GPIOPortL_Handler                        0x0000021f   Thumb Code     0  startup.o(RESET)
    GPIOPortM_Handler                        0x0000021f   Thumb Code     0  startup.o(RESET)
    GPIOPortN_Handler                        0x0000021f   Thumb Code     0  startup.o(RESET)
    GPIOPortP1_Handler                       0x0000021f   Thumb Code     0  startup.o(RESET)
    GPIOPortP2_Handler                       0x0000021f   Thumb Code     0  startup.o(RESET)
    GPIOPortP3_Handler                       0x0000021f   Thumb Code     0  startup.o(RESET)
    GPIOPortP4_Handler                       0x0000021f   Thumb Code     0  startup.o(RESET)
    GPIOPortP5_Handler                       0x0000021f   Thumb Code     0  startup.o(RESET)
    GPIOPortP6_Handler                       0x0000021f   Thumb Code     0  startup.o(RESET)
    GPIOPortP7_Handler                       0x0000021f   Thumb Code     0  startup.o(RESET)
    GPIOPortP_Handler                        0x0000021f   Thumb Code     0  startup.o(RESET)
    GPIOPortQ1_Handler                       0x0000021f   Thumb Code     0  startup.o(RESET)
    GPIOPortQ2_Handler                       0x0000021f   Thumb Code     0  startup.o(RESET)
    GPIOPortQ3_Handler                       0x0000021f   Thumb Code     0  startup.o(RESET)
    GPIOPortQ4_Handler                       0x0000021f   Thumb Code     0  startup.o(RESET)
    GPIOPortQ5_Handler                       0x0000021f   Thumb Code     0  startup.o(RESET)
    GPIOPortQ6_Handler                       0x0000021f   Thumb Code     0  startup.o(RESET)
    GPIOPortQ7_Handler                       0x0000021f   Thumb Code     0  startup.o(RESET)
    GPIOPortQ_Handler                        0x0000021f   Thumb Code     0  startup.o(RESET)
    Hibernate_Handler                        0x0000021f   Thumb Code     0  startup.o(RESET)
    I2C0_Handler                             0x0000021f   Thumb Code     0  startup.o(RESET)
    I2C1_Handler                             0x0000021f   Thumb Code     0  startup.o(RESET)
    I2C2_Handler                             0x0000021f   Thumb Code     0  startup.o(RESET)
    I2C3_Handler                             0x0000021f   Thumb Code     0  startup.o(RESET)
    I2C4_Handler                             0x0000021f   Thumb Code     0  startup.o(RESET)
    I2C5_Handler                             0x0000021f   Thumb Code     0  startup.o(RESET)
    I2C6_Handler                             0x0000021f   Thumb Code     0  startup.o(RESET)
    I2C7_Handler                             0x0000021f   Thumb Code     0  startup.o(RESET)
    I2C8_Handler                             0x0000021f   Thumb Code     0  startup.o(RESET)
    I2C9_Handler                             0x0000021f   Thumb Code     0  startup.o(RESET)
    PWM0Fault_Handler                        0x0000021f   Thumb Code     0  startup.o(RESET)
    PWM0Generator0_Handler                   0x0000021f   Thumb Code     0  startup.o(RESET)
    PWM0Generator1_Handler                   0x0000021f   Thumb Code     0  startup.o(RESET)
    PWM0Generator2_Handler                   0x0000021f   Thumb Code     0  startup.o(RESET)
    PWM0Generator3_Handler                   0x0000021f   Thumb Code     0  startup.o(RESET)
    Quadrature0_Handler                      0x0000021f   Thumb Code     0  startup.o(RESET)
    SSI0_Handler                             0x0000021f   Thumb Code     0  startup.o(RESET)
    SSI1_Handler                             0x0000021f   Thumb Code     0  startup.o(RESET)
    SSI2_Handler                             0x0000021f   Thumb Code     0  startup.o(RESET)
    SSI3_Handler                             0x0000021f   Thumb Code     0  startup.o(RESET)
    SysCtl_Handler                           0x0000021f   Thumb Code     0  startup.o(RESET)
    Tamper_Handler                           0x0000021f   Thumb Code     0  startup.o(RESET)
    Timer0A_Handler                          0x0000021f   Thumb Code     0  startup.o(RESET)
    Timer0B_Handler                          0x0000021f   Thumb Code     0  startup.o(RESET)
    Timer1A_Handler                          0x0000021f   Thumb Code     0  startup.o(RESET)
    Timer1B_Handler                          0x0000021f   Thumb Code     0  startup.o(RESET)
    Timer2A_Handler                          0x0000021f   Thumb Code     0  startup.o(RESET)
    Timer2B_Handler                          0x0000021f   Thumb Code     0  startup.o(RESET)
    Timer3A_Handler                          0x0000021f   Thumb Code     0  startup.o(RESET)
    Timer3B_Handler                          0x0000021f   Thumb Code     0  startup.o(RESET)
    Timer4A_Handler                          0x0000021f   Thumb Code     0  startup.o(RESET)
    Timer4B_Handler                          0x0000021f   Thumb Code     0  startup.o(RESET)
    Timer5A_Handler                          0x0000021f   Thumb Code     0  startup.o(RESET)
    Timer5B_Handler                          0x0000021f   Thumb Code     0  startup.o(RESET)
    Timer6A_Handler                          0x0000021f   Thumb Code     0  startup.o(RESET)
    Timer6B_Handler                          0x0000021f   Thumb Code     0  startup.o(RESET)
    Timer7A_Handler                          0x0000021f   Thumb Code     0  startup.o(RESET)
    Timer7B_Handler                          0x0000021f   Thumb Code     0  startup.o(RESET)
    UART0_Handler                            0x0000021f   Thumb Code     0  startup.o(RESET)
    UART1_Handler                            0x0000021f   Thumb Code     0  startup.o(RESET)
    UART2_Handler                            0x0000021f   Thumb Code     0  startup.o(RESET)
    UART3_Handler                            0x0000021f   Thumb Code     0  startup.o(RESET)
    UART4_Handler                            0x0000021f   Thumb Code     0  startup.o(RESET)
    UART5_Handler                            0x0000021f   Thumb Code     0  startup.o(RESET)
    UART6_Handler                            0x0000021f   Thumb Code     0  startup.o(RESET)
    UART7_Handler                            0x0000021f   Thumb Code     0  startup.o(RESET)
    USB0_Handler                             0x0000021f   Thumb Code     0  startup.o(RESET)
    WDT_Handler                              0x0000021f   Thumb Code     0  startup.o(RESET)
    uDMA_Error                               0x0000021f   Thumb Code     0  startup.o(RESET)
    uDMA_Handler                             0x0000021f   Thumb Code     0  startup.o(RESET)
    GPIO_Init                                0x00000221   Thumb Code     0  gpio.o(.text)
    PortN_Output                             0x0000031b   Thumb Code     0  gpio.o(.text)
    Acende_LED_N0                            0x0000031d   Thumb Code     0  gpio.o(.text)
    Apaga_LED_N0                             0x00000329   Thumb Code     0  gpio.o(.text)
    Acende_LED_N1                            0x00000335   Thumb Code     0  gpio.o(.text)
    Apaga_LED_N1                             0x00000341   Thumb Code     0  gpio.o(.text)
    PortA_Output                             0x0000034d   Thumb Code     0  gpio.o(.text)
    PortB_Output                             0x00000361   Thumb Code     0  gpio.o(.text)
    PortP_Output                             0x00000375   Thumb Code     0  gpio.o(.text)
    PortQ_Output                             0x00000389   Thumb Code     0  gpio.o(.text)
    Configura_Interrupts                     0x0000039f   Thumb Code     0  gpio.o(.text)
    Desabilita_GPIOIM                        0x000003c3   Thumb Code     0  gpio.o(.text)
    Configura_GPIOIS                         0x000003cd   Thumb Code     0  gpio.o(.text)
    Configura_GPIOIBE                        0x000003d7   Thumb Code     0  gpio.o(.text)
    Configura_GPIOIEV                        0x000003e1   Thumb Code     0  gpio.o(.text)
    Configura_GPIOICR                        0x000003eb   Thumb Code     0  gpio.o(.text)
    Habilita_GPIOIM                          0x000003f5   Thumb Code     0  gpio.o(.text)
    Ativa_NVIC                               0x000003ff   Thumb Code     0  gpio.o(.text)
    GPIOPortJ_Handler                        0x0000041f   Thumb Code     0  gpio.o(.text)
    Start                                    0x00000531   Thumb Code     0  main.o(.text)
    PLL_Init                                 0x00000599   Thumb Code     0  utils.o(.text)
    SysTick_Init                             0x000006c1   Thumb Code     0  utils.o(.text)
    SysTick_Wait1ms                          0x000006fb   Thumb Code     0  utils.o(.text)
    Escreve_Display_Decimo                   0x0000078d   Thumb Code     0  display.o(.text)
    Escreve_Display_Unitario                 0x000007d1   Thumb Code     0  display.o(.text)
    Display1_Liga                            0x00000819   Thumb Code     0  display.o(.text)
    Display1_Desliga                         0x00000829   Thumb Code     0  display.o(.text)
    Display2_Liga                            0x00000839   Thumb Code     0  display.o(.text)
    Display2_Desliga                         0x00000849   Thumb Code     0  display.o(.text)
    Printa_0                                 0x00000859   Thumb Code     0  display.o(.text)
    Printa_1                                 0x00000871   Thumb Code     0  display.o(.text)
    Printa_2                                 0x00000889   Thumb Code     0  display.o(.text)
    Printa_3                                 0x000008a1   Thumb Code     0  display.o(.text)
    Printa_4                                 0x000008b9   Thumb Code     0  display.o(.text)
    Printa_5                                 0x000008d1   Thumb Code     0  display.o(.text)
    Printa_6                                 0x000008e9   Thumb Code     0  display.o(.text)
    Printa_7                                 0x00000901   Thumb Code     0  display.o(.text)
    Printa_8                                 0x00000919   Thumb Code     0  display.o(.text)
    Printa_9                                 0x00000931   Thumb Code     0  display.o(.text)
    Printa_A                                 0x00000949   Thumb Code     0  display.o(.text)
    Printa_B                                 0x00000961   Thumb Code     0  display.o(.text)
    Printa_C                                 0x00000979   Thumb Code     0  display.o(.text)
    Printa_D                                 0x00000991   Thumb Code     0  display.o(.text)
    Printa_E                                 0x000009a9   Thumb Code     0  display.o(.text)
    Printa_F                                 0x000009c1   Thumb Code     0  display.o(.text)
    Escreve_LEDs                             0x000009d9   Thumb Code     0  leds.o(.text)
    Acende_Leds                              0x00000a09   Thumb Code     0  leds.o(.text)
    Apaga_Leds                               0x00000a19   Thumb Code     0  leds.o(.text)



==============================================================================

Memory Map of the image

  Image Entry point : 0x00000209

  Load Region LR_1 (Base: 0x00000000, Size: 0x00000a28, Max: 0xffffffff, ABSOLUTE)

    Execution Region ER_RO (Exec base: 0x00000000, Load base: 0x00000000, Size: 0x00000a28, Max: 0xffffffff, ABSOLUTE)

    Exec Addr    Load Addr    Size         Type   Attr      Idx    E Section Name        Object

    0x00000000   0x00000000   0x00000220   Code   RO           12  * RESET               startup.o
    0x00000220   0x00000220   0x00000310   Code   RO            1    .text               gpio.o
    0x00000530   0x00000530   0x00000068   Code   RO            7    .text               main.o
    0x00000598   0x00000598   0x000001e4   Code   RO           19    .text               utils.o
    0x0000077c   0x0000077c   0x0000025c   Code   RO           22    .text               display.o
    0x000009d8   0x000009d8   0x00000050   Code   RO           25    .text               leds.o


    Execution Region ER_RW (Exec base: 0x20000000, Load base: 0x00000a28, Size: 0x00000000, Max: 0xffffffff, ABSOLUTE)

    **** No section assigned to this execution region ****


    Execution Region ER_ZI (Exec base: 0x20000000, Load base: 0x00000a28, Size: 0x00000400, Max: 0xffffffff, ABSOLUTE)

    Exec Addr    Load Addr    Size         Type   Attr      Idx    E Section Name        Object

    0x20000000        -       0x00000400   Zero   RW           10    STACK               startup.o


==============================================================================

Image component sizes


      Code (inc. data)   RO Data    RW Data    ZI Data      Debug   Object Name

       604         16          0          0          0        380   display.o
       784        186          0          0          0        476   gpio.o
        80          0          0          0          0        224   leds.o
       104          2          0          0          0        236   main.o
       544        520          0          0       1024        740   startup.o
       484         92          0          0          0        368   utils.o

    ----------------------------------------------------------------------
      2600        816          0          0       1024       2424   Object Totals
         0          0          0          0          0          0   (incl. Generated)
         0          0          0          0          0          0   (incl. Padding)

    ----------------------------------------------------------------------
         0          0          0          0          0          0   Library Totals
         0          0          0          0          0          0   (incl. Padding)

    ----------------------------------------------------------------------

==============================================================================


      Code (inc. data)   RO Data    RW Data    ZI Data      Debug   

      2600        816          0          0       1024       2424   Grand Totals
      2600        816          0          0       1024       2424   ELF Image Totals
      2600        816          0          0          0          0   ROM Totals

==============================================================================

    Total RO  Size (Code + RO Data)                 2600 (   2.54kB)
    Total RW  Size (RW Data + ZI Data)              1024 (   1.00kB)
    Total ROM Size (Code + RO Data + RW Data)       2600 (   2.54kB)

==============================================================================

