Component: Arm Compiler for Embedded 6.24 Tool: armlink [5f371500]

==============================================================================

Section Cross References

    startup.o(STACK) refers (Special) to heapauxi.o(.text) for __use_two_region_memory
    startup.o(HEAP) refers (Special) to heapauxi.o(.text) for __use_two_region_memory
    startup.o(RESET) refers (Special) to heapauxi.o(.text) for __use_two_region_memory
    startup.o(RESET) refers to startup.o(STACK) for StackMem
    startup.o(RESET) refers to main.o(.text.GPIOPortJ_Handler) for GPIOPortJ_Handler
    startup.o(RESET) refers to __main.o(!!!main) for __main
    startup.o(.text) refers (Special) to heapauxi.o(.text) for __use_two_region_memory
    startup.o(.text) refers to startup.o(HEAP) for HeapMem
    startup.o(.text) refers to startup.o(STACK) for StackMem
    main.o(.text.GPIOPortJ_Handler) refers to main.o(.bss.senhaMestraAtivada) for senhaMestraAtivada
    main.o(.ARM.exidx.text.GPIOPortJ_Handler) refers to main.o(.text.GPIOPortJ_Handler) for [Anonymous Symbol]
    main.o(.text.registraSenha) refers to teclado.o(.text.teclado_ler) for teclado_ler
    main.o(.text.registraSenha) refers to main.o(.bss.senha_index) for senha_index
    main.o(.text.registraSenha) refers to main.o(.data.senha) for senha
    main.o(.text.registraSenha) refers to utils.o(.text) for SysTick_Wait1ms
    main.o(.text.registraSenha) refers to main.o(.bss.count_display) for count_display
    main.o(.text.registraSenha) refers to main.o(.bss.estado) for estado
    main.o(.ARM.exidx.text.registraSenha) refers to main.o(.text.registraSenha) for [Anonymous Symbol]
    main.o(.text.verifica_senha) refers to main.o(.rodata.str1.1) for .L.str
    main.o(.text.verifica_senha) refers to lcd.o(.text.lcd_exibir_linha) for lcd_exibir_linha
    main.o(.text.verifica_senha) refers to utils.o(.text) for SysTick_Wait1ms
    main.o(.text.verifica_senha) refers to main.o(.data.senha) for senha
    main.o(.text.verifica_senha) refers to main.o(.data.input) for input
    main.o(.ARM.exidx.text.verifica_senha) refers to main.o(.text.verifica_senha) for [Anonymous Symbol]
    main.o(.text.leitura_senha) refers to teclado.o(.text.teclado_ler) for teclado_ler
    main.o(.text.leitura_senha) refers to main.o(.bss.input_index) for input_index
    main.o(.text.leitura_senha) refers to main.o(.data.input) for input
    main.o(.text.leitura_senha) refers to utils.o(.text) for SysTick_Wait1ms
    main.o(.text.leitura_senha) refers to main.o(.text.verifica_senha) for verifica_senha
    main.o(.text.leitura_senha) refers to main.o(.rodata.str1.1) for .L.str.2
    main.o(.text.leitura_senha) refers to lcd.o(.text.lcd_exibir_linha) for lcd_exibir_linha
    main.o(.text.leitura_senha) refers to main.o(.bss.conta_erros) for conta_erros
    main.o(.text.leitura_senha) refers to main.o(.bss.count_display) for count_display
    main.o(.text.leitura_senha) refers to main.o(.bss.estado) for estado
    main.o(.ARM.exidx.text.leitura_senha) refers to main.o(.text.leitura_senha) for [Anonymous Symbol]
    main.o(.text.aberto) refers to main.o(.text.registraSenha) for registraSenha
    main.o(.text.aberto) refers to utils.o(.text) for SysTick_Wait1ms
    main.o(.text.aberto) refers to main.o(.bss.count_display) for count_display
    main.o(.text.aberto) refers to main.o(.rodata.str1.1) for .L.str.6
    main.o(.text.aberto) refers to lcd.o(.text.lcd_exibir_linha) for lcd_exibir_linha
    main.o(.text.aberto) refers to main.o(.data.senha) for senha
    main.o(.ARM.exidx.text.aberto) refers to main.o(.text.aberto) for [Anonymous Symbol]
    main.o(.text.aberto_para_fechado) refers to main.o(.rodata.str1.1) for .L.str.9
    main.o(.text.aberto_para_fechado) refers to lcd.o(.text.lcd_exibir_linha) for lcd_exibir_linha
    main.o(.text.aberto_para_fechado) refers to utils.o(.text) for SysTick_Wait1ms
    main.o(.text.aberto_para_fechado) refers to motor.o(.text.ativarMotor) for ativarMotor
    main.o(.text.aberto_para_fechado) refers to main.o(.bss.estado) for estado
    main.o(.ARM.exidx.text.aberto_para_fechado) refers to main.o(.text.aberto_para_fechado) for [Anonymous Symbol]
    main.o(.text.fechado) refers to main.o(.text.leitura_senha) for leitura_senha
    main.o(.text.fechado) refers to utils.o(.text) for SysTick_Wait1ms
    main.o(.text.fechado) refers to main.o(.bss.count_display) for count_display
    main.o(.text.fechado) refers to main.o(.rodata.str1.1) for .L.str.11
    main.o(.text.fechado) refers to lcd.o(.text.lcd_exibir_linha) for lcd_exibir_linha
    main.o(.text.fechado) refers to main.o(.data.input) for input
    main.o(.text.fechado) refers to main.o(.bss.input_index) for input_index
    main.o(.ARM.exidx.text.fechado) refers to main.o(.text.fechado) for [Anonymous Symbol]
    main.o(.text.fechado_para_aberto) refers to main.o(.rodata.str1.1) for .L.str.13
    main.o(.text.fechado_para_aberto) refers to lcd.o(.text.lcd_exibir_linha) for lcd_exibir_linha
    main.o(.text.fechado_para_aberto) refers to utils.o(.text) for SysTick_Wait1ms
    main.o(.text.fechado_para_aberto) refers to motor.o(.text.ativarMotor) for ativarMotor
    main.o(.text.fechado_para_aberto) refers to main.o(.bss.estado) for estado
    main.o(.text.fechado_para_aberto) refers to main.o(.data.senha) for senha
    main.o(.ARM.exidx.text.fechado_para_aberto) refers to main.o(.text.fechado_para_aberto) for [Anonymous Symbol]
    main.o(.text.verifica_senha_mestra) refers to main.o(.rodata.str1.1) for .L.str
    main.o(.text.verifica_senha_mestra) refers to lcd.o(.text.lcd_exibir_linha) for lcd_exibir_linha
    main.o(.text.verifica_senha_mestra) refers to utils.o(.text) for SysTick_Wait1ms
    main.o(.text.verifica_senha_mestra) refers to main.o(.data.senha_mestra) for senha_mestra
    main.o(.text.verifica_senha_mestra) refers to main.o(.data.input) for input
    main.o(.text.verifica_senha_mestra) refers to main.o(.bss.count_display) for count_display
    main.o(.ARM.exidx.text.verifica_senha_mestra) refers to main.o(.text.verifica_senha_mestra) for [Anonymous Symbol]
    main.o(.text.leitura_senha_mestra) refers to teclado.o(.text.teclado_ler) for teclado_ler
    main.o(.text.leitura_senha_mestra) refers to main.o(.bss.input_index) for input_index
    main.o(.text.leitura_senha_mestra) refers to main.o(.data.input) for input
    main.o(.text.leitura_senha_mestra) refers to utils.o(.text) for SysTick_Wait1ms
    main.o(.text.leitura_senha_mestra) refers to main.o(.text.verifica_senha_mestra) for verifica_senha_mestra
    main.o(.text.leitura_senha_mestra) refers to main.o(.bss.estado) for estado
    main.o(.text.leitura_senha_mestra) refers to led.o(.text.desligarLeds) for desligarLeds
    main.o(.text.leitura_senha_mestra) refers to main.o(.bss.senhaMestraAtivada) for senhaMestraAtivada
    main.o(.ARM.exidx.text.leitura_senha_mestra) refers to main.o(.text.leitura_senha_mestra) for [Anonymous Symbol]
    main.o(.text.fechado_para_travado) refers to main.o(.rodata.str1.1) for .L.str.14
    main.o(.text.fechado_para_travado) refers to lcd.o(.text.lcd_exibir_linha) for lcd_exibir_linha
    main.o(.text.fechado_para_travado) refers to utils.o(.text) for SysTick_Wait1ms
    main.o(.text.fechado_para_travado) refers to main.o(.bss.estado) for estado
    main.o(.ARM.exidx.text.fechado_para_travado) refers to main.o(.text.fechado_para_travado) for [Anonymous Symbol]
    main.o(.text.travado) refers to utils.o(.text) for SysTick_Wait1ms
    main.o(.text.travado) refers to main.o(.bss.count_display) for count_display
    main.o(.text.travado) refers to led.o(.text.ligarLeds) for ligarLeds
    main.o(.text.travado) refers to led.o(.text.desligarLeds) for desligarLeds
    main.o(.text.travado) refers to main.o(.bss.senhaMestraAtivada) for senhaMestraAtivada
    main.o(.text.travado) refers to main.o(.rodata.str1.1) for .L.str.14
    main.o(.text.travado) refers to lcd.o(.text.lcd_exibir_linha) for lcd_exibir_linha
    main.o(.text.travado) refers to main.o(.text.leitura_senha_mestra) for leitura_senha_mestra
    main.o(.ARM.exidx.text.travado) refers to main.o(.text.travado) for [Anonymous Symbol]
    main.o(.text.main) refers to utils.o(.text) for PLL_Init
    main.o(.text.main) refers to gpio.o(.text.GPIO_Init) for GPIO_Init
    main.o(.text.main) refers to lcd.o(.text.lcd_config) for lcd_config
    main.o(.text.main) refers to gpio.o(.text.interrupts_init) for interrupts_init
    main.o(.text.main) refers to main.o(.rodata.str1.1) for .L.str.16
    main.o(.text.main) refers to lcd.o(.text.lcd_exibir_linha) for lcd_exibir_linha
    main.o(.text.main) refers to gpio.o(.text.PortB_Output) for PortB_Output
    main.o(.text.main) refers to main.o(.bss.estado) for estado
    main.o(.text.main) refers to main.o(.text.aberto) for aberto
    main.o(.text.main) refers to main.o(.text.aberto_para_fechado) for aberto_para_fechado
    main.o(.text.main) refers to main.o(.text.fechado) for fechado
    main.o(.text.main) refers to main.o(.text.fechado_para_aberto) for fechado_para_aberto
    main.o(.text.main) refers to main.o(.text.fechado_para_travado) for fechado_para_travado
    main.o(.text.main) refers to main.o(.text.travado) for travado
    main.o(.ARM.exidx.text.main) refers to main.o(.text.main) for [Anonymous Symbol]
    teclado.o(.text.teclado_ler) refers to gpio.o(.text.PortM_Output) for PortM_Output
    teclado.o(.text.teclado_ler) refers to utils.o(.text) for SysTick_Wait1us
    teclado.o(.text.teclado_ler) refers to gpio.o(.text.PortL_Input) for PortL_Input
    teclado.o(.ARM.exidx.text.teclado_ler) refers to teclado.o(.text.teclado_ler) for [Anonymous Symbol]
    gpio.o(.ARM.exidx.text.GPIO_Init) refers to gpio.o(.text.GPIO_Init) for [Anonymous Symbol]
    gpio.o(.ARM.exidx.text.interrupts_init) refers to gpio.o(.text.interrupts_init) for [Anonymous Symbol]
    gpio.o(.ARM.exidx.text.PortA_Output) refers to gpio.o(.text.PortA_Output) for [Anonymous Symbol]
    gpio.o(.ARM.exidx.text.PortB_Output) refers to gpio.o(.text.PortB_Output) for [Anonymous Symbol]
    gpio.o(.ARM.exidx.text.PortD_Output) refers to gpio.o(.text.PortD_Output) for [Anonymous Symbol]
    gpio.o(.ARM.exidx.text.PortE_Output) refers to gpio.o(.text.PortE_Output) for [Anonymous Symbol]
    gpio.o(.ARM.exidx.text.PortE_Input) refers to gpio.o(.text.PortE_Input) for [Anonymous Symbol]
    gpio.o(.ARM.exidx.text.PortF_Output) refers to gpio.o(.text.PortF_Output) for [Anonymous Symbol]
    gpio.o(.ARM.exidx.text.PortH_Output) refers to gpio.o(.text.PortH_Output) for [Anonymous Symbol]
    gpio.o(.ARM.exidx.text.PortJ_Input) refers to gpio.o(.text.PortJ_Input) for [Anonymous Symbol]
    gpio.o(.ARM.exidx.text.PortK_Output) refers to gpio.o(.text.PortK_Output) for [Anonymous Symbol]
    gpio.o(.ARM.exidx.text.PortL_Output) refers to gpio.o(.text.PortL_Output) for [Anonymous Symbol]
    gpio.o(.ARM.exidx.text.PortL_Input) refers to gpio.o(.text.PortL_Input) for [Anonymous Symbol]
    gpio.o(.ARM.exidx.text.PortM_Output) refers to gpio.o(.text.PortM_Output) for [Anonymous Symbol]
    gpio.o(.ARM.exidx.text.PortN_Output) refers to gpio.o(.text.PortN_Output) for [Anonymous Symbol]
    gpio.o(.ARM.exidx.text.PortP_Output) refers to gpio.o(.text.PortP_Output) for [Anonymous Symbol]
    gpio.o(.ARM.exidx.text.PortQ_Output) refers to gpio.o(.text.PortQ_Output) for [Anonymous Symbol]
    lcd.o(.text.lcd_config) refers to lcd.o(.text.lcd_enviar_cmd) for lcd_enviar_cmd
    lcd.o(.text.lcd_config) refers to utils.o(.text) for SysTick_Wait1us
    lcd.o(.ARM.exidx.text.lcd_config) refers to lcd.o(.text.lcd_config) for [Anonymous Symbol]
    lcd.o(.text.lcd_enviar_cmd) refers to gpio.o(.text.PortK_Output) for PortK_Output
    lcd.o(.text.lcd_enviar_cmd) refers to gpio.o(.text.PortM_Output) for PortM_Output
    lcd.o(.text.lcd_enviar_cmd) refers to utils.o(.text) for SysTick_Wait1us
    lcd.o(.ARM.exidx.text.lcd_enviar_cmd) refers to lcd.o(.text.lcd_enviar_cmd) for [Anonymous Symbol]
    lcd.o(.text.lcd_escrever_data) refers to gpio.o(.text.PortK_Output) for PortK_Output
    lcd.o(.text.lcd_escrever_data) refers to gpio.o(.text.PortM_Output) for PortM_Output
    lcd.o(.text.lcd_escrever_data) refers to utils.o(.text) for SysTick_Wait1us
    lcd.o(.ARM.exidx.text.lcd_escrever_data) refers to lcd.o(.text.lcd_escrever_data) for [Anonymous Symbol]
    lcd.o(.text.lcd_escrever_string) refers to lcd.o(.text.lcd_escrever_data) for lcd_escrever_data
    lcd.o(.ARM.exidx.text.lcd_escrever_string) refers to lcd.o(.text.lcd_escrever_string) for [Anonymous Symbol]
    lcd.o(.text.lcd_exibir_linha) refers to lcd.o(.bss.lcd_exibir_linha.ultima_linha0) for lcd_exibir_linha.ultima_linha0
    lcd.o(.text.lcd_exibir_linha) refers to strcmpv7em.o(.text) for strcmp
    lcd.o(.text.lcd_exibir_linha) refers to strncpy.o(.text) for strncpy
    lcd.o(.text.lcd_exibir_linha) refers to lcd.o(.bss.lcd_exibir_linha.ultima_linha1) for lcd_exibir_linha.ultima_linha1
    lcd.o(.text.lcd_exibir_linha) refers to lcd.o(.text.lcd_enviar_cmd) for lcd_enviar_cmd
    lcd.o(.text.lcd_exibir_linha) refers to lcd.o(.text.lcd_escrever_string) for lcd_escrever_string
    lcd.o(.ARM.exidx.text.lcd_exibir_linha) refers to lcd.o(.text.lcd_exibir_linha) for [Anonymous Symbol]
    motor.o(.text.ativarMotor) refers to motor.o(.rodata.sequenciaPassoCompleto) for sequenciaPassoCompleto
    motor.o(.text.ativarMotor) refers to motor.o(.rodata.sequenciaMeioPasso) for sequenciaMeioPasso
    motor.o(.text.ativarMotor) refers to gpio.o(.text.PortH_Output) for PortH_Output
    motor.o(.text.ativarMotor) refers to utils.o(.text) for SysTick_Wait1ms
    motor.o(.ARM.exidx.text.ativarMotor) refers to motor.o(.text.ativarMotor) for [Anonymous Symbol]
    led.o(.text.ligarLeds) refers to gpio.o(.text.PortQ_Output) for PortQ_Output
    led.o(.text.ligarLeds) refers to gpio.o(.text.PortA_Output) for PortA_Output
    led.o(.text.ligarLeds) refers to gpio.o(.text.PortP_Output) for PortP_Output
    led.o(.ARM.exidx.text.ligarLeds) refers to led.o(.text.ligarLeds) for [Anonymous Symbol]
    led.o(.text.desligarLeds) refers to gpio.o(.text.PortQ_Output) for PortQ_Output
    led.o(.text.desligarLeds) refers to gpio.o(.text.PortA_Output) for PortA_Output
    led.o(.text.desligarLeds) refers to gpio.o(.text.PortP_Output) for PortP_Output
    led.o(.ARM.exidx.text.desligarLeds) refers to led.o(.text.desligarLeds) for [Anonymous Symbol]
    strncpy.o(.text) refers to rt_memclr.o(.text) for __aeabi_memclr
    __main.o(!!!main) refers to __rtentry.o(.ARM.Collect$$rtentry$$00000000) for __rt_entry
    __rtentry.o(.ARM.Collect$$rtentry$$00000000) refers (Special) to __rtentry2.o(.ARM.Collect$$rtentry$$0000000A) for __rt_entry_li
    __rtentry.o(.ARM.Collect$$rtentry$$00000000) refers (Special) to __rtentry2.o(.ARM.Collect$$rtentry$$0000000D) for __rt_entry_main
    __rtentry.o(.ARM.Collect$$rtentry$$00000000) refers (Special) to __rtentry2.o(.ARM.Collect$$rtentry$$0000000C) for __rt_entry_postli_1
    __rtentry.o(.ARM.Collect$$rtentry$$00000000) refers (Special) to __rtentry2.o(.ARM.Collect$$rtentry$$00000009) for __rt_entry_postsh_1
    __rtentry.o(.ARM.Collect$$rtentry$$00000000) refers (Special) to __rtentry2.o(.ARM.Collect$$rtentry$$00000002) for __rt_entry_presh_1
    __rtentry.o(.ARM.Collect$$rtentry$$00000000) refers (Special) to __rtentry4.o(.ARM.Collect$$rtentry$$00000004) for __rt_entry_sh
    rt_memclr.o(.text) refers to rt_memclr_w.o(.text) for _memset_w
    __rtentry2.o(.ARM.Collect$$rtentry$$00000008) refers to boardinit2.o(.text) for _platform_post_stackheap_init
    __rtentry2.o(.ARM.Collect$$rtentry$$0000000A) refers to libinit.o(.ARM.Collect$$libinit$$00000000) for __rt_lib_init
    __rtentry2.o(.ARM.Collect$$rtentry$$0000000B) refers to boardinit3.o(.text) for _platform_post_lib_init
    __rtentry2.o(.ARM.Collect$$rtentry$$0000000D) refers to main.o(.text.main) for main
    __rtentry2.o(.ARM.Collect$$rtentry$$0000000D) refers to exit.o(.text) for exit
    __rtentry2.o(.ARM.exidx) refers to __rtentry2.o(.ARM.Collect$$rtentry$$00000001) for .ARM.Collect$$rtentry$$00000001
    __rtentry2.o(.ARM.exidx) refers to __rtentry2.o(.ARM.Collect$$rtentry$$00000008) for .ARM.Collect$$rtentry$$00000008
    __rtentry2.o(.ARM.exidx) refers to __rtentry2.o(.ARM.Collect$$rtentry$$0000000A) for .ARM.Collect$$rtentry$$0000000A
    __rtentry2.o(.ARM.exidx) refers to __rtentry2.o(.ARM.Collect$$rtentry$$0000000B) for .ARM.Collect$$rtentry$$0000000B
    __rtentry2.o(.ARM.exidx) refers to __rtentry2.o(.ARM.Collect$$rtentry$$0000000D) for .ARM.Collect$$rtentry$$0000000D
    __rtentry4.o(.ARM.Collect$$rtentry$$00000004) refers to sys_stackheap_outer.o(.text) for __user_setup_stackheap
    __rtentry4.o(.ARM.exidx) refers to __rtentry4.o(.ARM.Collect$$rtentry$$00000004) for .ARM.Collect$$rtentry$$00000004
    sys_stackheap_outer.o(.text) refers to libspace.o(.text) for __user_perproc_libspace
    sys_stackheap_outer.o(.text) refers to startup.o(.text) for __user_initial_stackheap
    exit.o(.text) refers to rtexit.o(.ARM.Collect$$rtexit$$00000000) for __rt_exit
    libinit.o(.ARM.Collect$$libinit$$00000000) refers (Special) to libinit2.o(.ARM.Collect$$libinit$$00000030) for __rt_lib_init_alloca_1
    libinit.o(.ARM.Collect$$libinit$$00000000) refers (Special) to libinit2.o(.ARM.Collect$$libinit$$0000002E) for __rt_lib_init_argv_1
    libinit.o(.ARM.Collect$$libinit$$00000000) refers (Special) to libinit2.o(.ARM.Collect$$libinit$$0000001D) for __rt_lib_init_atexit_1
    libinit.o(.ARM.Collect$$libinit$$00000000) refers (Special) to libinit2.o(.ARM.Collect$$libinit$$00000023) for __rt_lib_init_clock_1
    libinit.o(.ARM.Collect$$libinit$$00000000) refers (Special) to libinit2.o(.ARM.Collect$$libinit$$00000034) for __rt_lib_init_cpp_1
    libinit.o(.ARM.Collect$$libinit$$00000000) refers (Special) to libinit2.o(.ARM.Collect$$libinit$$00000032) for __rt_lib_init_exceptions_1
    libinit.o(.ARM.Collect$$libinit$$00000000) refers (Special) to libinit2.o(.ARM.Collect$$libinit$$00000001) for __rt_lib_init_fp_1
    libinit.o(.ARM.Collect$$libinit$$00000000) refers (Special) to libinit2.o(.ARM.Collect$$libinit$$00000021) for __rt_lib_init_fp_trap_1
    libinit.o(.ARM.Collect$$libinit$$00000000) refers (Special) to libinit2.o(.ARM.Collect$$libinit$$00000025) for __rt_lib_init_getenv_1
    libinit.o(.ARM.Collect$$libinit$$00000000) refers (Special) to libinit2.o(.ARM.Collect$$libinit$$0000000C) for __rt_lib_init_heap_1
    libinit.o(.ARM.Collect$$libinit$$00000000) refers (Special) to libinit2.o(.ARM.Collect$$libinit$$00000013) for __rt_lib_init_lc_collate_1
    libinit.o(.ARM.Collect$$libinit$$00000000) refers (Special) to libinit2.o(.ARM.Collect$$libinit$$00000015) for __rt_lib_init_lc_ctype_1
    libinit.o(.ARM.Collect$$libinit$$00000000) refers (Special) to libinit2.o(.ARM.Collect$$libinit$$00000017) for __rt_lib_init_lc_monetary_1
    libinit.o(.ARM.Collect$$libinit$$00000000) refers (Special) to libinit2.o(.ARM.Collect$$libinit$$00000019) for __rt_lib_init_lc_numeric_1
    libinit.o(.ARM.Collect$$libinit$$00000000) refers (Special) to libinit2.o(.ARM.Collect$$libinit$$0000001B) for __rt_lib_init_lc_time_1
    libinit.o(.ARM.Collect$$libinit$$00000000) refers (Special) to libinit2.o(.ARM.Collect$$libinit$$00000006) for __rt_lib_init_preinit_1
    libinit.o(.ARM.Collect$$libinit$$00000000) refers (Special) to libinit2.o(.ARM.Collect$$libinit$$00000010) for __rt_lib_init_rand_1
    libinit.o(.ARM.Collect$$libinit$$00000000) refers (Special) to libinit2.o(.ARM.Collect$$libinit$$00000004) for __rt_lib_init_relocate_pie_1
    libinit.o(.ARM.Collect$$libinit$$00000000) refers (Special) to libinit2.o(.ARM.Collect$$libinit$$00000035) for __rt_lib_init_return
    libinit.o(.ARM.Collect$$libinit$$00000000) refers (Special) to libinit2.o(.ARM.Collect$$libinit$$0000001F) for __rt_lib_init_signal_1
    libinit.o(.ARM.Collect$$libinit$$00000000) refers (Special) to libinit2.o(.ARM.Collect$$libinit$$00000027) for __rt_lib_init_stdio_1
    libinit.o(.ARM.Collect$$libinit$$00000000) refers (Special) to libinit2.o(.ARM.Collect$$libinit$$0000000E) for __rt_lib_init_user_alloc_1
    libspace.o(.text) refers to libspace.o(.bss) for __libspace_start
    rtexit.o(.ARM.Collect$$rtexit$$00000000) refers (Special) to rtexit2.o(.ARM.Collect$$rtexit$$00000004) for __rt_exit_exit
    rtexit.o(.ARM.Collect$$rtexit$$00000000) refers (Special) to rtexit2.o(.ARM.Collect$$rtexit$$00000003) for __rt_exit_ls
    rtexit.o(.ARM.Collect$$rtexit$$00000000) refers (Special) to rtexit2.o(.ARM.Collect$$rtexit$$00000002) for __rt_exit_prels_1
    rtexit.o(.ARM.exidx) refers (Special) to rtexit2.o(.ARM.Collect$$rtexit$$00000004) for __rt_exit_exit
    rtexit.o(.ARM.exidx) refers (Special) to rtexit2.o(.ARM.Collect$$rtexit$$00000003) for __rt_exit_ls
    rtexit.o(.ARM.exidx) refers (Special) to rtexit2.o(.ARM.Collect$$rtexit$$00000002) for __rt_exit_prels_1
    rtexit.o(.ARM.exidx) refers to rtexit.o(.ARM.Collect$$rtexit$$00000000) for .ARM.Collect$$rtexit$$00000000
    libinit2.o(.ARM.Collect$$libinit$$00000001) refers to fpinit.o(x$fpl$fpinit) for _fp_init
    libinit2.o(.ARM.Collect$$libinit$$00000012) refers to libinit2.o(.ARM.Collect$$libinit$$00000011) for .ARM.Collect$$libinit$$00000011
    libinit2.o(.ARM.Collect$$libinit$$00000014) refers to libinit2.o(.ARM.Collect$$libinit$$00000011) for .ARM.Collect$$libinit$$00000011
    libinit2.o(.ARM.Collect$$libinit$$00000016) refers to libinit2.o(.ARM.Collect$$libinit$$00000011) for .ARM.Collect$$libinit$$00000011
    libinit2.o(.ARM.Collect$$libinit$$00000018) refers to libinit2.o(.ARM.Collect$$libinit$$00000011) for .ARM.Collect$$libinit$$00000011
    libinit2.o(.ARM.Collect$$libinit$$0000001A) refers to libinit2.o(.ARM.Collect$$libinit$$00000011) for .ARM.Collect$$libinit$$00000011
    libinit2.o(.ARM.Collect$$libinit$$00000028) refers to argv_veneer.o(.emb_text) for __ARM_argv_veneer
    libinit2.o(.ARM.Collect$$libinit$$00000029) refers to argv_veneer.o(.emb_text) for __ARM_argv_veneer
    rtexit2.o(.ARM.Collect$$rtexit$$00000003) refers to libshutdown.o(.ARM.Collect$$libshutdown$$00000000) for __rt_lib_shutdown
    rtexit2.o(.ARM.Collect$$rtexit$$00000004) refers to sys_exit.o(.text) for _sys_exit
    rtexit2.o(.ARM.exidx) refers to rtexit2.o(.ARM.Collect$$rtexit$$00000001) for .ARM.Collect$$rtexit$$00000001
    rtexit2.o(.ARM.exidx) refers to rtexit2.o(.ARM.Collect$$rtexit$$00000003) for .ARM.Collect$$rtexit$$00000003
    rtexit2.o(.ARM.exidx) refers to rtexit2.o(.ARM.Collect$$rtexit$$00000004) for .ARM.Collect$$rtexit$$00000004
    argv_veneer.o(.emb_text) refers to no_argv.o(.text) for __ARM_get_argv
    sys_exit.o(.text) refers (Special) to use_no_semi.o(.text) for __I$use$semihosting
    sys_exit.o(.text) refers (Special) to indicate_semi.o(.text) for __semihosting_library_function
    sys_exit_hlt.o(.text) refers (Special) to use_no_semi.o(.text) for __I$use$semihosting
    sys_exit_hlt.o(.text) refers (Special) to indicate_semi.o(.text) for __semihosting_library_function
    _get_argv_nomalloc.o(.text) refers (Special) to hrguard.o(.text) for __heap_region$guard
    _get_argv_nomalloc.o(.text) refers to defsig_rtmem_outer.o(.text) for __rt_SIGRTMEM
    _get_argv_nomalloc.o(.text) refers to sys_command.o(.text) for _sys_command_string
    libshutdown.o(.ARM.Collect$$libshutdown$$00000000) refers (Special) to libshutdown2.o(.ARM.Collect$$libshutdown$$00000002) for __rt_lib_shutdown_cpp_1
    libshutdown.o(.ARM.Collect$$libshutdown$$00000000) refers (Special) to libshutdown2.o(.ARM.Collect$$libshutdown$$00000007) for __rt_lib_shutdown_fp_trap_1
    libshutdown.o(.ARM.Collect$$libshutdown$$00000000) refers (Special) to libshutdown2.o(.ARM.Collect$$libshutdown$$0000000F) for __rt_lib_shutdown_heap_1
    libshutdown.o(.ARM.Collect$$libshutdown$$00000000) refers (Special) to libshutdown2.o(.ARM.Collect$$libshutdown$$00000010) for __rt_lib_shutdown_return
    libshutdown.o(.ARM.Collect$$libshutdown$$00000000) refers (Special) to libshutdown2.o(.ARM.Collect$$libshutdown$$0000000A) for __rt_lib_shutdown_signal_1
    libshutdown.o(.ARM.Collect$$libshutdown$$00000000) refers (Special) to libshutdown2.o(.ARM.Collect$$libshutdown$$00000004) for __rt_lib_shutdown_stdio_1
    libshutdown.o(.ARM.Collect$$libshutdown$$00000000) refers (Special) to libshutdown2.o(.ARM.Collect$$libshutdown$$0000000C) for __rt_lib_shutdown_user_alloc_1
    sys_command.o(.text) refers (Special) to use_no_semi.o(.text) for __I$use$semihosting
    sys_command.o(.text) refers (Special) to indicate_semi.o(.text) for __semihosting_library_function
    sys_command_hlt.o(.text) refers (Special) to use_no_semi.o(.text) for __I$use$semihosting
    sys_command_hlt.o(.text) refers (Special) to indicate_semi.o(.text) for __semihosting_library_function
    defsig_rtmem_outer.o(.text) refers to defsig_rtmem_inner.o(.text) for __rt_SIGRTMEM_inner
    defsig_rtmem_outer.o(.text) refers to defsig_exit.o(.text) for __sig_exit
    defsig_rtmem_formal.o(.text) refers to rt_raise.o(.text) for __rt_raise
    rt_raise.o(.text) refers to __raise.o(.text) for __raise
    rt_raise.o(.text) refers to sys_exit.o(.text) for _sys_exit
    defsig_exit.o(.text) refers to sys_exit.o(.text) for _sys_exit
    defsig_rtmem_inner.o(.text) refers to defsig_general.o(.text) for __default_signal_display
    __raise.o(.text) refers to defsig.o(CL$$defsig) for __default_signal_handler
    defsig_general.o(.text) refers to sys_wrch.o(.text) for _ttywrch
    sys_wrch.o(.text) refers (Special) to use_no_semi.o(.text) for __I$use$semihosting
    sys_wrch.o(.text) refers (Special) to indicate_semi.o(.text) for __semihosting_library_function
    sys_wrch_hlt.o(.text) refers (Special) to use_no_semi.o(.text) for __I$use$semihosting
    sys_wrch_hlt.o(.text) refers (Special) to indicate_semi.o(.text) for __semihosting_library_function
    defsig.o(CL$$defsig) refers to defsig_rtmem_inner.o(.text) for __rt_SIGRTMEM_inner
    defsig_abrt_inner.o(.text) refers to defsig_general.o(.text) for __default_signal_display
    defsig_fpe_inner.o(.text) refers to defsig_general.o(.text) for __default_signal_display
    defsig_rtred_inner.o(.text) refers to defsig_general.o(.text) for __default_signal_display
    defsig_stak_inner.o(.text) refers to defsig_general.o(.text) for __default_signal_display
    defsig_pvfn_inner.o(.text) refers to defsig_general.o(.text) for __default_signal_display
    defsig_cppl_inner.o(.text) refers to defsig_general.o(.text) for __default_signal_display
    defsig_segv_inner.o(.text) refers to defsig_general.o(.text) for __default_signal_display
    defsig_other.o(.text) refers to defsig_general.o(.text) for __default_signal_display


==============================================================================

Removing Unused input sections from the image.

    Removing main.o(.text), (0 bytes).
    Removing main.o(.ARM.exidx.text.GPIOPortJ_Handler), (8 bytes).
    Removing main.o(.ARM.exidx.text.registraSenha), (8 bytes).
    Removing main.o(.ARM.exidx.text.verifica_senha), (8 bytes).
    Removing main.o(.ARM.exidx.text.leitura_senha), (8 bytes).
    Removing main.o(.ARM.exidx.text.aberto), (8 bytes).
    Removing main.o(.ARM.exidx.text.aberto_para_fechado), (8 bytes).
    Removing main.o(.ARM.exidx.text.fechado), (8 bytes).
    Removing main.o(.ARM.exidx.text.fechado_para_aberto), (8 bytes).
    Removing main.o(.ARM.exidx.text.verifica_senha_mestra), (8 bytes).
    Removing main.o(.ARM.exidx.text.leitura_senha_mestra), (8 bytes).
    Removing main.o(.ARM.exidx.text.fechado_para_travado), (8 bytes).
    Removing main.o(.ARM.exidx.text.travado), (8 bytes).
    Removing main.o(.ARM.exidx.text.main), (8 bytes).
    Removing main.o(.ARM.use_no_argv), (4 bytes).
    Removing teclado.o(.text), (0 bytes).
    Removing teclado.o(.ARM.exidx.text.teclado_ler), (8 bytes).
    Removing teclado.o(.rodata.cst4), (4 bytes).
    Removing teclado.o(.rodata.cst16), (16 bytes).
    Removing gpio.o(.text), (0 bytes).
    Removing gpio.o(.ARM.exidx.text.GPIO_Init), (8 bytes).
    Removing gpio.o(.ARM.exidx.text.interrupts_init), (8 bytes).
    Removing gpio.o(.ARM.exidx.text.PortA_Output), (8 bytes).
    Removing gpio.o(.ARM.exidx.text.PortB_Output), (8 bytes).
    Removing gpio.o(.text.PortD_Output), (32 bytes).
    Removing gpio.o(.ARM.exidx.text.PortD_Output), (8 bytes).
    Removing gpio.o(.text.PortE_Output), (32 bytes).
    Removing gpio.o(.ARM.exidx.text.PortE_Output), (8 bytes).
    Removing gpio.o(.text.PortE_Input), (16 bytes).
    Removing gpio.o(.ARM.exidx.text.PortE_Input), (8 bytes).
    Removing gpio.o(.text.PortF_Output), (20 bytes).
    Removing gpio.o(.ARM.exidx.text.PortF_Output), (8 bytes).
    Removing gpio.o(.ARM.exidx.text.PortH_Output), (8 bytes).
    Removing gpio.o(.text.PortJ_Input), (12 bytes).
    Removing gpio.o(.ARM.exidx.text.PortJ_Input), (8 bytes).
    Removing gpio.o(.ARM.exidx.text.PortK_Output), (8 bytes).
    Removing gpio.o(.text.PortL_Output), (32 bytes).
    Removing gpio.o(.ARM.exidx.text.PortL_Output), (8 bytes).
    Removing gpio.o(.ARM.exidx.text.PortL_Input), (8 bytes).
    Removing gpio.o(.ARM.exidx.text.PortM_Output), (8 bytes).
    Removing gpio.o(.text.PortN_Output), (20 bytes).
    Removing gpio.o(.ARM.exidx.text.PortN_Output), (8 bytes).
    Removing gpio.o(.ARM.exidx.text.PortP_Output), (8 bytes).
    Removing gpio.o(.ARM.exidx.text.PortQ_Output), (8 bytes).
    Removing lcd.o(.text), (0 bytes).
    Removing lcd.o(.ARM.exidx.text.lcd_config), (8 bytes).
    Removing lcd.o(.ARM.exidx.text.lcd_enviar_cmd), (8 bytes).
    Removing lcd.o(.ARM.exidx.text.lcd_escrever_data), (8 bytes).
    Removing lcd.o(.ARM.exidx.text.lcd_escrever_string), (8 bytes).
    Removing lcd.o(.ARM.exidx.text.lcd_exibir_linha), (8 bytes).
    Removing motor.o(.text), (0 bytes).
    Removing motor.o(.ARM.exidx.text.ativarMotor), (8 bytes).
    Removing led.o(.text), (0 bytes).
    Removing led.o(.ARM.exidx.text.ligarLeds), (8 bytes).
    Removing led.o(.ARM.exidx.text.desligarLeds), (8 bytes).

55 unused section(s) (total 500 bytes) removed from the image.

==============================================================================

Image Symbol Table

    Local Symbols

    Symbol Name                              Value     Ov Type        Size  Object(Section)

    ../clib/angel/boardlib.s                 0x00000000   Number         0  boardinit1.o ABSOLUTE
    ../clib/angel/boardlib.s                 0x00000000   Number         0  boardinit2.o ABSOLUTE
    ../clib/angel/boardlib.s                 0x00000000   Number         0  boardinit3.o ABSOLUTE
    ../clib/angel/boardlib.s                 0x00000000   Number         0  boardshut.o ABSOLUTE
    ../clib/angel/handlers.s                 0x00000000   Number         0  __scatter_copy.o ABSOLUTE
    ../clib/angel/handlers.s                 0x00000000   Number         0  __scatter_zi.o ABSOLUTE
    ../clib/angel/kernel.s                   0x00000000   Number         0  __rtentry.o ABSOLUTE
    ../clib/angel/kernel.s                   0x00000000   Number         0  __rtentry2.o ABSOLUTE
    ../clib/angel/kernel.s                   0x00000000   Number         0  __rtentry4.o ABSOLUTE
    ../clib/angel/kernel.s                   0x00000000   Number         0  rtexit.o ABSOLUTE
    ../clib/angel/kernel.s                   0x00000000   Number         0  rtexit2.o ABSOLUTE
    ../clib/angel/rt.s                       0x00000000   Number         0  rt_raise.o ABSOLUTE
    ../clib/angel/scatter.s                  0x00000000   Number         0  __scatter.o ABSOLUTE
    ../clib/angel/startup.s                  0x00000000   Number         0  __main.o ABSOLUTE
    ../clib/angel/sys.s                      0x00000000   Number         0  sys_stackheap_outer.o ABSOLUTE
    ../clib/angel/sys.s                      0x00000000   Number         0  libspace.o ABSOLUTE
    ../clib/angel/sys.s                      0x00000000   Number         0  use_no_semi.o ABSOLUTE
    ../clib/angel/sys.s                      0x00000000   Number         0  indicate_semi.o ABSOLUTE
    ../clib/angel/sysapp.c                   0x00000000   Number         0  sys_exit.o ABSOLUTE
    ../clib/angel/sysapp.c                   0x00000000   Number         0  sys_exit_hlt.o ABSOLUTE
    ../clib/angel/sysapp.c                   0x00000000   Number         0  sys_command.o ABSOLUTE
    ../clib/angel/sysapp.c                   0x00000000   Number         0  sys_command_hlt.o ABSOLUTE
    ../clib/angel/sysapp.c                   0x00000000   Number         0  sys_wrch.o ABSOLUTE
    ../clib/angel/sysapp.c                   0x00000000   Number         0  sys_wrch_hlt.o ABSOLUTE
    ../clib/armsys.c                         0x00000000   Number         0  argv_veneer.o ABSOLUTE
    ../clib/armsys.c                         0x00000000   Number         0  argv_veneer.o ABSOLUTE
    ../clib/armsys.c                         0x00000000   Number         0  _get_argv_nomalloc.o ABSOLUTE
    ../clib/armsys.c                         0x00000000   Number         0  no_argv.o ABSOLUTE
    ../clib/heapalloc.c                      0x00000000   Number         0  hrguard.o ABSOLUTE
    ../clib/heapaux.c                        0x00000000   Number         0  heapauxi.o ABSOLUTE
    ../clib/libinit.s                        0x00000000   Number         0  libinit.o ABSOLUTE
    ../clib/libinit.s                        0x00000000   Number         0  libinit2.o ABSOLUTE
    ../clib/libinit.s                        0x00000000   Number         0  libshutdown.o ABSOLUTE
    ../clib/libinit.s                        0x00000000   Number         0  libshutdown2.o ABSOLUTE
    ../clib/memcpset.s                       0x00000000   Number         0  strncpy.o ABSOLUTE
    ../clib/memcpset.s                       0x00000000   Number         0  strcmpv7em.o ABSOLUTE
    ../clib/memcpset.s                       0x00000000   Number         0  rt_memclr.o ABSOLUTE
    ../clib/memcpset.s                       0x00000000   Number         0  rt_memclr_w.o ABSOLUTE
    ../clib/signal.c                         0x00000000   Number         0  defsig_rtmem_outer.o ABSOLUTE
    ../clib/signal.c                         0x00000000   Number         0  defsig_rtmem_formal.o ABSOLUTE
    ../clib/signal.c                         0x00000000   Number         0  defsig_exit.o ABSOLUTE
    ../clib/signal.c                         0x00000000   Number         0  defsig_rtmem_inner.o ABSOLUTE
    ../clib/signal.c                         0x00000000   Number         0  __raise.o ABSOLUTE
    ../clib/signal.c                         0x00000000   Number         0  defsig_general.o ABSOLUTE
    ../clib/signal.c                         0x00000000   Number         0  defsig_abrt_inner.o ABSOLUTE
    ../clib/signal.c                         0x00000000   Number         0  defsig_fpe_inner.o ABSOLUTE
    ../clib/signal.c                         0x00000000   Number         0  defsig_rtred_inner.o ABSOLUTE
    ../clib/signal.c                         0x00000000   Number         0  defsig_stak_inner.o ABSOLUTE
    ../clib/signal.c                         0x00000000   Number         0  defsig_pvfn_inner.o ABSOLUTE
    ../clib/signal.c                         0x00000000   Number         0  defsig_cppl_inner.o ABSOLUTE
    ../clib/signal.c                         0x00000000   Number         0  defsig_segv_inner.o ABSOLUTE
    ../clib/signal.c                         0x00000000   Number         0  defsig_other.o ABSOLUTE
    ../clib/signal.s                         0x00000000   Number         0  defsig.o ABSOLUTE
    ../clib/stdlib.c                         0x00000000   Number         0  exit.o ABSOLUTE
    ../fplib/fpinit.s                        0x00000000   Number         0  fpinit.o ABSOLUTE
    LCD.c                                    0x00000000   Number         0  lcd.o ABSOLUTE
    dc.s                                     0x00000000   Number         0  dc.o ABSOLUTE
    gpio.c                                   0x00000000   Number         0  gpio.o ABSOLUTE
    led.c                                    0x00000000   Number         0  led.o ABSOLUTE
    main.c                                   0x00000000   Number         0  main.o ABSOLUTE
    motor.c                                  0x00000000   Number         0  motor.o ABSOLUTE
    startup.s                                0x00000000   Number         0  startup.o ABSOLUTE
    teclado.c                                0x00000000   Number         0  teclado.o ABSOLUTE
    utils.s                                  0x00000000   Number         0  utils.o ABSOLUTE
    RESET                                    0x00000000   Section      560  startup.o(RESET)
    $v0                                      0x00000208   Number         0  startup.o(RESET)
    !!!main                                  0x00000230   Section        8  __main.o(!!!main)
    !!!scatter                               0x00000238   Section       92  __scatter.o(!!!scatter)
    !!handler_copy                           0x00000294   Section       26  __scatter_copy.o(!!handler_copy)
    !!handler_null                           0x000002b0   Section        2  __scatter.o(!!handler_null)
    !!handler_zi                             0x000002b4   Section       28  __scatter_zi.o(!!handler_zi)
    .ARM.Collect$$libinit$$00000000          0x000002d0   Section        2  libinit.o(.ARM.Collect$$libinit$$00000000)
    .ARM.Collect$$libinit$$00000001          0x000002d2   Section        4  libinit2.o(.ARM.Collect$$libinit$$00000001)
    .ARM.Collect$$libinit$$00000004          0x000002d6   Section        0  libinit2.o(.ARM.Collect$$libinit$$00000004)
    .ARM.Collect$$libinit$$00000006          0x000002d6   Section        0  libinit2.o(.ARM.Collect$$libinit$$00000006)
    .ARM.Collect$$libinit$$0000000C          0x000002d6   Section        0  libinit2.o(.ARM.Collect$$libinit$$0000000C)
    .ARM.Collect$$libinit$$0000000E          0x000002d6   Section        0  libinit2.o(.ARM.Collect$$libinit$$0000000E)
    .ARM.Collect$$libinit$$00000010          0x000002d6   Section        0  libinit2.o(.ARM.Collect$$libinit$$00000010)
    .ARM.Collect$$libinit$$00000013          0x000002d6   Section        0  libinit2.o(.ARM.Collect$$libinit$$00000013)
    .ARM.Collect$$libinit$$00000015          0x000002d6   Section        0  libinit2.o(.ARM.Collect$$libinit$$00000015)
    .ARM.Collect$$libinit$$00000017          0x000002d6   Section        0  libinit2.o(.ARM.Collect$$libinit$$00000017)
    .ARM.Collect$$libinit$$00000019          0x000002d6   Section        0  libinit2.o(.ARM.Collect$$libinit$$00000019)
    .ARM.Collect$$libinit$$0000001B          0x000002d6   Section        0  libinit2.o(.ARM.Collect$$libinit$$0000001B)
    .ARM.Collect$$libinit$$0000001D          0x000002d6   Section        0  libinit2.o(.ARM.Collect$$libinit$$0000001D)
    .ARM.Collect$$libinit$$0000001F          0x000002d6   Section        0  libinit2.o(.ARM.Collect$$libinit$$0000001F)
    .ARM.Collect$$libinit$$00000021          0x000002d6   Section        0  libinit2.o(.ARM.Collect$$libinit$$00000021)
    .ARM.Collect$$libinit$$00000023          0x000002d6   Section        0  libinit2.o(.ARM.Collect$$libinit$$00000023)
    .ARM.Collect$$libinit$$00000025          0x000002d6   Section        0  libinit2.o(.ARM.Collect$$libinit$$00000025)
    .ARM.Collect$$libinit$$00000027          0x000002d6   Section        0  libinit2.o(.ARM.Collect$$libinit$$00000027)
    .ARM.Collect$$libinit$$0000002E          0x000002d6   Section        0  libinit2.o(.ARM.Collect$$libinit$$0000002E)
    .ARM.Collect$$libinit$$00000030          0x000002d6   Section        0  libinit2.o(.ARM.Collect$$libinit$$00000030)
    .ARM.Collect$$libinit$$00000032          0x000002d6   Section        0  libinit2.o(.ARM.Collect$$libinit$$00000032)
    .ARM.Collect$$libinit$$00000034          0x000002d6   Section        0  libinit2.o(.ARM.Collect$$libinit$$00000034)
    .ARM.Collect$$libinit$$00000035          0x000002d6   Section        2  libinit2.o(.ARM.Collect$$libinit$$00000035)
    .ARM.Collect$$libshutdown$$00000000      0x000002d8   Section        2  libshutdown.o(.ARM.Collect$$libshutdown$$00000000)
    .ARM.Collect$$libshutdown$$00000002      0x000002da   Section        0  libshutdown2.o(.ARM.Collect$$libshutdown$$00000002)
    .ARM.Collect$$libshutdown$$00000004      0x000002da   Section        0  libshutdown2.o(.ARM.Collect$$libshutdown$$00000004)
    .ARM.Collect$$libshutdown$$00000007      0x000002da   Section        0  libshutdown2.o(.ARM.Collect$$libshutdown$$00000007)
    .ARM.Collect$$libshutdown$$0000000A      0x000002da   Section        0  libshutdown2.o(.ARM.Collect$$libshutdown$$0000000A)
    .ARM.Collect$$libshutdown$$0000000C      0x000002da   Section        0  libshutdown2.o(.ARM.Collect$$libshutdown$$0000000C)
    .ARM.Collect$$libshutdown$$0000000F      0x000002da   Section        0  libshutdown2.o(.ARM.Collect$$libshutdown$$0000000F)
    .ARM.Collect$$libshutdown$$00000010      0x000002da   Section        2  libshutdown2.o(.ARM.Collect$$libshutdown$$00000010)
    .ARM.Collect$$rtentry$$00000000          0x000002dc   Section        0  __rtentry.o(.ARM.Collect$$rtentry$$00000000)
    .ARM.Collect$$rtentry$$00000002          0x000002dc   Section        0  __rtentry2.o(.ARM.Collect$$rtentry$$00000002)
    .ARM.Collect$$rtentry$$00000004          0x000002dc   Section        6  __rtentry4.o(.ARM.Collect$$rtentry$$00000004)
    .ARM.Collect$$rtentry$$00000009          0x000002e2   Section        0  __rtentry2.o(.ARM.Collect$$rtentry$$00000009)
    .ARM.Collect$$rtentry$$0000000A          0x000002e2   Section        4  __rtentry2.o(.ARM.Collect$$rtentry$$0000000A)
    .ARM.Collect$$rtentry$$0000000C          0x000002e6   Section        0  __rtentry2.o(.ARM.Collect$$rtentry$$0000000C)
    .ARM.Collect$$rtentry$$0000000D          0x000002e6   Section        8  __rtentry2.o(.ARM.Collect$$rtentry$$0000000D)
    .ARM.Collect$$rtexit$$00000000           0x000002ee   Section        2  rtexit.o(.ARM.Collect$$rtexit$$00000000)
    .ARM.Collect$$rtexit$$00000002           0x000002f0   Section        0  rtexit2.o(.ARM.Collect$$rtexit$$00000002)
    .ARM.Collect$$rtexit$$00000003           0x000002f0   Section        4  rtexit2.o(.ARM.Collect$$rtexit$$00000003)
    .ARM.Collect$$rtexit$$00000004           0x000002f4   Section        6  rtexit2.o(.ARM.Collect$$rtexit$$00000004)
    $v0                                      0x000002fc   Number         0  startup.o(.text)
    .text                                    0x000002fc   Section       48  startup.o(.text)
    $v0                                      0x0000032c   Number         0  utils.o(.text)
    .text                                    0x0000032c   Section      484  utils.o(.text)
    .text                                    0x00000510   Section       86  strncpy.o(.text)
    .text                                    0x00000568   Section      124  strcmpv7em.o(.text)
    .text                                    0x000005e4   Section        0  heapauxi.o(.text)
    .text                                    0x000005ea   Section       68  rt_memclr.o(.text)
    .text                                    0x0000062e   Section       78  rt_memclr_w.o(.text)
    .text                                    0x0000067c   Section       74  sys_stackheap_outer.o(.text)
    .text                                    0x000006c6   Section        0  exit.o(.text)
    .text                                    0x000006d8   Section        8  libspace.o(.text)
    .text                                    0x000006e0   Section        0  sys_exit.o(.text)
    .text                                    0x000006ec   Section        2  use_no_semi.o(.text)
    .text                                    0x000006ee   Section        0  indicate_semi.o(.text)
    [Anonymous Symbol]                       0x000006f0   Section        0  main.o(.text.GPIOPortJ_Handler)
    [Anonymous Symbol]                       0x00000708   Section        0  gpio.o(.text.GPIO_Init)
    [Anonymous Symbol]                       0x00000a50   Section        0  gpio.o(.text.PortA_Output)
    [Anonymous Symbol]                       0x00000a64   Section        0  gpio.o(.text.PortB_Output)
    [Anonymous Symbol]                       0x00000a84   Section        0  gpio.o(.text.PortH_Output)
    [Anonymous Symbol]                       0x00000a98   Section        0  gpio.o(.text.PortK_Output)
    [Anonymous Symbol]                       0x00000aac   Section        0  gpio.o(.text.PortL_Input)
    [Anonymous Symbol]                       0x00000abc   Section        0  gpio.o(.text.PortM_Output)
    [Anonymous Symbol]                       0x00000ad0   Section        0  gpio.o(.text.PortP_Output)
    [Anonymous Symbol]                       0x00000ae4   Section        0  gpio.o(.text.PortQ_Output)
    [Anonymous Symbol]                       0x00000af8   Section        0  main.o(.text.aberto)
    [Anonymous Symbol]                       0x00000b94   Section        0  main.o(.text.aberto_para_fechado)
    [Anonymous Symbol]                       0x00000bdc   Section        0  motor.o(.text.ativarMotor)
    [Anonymous Symbol]                       0x00000cc8   Section        0  led.o(.text.desligarLeds)
    [Anonymous Symbol]                       0x00000ce4   Section        0  main.o(.text.fechado)
    [Anonymous Symbol]                       0x00000d9c   Section        0  main.o(.text.fechado_para_aberto)
    [Anonymous Symbol]                       0x00000e08   Section        0  main.o(.text.fechado_para_travado)
    [Anonymous Symbol]                       0x00000e3c   Section        0  gpio.o(.text.interrupts_init)
    [Anonymous Symbol]                       0x00000e98   Section        0  lcd.o(.text.lcd_config)
    [Anonymous Symbol]                       0x00000ec4   Section        0  lcd.o(.text.lcd_enviar_cmd)
    [Anonymous Symbol]                       0x00000ef4   Section        0  lcd.o(.text.lcd_escrever_data)
    [Anonymous Symbol]                       0x00000f24   Section        0  lcd.o(.text.lcd_escrever_string)
    [Anonymous Symbol]                       0x00000f48   Section        0  lcd.o(.text.lcd_exibir_linha)
    [Anonymous Symbol]                       0x00001004   Section        0  main.o(.text.leitura_senha)
    [Anonymous Symbol]                       0x00001174   Section        0  main.o(.text.leitura_senha_mestra)
    [Anonymous Symbol]                       0x00001230   Section        0  led.o(.text.ligarLeds)
    [Anonymous Symbol]                       0x00001248   Section        0  main.o(.text.main)
    [Anonymous Symbol]                       0x000012c4   Section        0  main.o(.text.registraSenha)
    [Anonymous Symbol]                       0x00001354   Section        0  teclado.o(.text.teclado_ler)
    [Anonymous Symbol]                       0x0000140c   Section        0  main.o(.text.travado)
    [Anonymous Symbol]                       0x000014bc   Section        0  main.o(.text.verifica_senha)
    [Anonymous Symbol]                       0x00001534   Section        0  main.o(.text.verifica_senha_mestra)
    $v0                                      0x00001624   Number         0  fpinit.o(x$fpl$fpinit)
    x$fpl$fpinit                             0x00001624   Section       26  fpinit.o(x$fpl$fpinit)
    sequenciaMeioPasso                       0x00001640   Data         128  motor.o(.rodata.sequenciaMeioPasso)
    [Anonymous Symbol]                       0x00001640   Section        0  motor.o(.rodata.sequenciaMeioPasso)
    sequenciaPassoCompleto                   0x000016c0   Data          64  motor.o(.rodata.sequenciaPassoCompleto)
    [Anonymous Symbol]                       0x000016c0   Section        0  motor.o(.rodata.sequenciaPassoCompleto)
    .L.str.5                                 0x00001700   Data           4  main.o(.rodata.str1.1)
    [Anonymous Symbol]                       0x00001700   Section        0  main.o(.rodata.str1.1)
    .L.str.11                                0x00001704   Data          15  main.o(.rodata.str1.1)
    .L.str.6                                 0x00001713   Data          14  main.o(.rodata.str1.1)
    .L.str.1                                 0x00001721   Data           4  main.o(.rodata.str1.1)
    .L.str.3                                 0x00001725   Data           3  main.o(.rodata.str1.1)
    .L.str.12                                0x00001728   Data           9  main.o(.rodata.str1.1)
    .L.str.4                                 0x00001731   Data          13  main.o(.rodata.str1.1)
    .L.str.16                                0x0000173e   Data          32  main.o(.rodata.str1.1)
    .L.str.15                                0x0000175e   Data          13  main.o(.rodata.str1.1)
    .L.str.8                                 0x00001765   Data           6  main.o(.rodata.str1.1)
    .L.str.2                                 0x0000176b   Data          14  main.o(.rodata.str1.1)
    .L.str.7                                 0x00001779   Data          12  main.o(.rodata.str1.1)
    .L.str.14                                0x00001785   Data          14  main.o(.rodata.str1.1)
    .L.str                                   0x00001793   Data          12  main.o(.rodata.str1.1)
    .L.str.9                                 0x0000179f   Data          15  main.o(.rodata.str1.1)
    .L.str.13                                0x000017ae   Data          14  main.o(.rodata.str1.1)
    .L.str.10                                0x000017bb   Data           1  main.o(.rodata.str1.1)
    .bss                                     0x20000010   Section       96  libspace.o(.bss)
    lcd_exibir_linha.ultima_linha0           0x20000076   Data          17  lcd.o(.bss.lcd_exibir_linha.ultima_linha0)
    [Anonymous Symbol]                       0x20000076   Section        0  lcd.o(.bss.lcd_exibir_linha.ultima_linha0)
    lcd_exibir_linha.ultima_linha1           0x20000087   Data          17  lcd.o(.bss.lcd_exibir_linha.ultima_linha1)
    [Anonymous Symbol]                       0x20000087   Section        0  lcd.o(.bss.lcd_exibir_linha.ultima_linha1)
    HeapMem                                  0x200000a0   Data           0  startup.o(HEAP)
    StackMem                                 0x200000a0   Data           0  startup.o(STACK)
    HEAP                                     0x200000a0   Section        0  startup.o(HEAP)
    STACK                                    0x200000a0   Section     1024  startup.o(STACK)

    Global Symbols

    Symbol Name                              Value     Ov Type        Size  Object(Section)

    BuildAttributes$$THM_ISAv4$E$P$D$K$B$S$7EM$VFPi3$EXTD16$VFPS$VFMA$PE$A:L22UL41UL21$X:L11$S22US41US21$IEEE1$IW$~IW$USESV6$~STKCKD$USESV7$~SHL$OSPACE$ROPI$EBA8$UX$STANDARDLIB$REQ8$PRES8$EABIv2 0x00000000   Number         0  anon$$obj.o ABSOLUTE
    __Vectors                                0x00000000   Data           0  startup.o(RESET)
    __ARM_exceptions_init                     - Undefined Weak Reference
    __alloca_initialize                       - Undefined Weak Reference
    __arm_preinit_                            - Undefined Weak Reference
    __arm_relocate_pie_                       - Undefined Weak Reference
    __cpp_initialize__aeabi_                  - Undefined Weak Reference
    __cxa_finalize                            - Undefined Weak Reference
    __rt_locale                               - Undefined Weak Reference
    __sigvec_lookup                           - Undefined Weak Reference
    _atexit_init                              - Undefined Weak Reference
    _call_atexit_fns                          - Undefined Weak Reference
    _clock_init                               - Undefined Weak Reference
    _fp_trap_init                             - Undefined Weak Reference
    _fp_trap_shutdown                         - Undefined Weak Reference
    _get_lc_collate                           - Undefined Weak Reference
    _get_lc_ctype                             - Undefined Weak Reference
    _get_lc_monetary                          - Undefined Weak Reference
    _get_lc_numeric                           - Undefined Weak Reference
    _get_lc_time                              - Undefined Weak Reference
    _getenv_init                              - Undefined Weak Reference
    _handle_redirection                       - Undefined Weak Reference
    _init_alloc                               - Undefined Weak Reference
    _init_user_alloc                          - Undefined Weak Reference
    _initio                                   - Undefined Weak Reference
    _rand_init                                - Undefined Weak Reference
    _signal_finish                            - Undefined Weak Reference
    _signal_init                              - Undefined Weak Reference
    _terminate_alloc                          - Undefined Weak Reference
    _terminate_user_alloc                     - Undefined Weak Reference
    _terminateio                              - Undefined Weak Reference
    Reset_Handler                            0x00000209   Thumb Code     0  startup.o(RESET)
    NMI_Handler                              0x0000021d   Thumb Code     2  startup.o(RESET)
    HardFault_Handler                        0x0000021f   Thumb Code     2  startup.o(RESET)
    MemManage_Handler                        0x00000221   Thumb Code     2  startup.o(RESET)
    BusFault_Handler                         0x00000223   Thumb Code     2  startup.o(RESET)
    UsageFault_Handler                       0x00000225   Thumb Code     2  startup.o(RESET)
    SVC_Handler                              0x00000227   Thumb Code     2  startup.o(RESET)
    DebugMon_Handler                         0x00000229   Thumb Code     2  startup.o(RESET)
    PendSV_Handler                           0x0000022b   Thumb Code     2  startup.o(RESET)
    SysTick_Handler                          0x0000022d   Thumb Code     2  startup.o(RESET)
    ADC0Seq0_Handler                         0x0000022f   Thumb Code     0  startup.o(RESET)
    ADC0Seq1_Handler                         0x0000022f   Thumb Code     0  startup.o(RESET)
    ADC0Seq2_Handler                         0x0000022f   Thumb Code     0  startup.o(RESET)
    ADC0Seq3_Handler                         0x0000022f   Thumb Code     0  startup.o(RESET)
    ADC1Seq0_Handler                         0x0000022f   Thumb Code     0  startup.o(RESET)
    ADC1Seq1_Handler                         0x0000022f   Thumb Code     0  startup.o(RESET)
    ADC1Seq2_Handler                         0x0000022f   Thumb Code     0  startup.o(RESET)
    ADC1Seq3_Handler                         0x0000022f   Thumb Code     0  startup.o(RESET)
    CAN0_Handler                             0x0000022f   Thumb Code     0  startup.o(RESET)
    CAN1_Handler                             0x0000022f   Thumb Code     0  startup.o(RESET)
    Comp0_Handler                            0x0000022f   Thumb Code     0  startup.o(RESET)
    Comp1_Handler                            0x0000022f   Thumb Code     0  startup.o(RESET)
    Comp2_Handler                            0x0000022f   Thumb Code     0  startup.o(RESET)
    Ethernet_Handler                         0x0000022f   Thumb Code     0  startup.o(RESET)
    ExtBus_Handler                           0x0000022f   Thumb Code     0  startup.o(RESET)
    FPU_Handler                              0x0000022f   Thumb Code     0  startup.o(RESET)
    FlashCtl_Handler                         0x0000022f   Thumb Code     0  startup.o(RESET)
    GPIOPortA_Handler                        0x0000022f   Thumb Code     0  startup.o(RESET)
    GPIOPortB_Handler                        0x0000022f   Thumb Code     0  startup.o(RESET)
    GPIOPortC_Handler                        0x0000022f   Thumb Code     0  startup.o(RESET)
    GPIOPortD_Handler                        0x0000022f   Thumb Code     0  startup.o(RESET)
    GPIOPortE_Handler                        0x0000022f   Thumb Code     0  startup.o(RESET)
    GPIOPortF_Handler                        0x0000022f   Thumb Code     0  startup.o(RESET)
    GPIOPortG_Handler                        0x0000022f   Thumb Code     0  startup.o(RESET)
    GPIOPortH_Handler                        0x0000022f   Thumb Code     0  startup.o(RESET)
    GPIOPortK_Handler                        0x0000022f   Thumb Code     0  startup.o(RESET)
    GPIOPortL_Handler                        0x0000022f   Thumb Code     0  startup.o(RESET)
    GPIOPortM_Handler                        0x0000022f   Thumb Code     0  startup.o(RESET)
    GPIOPortN_Handler                        0x0000022f   Thumb Code     0  startup.o(RESET)
    GPIOPortP1_Handler                       0x0000022f   Thumb Code     0  startup.o(RESET)
    GPIOPortP2_Handler                       0x0000022f   Thumb Code     0  startup.o(RESET)
    GPIOPortP3_Handler                       0x0000022f   Thumb Code     0  startup.o(RESET)
    GPIOPortP4_Handler                       0x0000022f   Thumb Code     0  startup.o(RESET)
    GPIOPortP5_Handler                       0x0000022f   Thumb Code     0  startup.o(RESET)
    GPIOPortP6_Handler                       0x0000022f   Thumb Code     0  startup.o(RESET)
    GPIOPortP7_Handler                       0x0000022f   Thumb Code     0  startup.o(RESET)
    GPIOPortP_Handler                        0x0000022f   Thumb Code     0  startup.o(RESET)
    GPIOPortQ1_Handler                       0x0000022f   Thumb Code     0  startup.o(RESET)
    GPIOPortQ2_Handler                       0x0000022f   Thumb Code     0  startup.o(RESET)
    GPIOPortQ3_Handler                       0x0000022f   Thumb Code     0  startup.o(RESET)
    GPIOPortQ4_Handler                       0x0000022f   Thumb Code     0  startup.o(RESET)
    GPIOPortQ5_Handler                       0x0000022f   Thumb Code     0  startup.o(RESET)
    GPIOPortQ6_Handler                       0x0000022f   Thumb Code     0  startup.o(RESET)
    GPIOPortQ7_Handler                       0x0000022f   Thumb Code     0  startup.o(RESET)
    GPIOPortQ_Handler                        0x0000022f   Thumb Code     0  startup.o(RESET)
    Hibernate_Handler                        0x0000022f   Thumb Code     0  startup.o(RESET)
    I2C0_Handler                             0x0000022f   Thumb Code     0  startup.o(RESET)
    I2C1_Handler                             0x0000022f   Thumb Code     0  startup.o(RESET)
    I2C2_Handler                             0x0000022f   Thumb Code     0  startup.o(RESET)
    I2C3_Handler                             0x0000022f   Thumb Code     0  startup.o(RESET)
    I2C4_Handler                             0x0000022f   Thumb Code     0  startup.o(RESET)
    I2C5_Handler                             0x0000022f   Thumb Code     0  startup.o(RESET)
    I2C6_Handler                             0x0000022f   Thumb Code     0  startup.o(RESET)
    I2C7_Handler                             0x0000022f   Thumb Code     0  startup.o(RESET)
    I2C8_Handler                             0x0000022f   Thumb Code     0  startup.o(RESET)
    I2C9_Handler                             0x0000022f   Thumb Code     0  startup.o(RESET)
    PWM0Fault_Handler                        0x0000022f   Thumb Code     0  startup.o(RESET)
    PWM0Generator0_Handler                   0x0000022f   Thumb Code     0  startup.o(RESET)
    PWM0Generator1_Handler                   0x0000022f   Thumb Code     0  startup.o(RESET)
    PWM0Generator2_Handler                   0x0000022f   Thumb Code     0  startup.o(RESET)
    PWM0Generator3_Handler                   0x0000022f   Thumb Code     0  startup.o(RESET)
    Quadrature0_Handler                      0x0000022f   Thumb Code     0  startup.o(RESET)
    SSI0_Handler                             0x0000022f   Thumb Code     0  startup.o(RESET)
    SSI1_Handler                             0x0000022f   Thumb Code     0  startup.o(RESET)
    SSI2_Handler                             0x0000022f   Thumb Code     0  startup.o(RESET)
    SSI3_Handler                             0x0000022f   Thumb Code     0  startup.o(RESET)
    SysCtl_Handler                           0x0000022f   Thumb Code     0  startup.o(RESET)
    Tamper_Handler                           0x0000022f   Thumb Code     0  startup.o(RESET)
    Timer0A_Handler                          0x0000022f   Thumb Code     0  startup.o(RESET)
    Timer0B_Handler                          0x0000022f   Thumb Code     0  startup.o(RESET)
    Timer1A_Handler                          0x0000022f   Thumb Code     0  startup.o(RESET)
    Timer1B_Handler                          0x0000022f   Thumb Code     0  startup.o(RESET)
    Timer2A_Handler                          0x0000022f   Thumb Code     0  startup.o(RESET)
    Timer2B_Handler                          0x0000022f   Thumb Code     0  startup.o(RESET)
    Timer3A_Handler                          0x0000022f   Thumb Code     0  startup.o(RESET)
    Timer3B_Handler                          0x0000022f   Thumb Code     0  startup.o(RESET)
    Timer4A_Handler                          0x0000022f   Thumb Code     0  startup.o(RESET)
    Timer4B_Handler                          0x0000022f   Thumb Code     0  startup.o(RESET)
    Timer5A_Handler                          0x0000022f   Thumb Code     0  startup.o(RESET)
    Timer5B_Handler                          0x0000022f   Thumb Code     0  startup.o(RESET)
    Timer6A_Handler                          0x0000022f   Thumb Code     0  startup.o(RESET)
    Timer6B_Handler                          0x0000022f   Thumb Code     0  startup.o(RESET)
    Timer7A_Handler                          0x0000022f   Thumb Code     0  startup.o(RESET)
    Timer7B_Handler                          0x0000022f   Thumb Code     0  startup.o(RESET)
    UART0_Handler                            0x0000022f   Thumb Code     0  startup.o(RESET)
    UART1_Handler                            0x0000022f   Thumb Code     0  startup.o(RESET)
    UART2_Handler                            0x0000022f   Thumb Code     0  startup.o(RESET)
    UART3_Handler                            0x0000022f   Thumb Code     0  startup.o(RESET)
    UART4_Handler                            0x0000022f   Thumb Code     0  startup.o(RESET)
    UART5_Handler                            0x0000022f   Thumb Code     0  startup.o(RESET)
    UART6_Handler                            0x0000022f   Thumb Code     0  startup.o(RESET)
    UART7_Handler                            0x0000022f   Thumb Code     0  startup.o(RESET)
    USB0_Handler                             0x0000022f   Thumb Code     0  startup.o(RESET)
    WDT_Handler                              0x0000022f   Thumb Code     0  startup.o(RESET)
    uDMA_Error                               0x0000022f   Thumb Code     0  startup.o(RESET)
    uDMA_Handler                             0x0000022f   Thumb Code     0  startup.o(RESET)
    __main                                   0x00000231   Thumb Code     8  __main.o(!!!main)
    __scatterload                            0x00000239   Thumb Code     0  __scatter.o(!!!scatter)
    __scatterload_rt2                        0x00000239   Thumb Code    84  __scatter.o(!!!scatter)
    __scatterload_rt2_thumb_only             0x00000239   Thumb Code     0  __scatter.o(!!!scatter)
    __scatterload_loop                       0x00000243   Thumb Code     0  __scatter.o(!!!scatter)
    __scatterload_copy                       0x00000295   Thumb Code    26  __scatter_copy.o(!!handler_copy)
    __scatterload_null                       0x000002b1   Thumb Code     2  __scatter.o(!!handler_null)
    __scatterload_zeroinit                   0x000002b5   Thumb Code    28  __scatter_zi.o(!!handler_zi)
    __rt_lib_init                            0x000002d1   Thumb Code     0  libinit.o(.ARM.Collect$$libinit$$00000000)
    __rt_lib_init_fp_1                       0x000002d3   Thumb Code     0  libinit2.o(.ARM.Collect$$libinit$$00000001)
    __rt_lib_init_alloca_1                   0x000002d7   Thumb Code     0  libinit2.o(.ARM.Collect$$libinit$$00000030)
    __rt_lib_init_argv_1                     0x000002d7   Thumb Code     0  libinit2.o(.ARM.Collect$$libinit$$0000002E)
    __rt_lib_init_atexit_1                   0x000002d7   Thumb Code     0  libinit2.o(.ARM.Collect$$libinit$$0000001D)
    __rt_lib_init_clock_1                    0x000002d7   Thumb Code     0  libinit2.o(.ARM.Collect$$libinit$$00000023)
    __rt_lib_init_cpp_1                      0x000002d7   Thumb Code     0  libinit2.o(.ARM.Collect$$libinit$$00000034)
    __rt_lib_init_exceptions_1               0x000002d7   Thumb Code     0  libinit2.o(.ARM.Collect$$libinit$$00000032)
    __rt_lib_init_fp_trap_1                  0x000002d7   Thumb Code     0  libinit2.o(.ARM.Collect$$libinit$$00000021)
    __rt_lib_init_getenv_1                   0x000002d7   Thumb Code     0  libinit2.o(.ARM.Collect$$libinit$$00000025)
    __rt_lib_init_heap_1                     0x000002d7   Thumb Code     0  libinit2.o(.ARM.Collect$$libinit$$0000000C)
    __rt_lib_init_lc_collate_1               0x000002d7   Thumb Code     0  libinit2.o(.ARM.Collect$$libinit$$00000013)
    __rt_lib_init_lc_ctype_1                 0x000002d7   Thumb Code     0  libinit2.o(.ARM.Collect$$libinit$$00000015)
    __rt_lib_init_lc_monetary_1              0x000002d7   Thumb Code     0  libinit2.o(.ARM.Collect$$libinit$$00000017)
    __rt_lib_init_lc_numeric_1               0x000002d7   Thumb Code     0  libinit2.o(.ARM.Collect$$libinit$$00000019)
    __rt_lib_init_lc_time_1                  0x000002d7   Thumb Code     0  libinit2.o(.ARM.Collect$$libinit$$0000001B)
    __rt_lib_init_preinit_1                  0x000002d7   Thumb Code     0  libinit2.o(.ARM.Collect$$libinit$$00000006)
    __rt_lib_init_rand_1                     0x000002d7   Thumb Code     0  libinit2.o(.ARM.Collect$$libinit$$00000010)
    __rt_lib_init_relocate_pie_1             0x000002d7   Thumb Code     0  libinit2.o(.ARM.Collect$$libinit$$00000004)
    __rt_lib_init_return                     0x000002d7   Thumb Code     0  libinit2.o(.ARM.Collect$$libinit$$00000035)
    __rt_lib_init_signal_1                   0x000002d7   Thumb Code     0  libinit2.o(.ARM.Collect$$libinit$$0000001F)
    __rt_lib_init_stdio_1                    0x000002d7   Thumb Code     0  libinit2.o(.ARM.Collect$$libinit$$00000027)
    __rt_lib_init_user_alloc_1               0x000002d7   Thumb Code     0  libinit2.o(.ARM.Collect$$libinit$$0000000E)
    __rt_lib_shutdown                        0x000002d9   Thumb Code     0  libshutdown.o(.ARM.Collect$$libshutdown$$00000000)
    __rt_lib_shutdown_cpp_1                  0x000002db   Thumb Code     0  libshutdown2.o(.ARM.Collect$$libshutdown$$00000002)
    __rt_lib_shutdown_fp_trap_1              0x000002db   Thumb Code     0  libshutdown2.o(.ARM.Collect$$libshutdown$$00000007)
    __rt_lib_shutdown_heap_1                 0x000002db   Thumb Code     0  libshutdown2.o(.ARM.Collect$$libshutdown$$0000000F)
    __rt_lib_shutdown_return                 0x000002db   Thumb Code     0  libshutdown2.o(.ARM.Collect$$libshutdown$$00000010)
    __rt_lib_shutdown_signal_1               0x000002db   Thumb Code     0  libshutdown2.o(.ARM.Collect$$libshutdown$$0000000A)
    __rt_lib_shutdown_stdio_1                0x000002db   Thumb Code     0  libshutdown2.o(.ARM.Collect$$libshutdown$$00000004)
    __rt_lib_shutdown_user_alloc_1           0x000002db   Thumb Code     0  libshutdown2.o(.ARM.Collect$$libshutdown$$0000000C)
    __rt_entry                               0x000002dd   Thumb Code     0  __rtentry.o(.ARM.Collect$$rtentry$$00000000)
    __rt_entry_presh_1                       0x000002dd   Thumb Code     0  __rtentry2.o(.ARM.Collect$$rtentry$$00000002)
    __rt_entry_sh                            0x000002dd   Thumb Code     0  __rtentry4.o(.ARM.Collect$$rtentry$$00000004)
    __rt_entry_li                            0x000002e3   Thumb Code     0  __rtentry2.o(.ARM.Collect$$rtentry$$0000000A)
    __rt_entry_postsh_1                      0x000002e3   Thumb Code     0  __rtentry2.o(.ARM.Collect$$rtentry$$00000009)
    __rt_entry_main                          0x000002e7   Thumb Code     0  __rtentry2.o(.ARM.Collect$$rtentry$$0000000D)
    __rt_entry_postli_1                      0x000002e7   Thumb Code     0  __rtentry2.o(.ARM.Collect$$rtentry$$0000000C)
    __rt_exit                                0x000002ef   Thumb Code     0  rtexit.o(.ARM.Collect$$rtexit$$00000000)
    __rt_exit_ls                             0x000002f1   Thumb Code     0  rtexit2.o(.ARM.Collect$$rtexit$$00000003)
    __rt_exit_prels_1                        0x000002f1   Thumb Code     0  rtexit2.o(.ARM.Collect$$rtexit$$00000002)
    __rt_exit_exit                           0x000002f5   Thumb Code     0  rtexit2.o(.ARM.Collect$$rtexit$$00000004)
    DisableInterrupts                        0x000002fd   Thumb Code     0  startup.o(.text)
    EnableInterrupts                         0x00000301   Thumb Code     0  startup.o(.text)
    StartCritical                            0x00000305   Thumb Code     0  startup.o(.text)
    EndCritical                              0x0000030d   Thumb Code     0  startup.o(.text)
    WaitForInterrupt                         0x00000313   Thumb Code     0  startup.o(.text)
    __user_initial_stackheap                 0x00000317   Thumb Code     0  startup.o(.text)
    PLL_Init                                 0x0000032d   Thumb Code     0  utils.o(.text)
    SysTick_Init                             0x00000455   Thumb Code     0  utils.o(.text)
    SysTick_Wait1ms                          0x0000048f   Thumb Code     0  utils.o(.text)
    SysTick_Wait1us                          0x000004a1   Thumb Code     0  utils.o(.text)
    strncpy                                  0x00000511   Thumb Code    86  strncpy.o(.text)
    strcmp                                   0x00000569   Thumb Code   124  strcmpv7em.o(.text)
    __use_two_region_memory                  0x000005e5   Thumb Code     2  heapauxi.o(.text)
    __rt_heap_escrow$2region                 0x000005e7   Thumb Code     2  heapauxi.o(.text)
    __rt_heap_expand$2region                 0x000005e9   Thumb Code     2  heapauxi.o(.text)
    __aeabi_memclr                           0x000005eb   Thumb Code     0  rt_memclr.o(.text)
    __rt_memclr                              0x000005eb   Thumb Code     0  rt_memclr.o(.text)
    _memset                                  0x000005ef   Thumb Code    64  rt_memclr.o(.text)
    __aeabi_memclr4                          0x0000062f   Thumb Code     0  rt_memclr_w.o(.text)
    __aeabi_memclr8                          0x0000062f   Thumb Code     0  rt_memclr_w.o(.text)
    __rt_memclr_w                            0x0000062f   Thumb Code     0  rt_memclr_w.o(.text)
    _memset_w                                0x00000633   Thumb Code    74  rt_memclr_w.o(.text)
    __user_setup_stackheap                   0x0000067d   Thumb Code    74  sys_stackheap_outer.o(.text)
    exit                                     0x000006c7   Thumb Code    18  exit.o(.text)
    __user_libspace                          0x000006d9   Thumb Code     8  libspace.o(.text)
    __user_perproc_libspace                  0x000006d9   Thumb Code     0  libspace.o(.text)
    __user_perthread_libspace                0x000006d9   Thumb Code     0  libspace.o(.text)
    _sys_exit                                0x000006e1   Thumb Code     8  sys_exit.o(.text)
    __I$use$semihosting                      0x000006ed   Thumb Code     0  use_no_semi.o(.text)
    __use_no_semihosting_swi                 0x000006ed   Thumb Code     2  use_no_semi.o(.text)
    __semihosting_library_function           0x000006ef   Thumb Code     0  indicate_semi.o(.text)
    GPIOPortJ_Handler                        0x000006f1   Thumb Code    24  main.o(.text.GPIOPortJ_Handler)
    GPIO_Init                                0x00000709   Thumb Code   840  gpio.o(.text.GPIO_Init)
    PortA_Output                             0x00000a51   Thumb Code    20  gpio.o(.text.PortA_Output)
    PortB_Output                             0x00000a65   Thumb Code    32  gpio.o(.text.PortB_Output)
    PortH_Output                             0x00000a85   Thumb Code    20  gpio.o(.text.PortH_Output)
    PortK_Output                             0x00000a99   Thumb Code    20  gpio.o(.text.PortK_Output)
    PortL_Input                              0x00000aad   Thumb Code    16  gpio.o(.text.PortL_Input)
    PortM_Output                             0x00000abd   Thumb Code    20  gpio.o(.text.PortM_Output)
    PortP_Output                             0x00000ad1   Thumb Code    20  gpio.o(.text.PortP_Output)
    PortQ_Output                             0x00000ae5   Thumb Code    20  gpio.o(.text.PortQ_Output)
    aberto                                   0x00000af9   Thumb Code   156  main.o(.text.aberto)
    aberto_para_fechado                      0x00000b95   Thumb Code    72  main.o(.text.aberto_para_fechado)
    ativarMotor                              0x00000bdd   Thumb Code   236  motor.o(.text.ativarMotor)
    desligarLeds                             0x00000cc9   Thumb Code    28  led.o(.text.desligarLeds)
    fechado                                  0x00000ce5   Thumb Code   182  main.o(.text.fechado)
    fechado_para_aberto                      0x00000d9d   Thumb Code   108  main.o(.text.fechado_para_aberto)
    fechado_para_travado                     0x00000e09   Thumb Code    50  main.o(.text.fechado_para_travado)
    interrupts_init                          0x00000e3d   Thumb Code    92  gpio.o(.text.interrupts_init)
    lcd_config                               0x00000e99   Thumb Code    42  lcd.o(.text.lcd_config)
    lcd_enviar_cmd                           0x00000ec5   Thumb Code    48  lcd.o(.text.lcd_enviar_cmd)
    lcd_escrever_data                        0x00000ef5   Thumb Code    48  lcd.o(.text.lcd_escrever_data)
    lcd_escrever_string                      0x00000f25   Thumb Code    34  lcd.o(.text.lcd_escrever_string)
    lcd_exibir_linha                         0x00000f49   Thumb Code   186  lcd.o(.text.lcd_exibir_linha)
    leitura_senha                            0x00001005   Thumb Code   368  main.o(.text.leitura_senha)
    leitura_senha_mestra                     0x00001175   Thumb Code   186  main.o(.text.leitura_senha_mestra)
    ligarLeds                                0x00001231   Thumb Code    22  led.o(.text.ligarLeds)
    main                                     0x00001249   Thumb Code   122  main.o(.text.main)
    registraSenha                            0x000012c5   Thumb Code   144  main.o(.text.registraSenha)
    teclado_ler                              0x00001355   Thumb Code   184  teclado.o(.text.teclado_ler)
    travado                                  0x0000140d   Thumb Code   176  main.o(.text.travado)
    verifica_senha                           0x000014bd   Thumb Code   118  main.o(.text.verifica_senha)
    verifica_senha_mestra                    0x00001535   Thumb Code   240  main.o(.text.verifica_senha_mestra)
    _fp_init                                 0x00001625   Thumb Code    26  fpinit.o(x$fpl$fpinit)
    __fplib_config_fpu_vfp                   0x0000163d   Thumb Code     0  fpinit.o(x$fpl$fpinit)
    __fplib_config_pureend_doubles           0x0000163d   Thumb Code     0  fpinit.o(x$fpl$fpinit)
    Region$$Table$$Base                      0x000017bc   Number         0  anon$$obj.o(Region$$Table)
    Region$$Table$$Limit                     0x000017dc   Number         0  anon$$obj.o(Region$$Table)
    input                                    0x20000000   Data           5  main.o(.data.input)
    senha                                    0x20000005   Data           5  main.o(.data.senha)
    senha_mestra                             0x2000000a   Data           5  main.o(.data.senha_mestra)
    __libspace_start                         0x20000010   Data          96  libspace.o(.bss)
    __temporary_stack_top$libspace           0x20000070   Data           0  libspace.o(.bss)
    conta_erros                              0x20000070   Data           1  main.o(.bss.conta_erros)
    count_display                            0x20000072   Data           2  main.o(.bss.count_display)
    estado                                   0x20000074   Data           1  main.o(.bss.estado)
    input_index                              0x20000075   Data           1  main.o(.bss.input_index)
    senhaMestraAtivada                       0x20000098   Data           1  main.o(.bss.senhaMestraAtivada)
    senha_index                              0x20000099   Data           1  main.o(.bss.senha_index)



==============================================================================

Memory Map of the image

  Image Entry point : 0x00000209

  Load Region LR_1 (Base: 0x00000000, Size: 0x000017ec, Max: 0xffffffff, ABSOLUTE)

    Execution Region ER_RO (Exec base: 0x00000000, Load base: 0x00000000, Size: 0x000017dc, Max: 0xffffffff, ABSOLUTE)

    Exec Addr    Load Addr    Size         Type   Attr      Idx    E Section Name        Object

    0x00000000   0x00000000   0x00000230   Code   RO            3  * RESET               startup.o
    0x00000230   0x00000230   0x00000008   Code   RO          158  * !!!main             c_w.l(__main.o)
    0x00000238   0x00000238   0x0000005c   Code   RO          327    !!!scatter          c_w.l(__scatter.o)
    0x00000294   0x00000294   0x0000001a   Code   RO          331    !!handler_copy      c_w.l(__scatter_copy.o)
    0x000002ae   0x000002ae   0x00000002   PAD
    0x000002b0   0x000002b0   0x00000002   Code   RO          328    !!handler_null      c_w.l(__scatter.o)
    0x000002b2   0x000002b2   0x00000002   PAD
    0x000002b4   0x000002b4   0x0000001c   Code   RO          333    !!handler_zi        c_w.l(__scatter_zi.o)
    0x000002d0   0x000002d0   0x00000002   Code   RO          189    .ARM.Collect$$libinit$$00000000  c_w.l(libinit.o)
    0x000002d2   0x000002d2   0x00000004   Code   RO          195    .ARM.Collect$$libinit$$00000001  c_w.l(libinit2.o)
    0x000002d6   0x000002d6   0x00000000   Code   RO          198    .ARM.Collect$$libinit$$00000004  c_w.l(libinit2.o)
    0x000002d6   0x000002d6   0x00000000   Code   RO          200    .ARM.Collect$$libinit$$00000006  c_w.l(libinit2.o)
    0x000002d6   0x000002d6   0x00000000   Code   RO          203    .ARM.Collect$$libinit$$0000000C  c_w.l(libinit2.o)
    0x000002d6   0x000002d6   0x00000000   Code   RO          205    .ARM.Collect$$libinit$$0000000E  c_w.l(libinit2.o)
    0x000002d6   0x000002d6   0x00000000   Code   RO          207    .ARM.Collect$$libinit$$00000010  c_w.l(libinit2.o)
    0x000002d6   0x000002d6   0x00000000   Code   RO          210    .ARM.Collect$$libinit$$00000013  c_w.l(libinit2.o)
    0x000002d6   0x000002d6   0x00000000   Code   RO          212    .ARM.Collect$$libinit$$00000015  c_w.l(libinit2.o)
    0x000002d6   0x000002d6   0x00000000   Code   RO          214    .ARM.Collect$$libinit$$00000017  c_w.l(libinit2.o)
    0x000002d6   0x000002d6   0x00000000   Code   RO          216    .ARM.Collect$$libinit$$00000019  c_w.l(libinit2.o)
    0x000002d6   0x000002d6   0x00000000   Code   RO          218    .ARM.Collect$$libinit$$0000001B  c_w.l(libinit2.o)
    0x000002d6   0x000002d6   0x00000000   Code   RO          220    .ARM.Collect$$libinit$$0000001D  c_w.l(libinit2.o)
    0x000002d6   0x000002d6   0x00000000   Code   RO          222    .ARM.Collect$$libinit$$0000001F  c_w.l(libinit2.o)
    0x000002d6   0x000002d6   0x00000000   Code   RO          224    .ARM.Collect$$libinit$$00000021  c_w.l(libinit2.o)
    0x000002d6   0x000002d6   0x00000000   Code   RO          226    .ARM.Collect$$libinit$$00000023  c_w.l(libinit2.o)
    0x000002d6   0x000002d6   0x00000000   Code   RO          228    .ARM.Collect$$libinit$$00000025  c_w.l(libinit2.o)
    0x000002d6   0x000002d6   0x00000000   Code   RO          230    .ARM.Collect$$libinit$$00000027  c_w.l(libinit2.o)
    0x000002d6   0x000002d6   0x00000000   Code   RO          234    .ARM.Collect$$libinit$$0000002E  c_w.l(libinit2.o)
    0x000002d6   0x000002d6   0x00000000   Code   RO          236    .ARM.Collect$$libinit$$00000030  c_w.l(libinit2.o)
    0x000002d6   0x000002d6   0x00000000   Code   RO          238    .ARM.Collect$$libinit$$00000032  c_w.l(libinit2.o)
    0x000002d6   0x000002d6   0x00000000   Code   RO          240    .ARM.Collect$$libinit$$00000034  c_w.l(libinit2.o)
    0x000002d6   0x000002d6   0x00000002   Code   RO          241    .ARM.Collect$$libinit$$00000035  c_w.l(libinit2.o)
    0x000002d8   0x000002d8   0x00000002   Code   RO          263    .ARM.Collect$$libshutdown$$00000000  c_w.l(libshutdown.o)
    0x000002da   0x000002da   0x00000000   Code   RO          278    .ARM.Collect$$libshutdown$$00000002  c_w.l(libshutdown2.o)
    0x000002da   0x000002da   0x00000000   Code   RO          280    .ARM.Collect$$libshutdown$$00000004  c_w.l(libshutdown2.o)
    0x000002da   0x000002da   0x00000000   Code   RO          283    .ARM.Collect$$libshutdown$$00000007  c_w.l(libshutdown2.o)
    0x000002da   0x000002da   0x00000000   Code   RO          286    .ARM.Collect$$libshutdown$$0000000A  c_w.l(libshutdown2.o)
    0x000002da   0x000002da   0x00000000   Code   RO          288    .ARM.Collect$$libshutdown$$0000000C  c_w.l(libshutdown2.o)
    0x000002da   0x000002da   0x00000000   Code   RO          291    .ARM.Collect$$libshutdown$$0000000F  c_w.l(libshutdown2.o)
    0x000002da   0x000002da   0x00000002   Code   RO          292    .ARM.Collect$$libshutdown$$00000010  c_w.l(libshutdown2.o)
    0x000002dc   0x000002dc   0x00000000   Code   RO          160    .ARM.Collect$$rtentry$$00000000  c_w.l(__rtentry.o)
    0x000002dc   0x000002dc   0x00000000   Code   RO          164    .ARM.Collect$$rtentry$$00000002  c_w.l(__rtentry2.o)
    0x000002dc   0x000002dc   0x00000006   Code   RO          176    .ARM.Collect$$rtentry$$00000004  c_w.l(__rtentry4.o)
    0x000002e2   0x000002e2   0x00000000   Code   RO          166    .ARM.Collect$$rtentry$$00000009  c_w.l(__rtentry2.o)
    0x000002e2   0x000002e2   0x00000004   Code   RO          167    .ARM.Collect$$rtentry$$0000000A  c_w.l(__rtentry2.o)
    0x000002e6   0x000002e6   0x00000000   Code   RO          169    .ARM.Collect$$rtentry$$0000000C  c_w.l(__rtentry2.o)
    0x000002e6   0x000002e6   0x00000008   Code   RO          170    .ARM.Collect$$rtentry$$0000000D  c_w.l(__rtentry2.o)
    0x000002ee   0x000002ee   0x00000002   Code   RO          193    .ARM.Collect$$rtexit$$00000000  c_w.l(rtexit.o)
    0x000002f0   0x000002f0   0x00000000   Code   RO          243    .ARM.Collect$$rtexit$$00000002  c_w.l(rtexit2.o)
    0x000002f0   0x000002f0   0x00000004   Code   RO          244    .ARM.Collect$$rtexit$$00000003  c_w.l(rtexit2.o)
    0x000002f4   0x000002f4   0x00000006   Code   RO          245    .ARM.Collect$$rtexit$$00000004  c_w.l(rtexit2.o)
    0x000002fa   0x000002fa   0x00000002   PAD
    0x000002fc   0x000002fc   0x00000030   Code   RO            4    .text               startup.o
    0x0000032c   0x0000032c   0x000001e4   Code   RO           12    .text               utils.o
    0x00000510   0x00000510   0x00000056   Code   RO          152    .text               c_w.l(strncpy.o)
    0x00000566   0x00000566   0x00000002   PAD
    0x00000568   0x00000568   0x0000007c   Code   RO          154    .text               c_w.l(strcmpv7em.o)
    0x000005e4   0x000005e4   0x00000006   Code   RO          156    .text               c_w.l(heapauxi.o)
    0x000005ea   0x000005ea   0x00000044   Code   RO          161    .text               c_w.l(rt_memclr.o)
    0x0000062e   0x0000062e   0x0000004e   Code   RO          178    .text               c_w.l(rt_memclr_w.o)
    0x0000067c   0x0000067c   0x0000004a   Code   RO          180    .text               c_w.l(sys_stackheap_outer.o)
    0x000006c6   0x000006c6   0x00000012   Code   RO          182    .text               c_w.l(exit.o)
    0x000006d8   0x000006d8   0x00000008   Code   RO          190    .text               c_w.l(libspace.o)
    0x000006e0   0x000006e0   0x0000000c   Code   RO          253    .text               c_w.l(sys_exit.o)
    0x000006ec   0x000006ec   0x00000002   Code   RO          268    .text               c_w.l(use_no_semi.o)
    0x000006ee   0x000006ee   0x00000000   Code   RO          270    .text               c_w.l(indicate_semi.o)
    0x000006ee   0x000006ee   0x00000002   PAD
    0x000006f0   0x000006f0   0x00000018   Code   RO           16    .text.GPIOPortJ_Handler  main.o
    0x00000708   0x00000708   0x00000348   Code   RO           70    .text.GPIO_Init     gpio.o
    0x00000a50   0x00000a50   0x00000014   Code   RO           74    .text.PortA_Output  gpio.o
    0x00000a64   0x00000a64   0x00000020   Code   RO           76    .text.PortB_Output  gpio.o
    0x00000a84   0x00000a84   0x00000014   Code   RO           86    .text.PortH_Output  gpio.o
    0x00000a98   0x00000a98   0x00000014   Code   RO           90    .text.PortK_Output  gpio.o
    0x00000aac   0x00000aac   0x00000010   Code   RO           94    .text.PortL_Input   gpio.o
    0x00000abc   0x00000abc   0x00000014   Code   RO           96    .text.PortM_Output  gpio.o
    0x00000ad0   0x00000ad0   0x00000014   Code   RO          100    .text.PortP_Output  gpio.o
    0x00000ae4   0x00000ae4   0x00000014   Code   RO          102    .text.PortQ_Output  gpio.o
    0x00000af8   0x00000af8   0x0000009c   Code   RO           24    .text.aberto        main.o
    0x00000b94   0x00000b94   0x00000048   Code   RO           26    .text.aberto_para_fechado  main.o
    0x00000bdc   0x00000bdc   0x000000ec   Code   RO          130    .text.ativarMotor   motor.o
    0x00000cc8   0x00000cc8   0x0000001c   Code   RO          142    .text.desligarLeds  led.o
    0x00000ce4   0x00000ce4   0x000000b6   Code   RO           28    .text.fechado       main.o
    0x00000d9a   0x00000d9a   0x00000002   PAD
    0x00000d9c   0x00000d9c   0x0000006c   Code   RO           30    .text.fechado_para_aberto  main.o
    0x00000e08   0x00000e08   0x00000032   Code   RO           36    .text.fechado_para_travado  main.o
    0x00000e3a   0x00000e3a   0x00000002   PAD
    0x00000e3c   0x00000e3c   0x0000005c   Code   RO           72    .text.interrupts_init  gpio.o
    0x00000e98   0x00000e98   0x0000002a   Code   RO          111    .text.lcd_config    lcd.o
    0x00000ec2   0x00000ec2   0x00000002   PAD
    0x00000ec4   0x00000ec4   0x00000030   Code   RO          113    .text.lcd_enviar_cmd  lcd.o
    0x00000ef4   0x00000ef4   0x00000030   Code   RO          115    .text.lcd_escrever_data  lcd.o
    0x00000f24   0x00000f24   0x00000022   Code   RO          117    .text.lcd_escrever_string  lcd.o
    0x00000f46   0x00000f46   0x00000002   PAD
    0x00000f48   0x00000f48   0x000000ba   Code   RO          119    .text.lcd_exibir_linha  lcd.o
    0x00001002   0x00001002   0x00000002   PAD
    0x00001004   0x00001004   0x00000170   Code   RO           22    .text.leitura_senha  main.o
    0x00001174   0x00001174   0x000000ba   Code   RO           34    .text.leitura_senha_mestra  main.o
    0x0000122e   0x0000122e   0x00000002   PAD
    0x00001230   0x00001230   0x00000016   Code   RO          140    .text.ligarLeds     led.o
    0x00001246   0x00001246   0x00000002   PAD
    0x00001248   0x00001248   0x0000007a   Code   RO           40    .text.main          main.o
    0x000012c2   0x000012c2   0x00000002   PAD
    0x000012c4   0x000012c4   0x00000090   Code   RO           18    .text.registraSenha  main.o
    0x00001354   0x00001354   0x000000b8   Code   RO           60    .text.teclado_ler   teclado.o
    0x0000140c   0x0000140c   0x000000b0   Code   RO           38    .text.travado       main.o
    0x000014bc   0x000014bc   0x00000076   Code   RO           20    .text.verifica_senha  main.o
    0x00001532   0x00001532   0x00000002   PAD
    0x00001534   0x00001534   0x000000f0   Code   RO           32    .text.verifica_senha_mestra  main.o
    0x00001624   0x00001624   0x0000001a   Code   RO          251    x$fpl$fpinit        fz_wm.l(fpinit.o)
    0x0000163e   0x0000163e   0x00000002   PAD
    0x00001640   0x00001640   0x00000080   Data   RO          133    .rodata.sequenciaMeioPasso  motor.o
    0x000016c0   0x000016c0   0x00000040   Data   RO          132    .rodata.sequenciaPassoCompleto  motor.o
    0x00001700   0x00001700   0x000000bc   Data   RO           51    .rodata.str1.1      main.o
    0x000017bc   0x000017bc   0x00000020   Data   RO          326    Region$$Table       anon$$obj.o


    Execution Region ER_RW (Exec base: 0x20000000, Load base: 0x000017dc, Size: 0x00000010, Max: 0xffffffff, ABSOLUTE)

    Exec Addr    Load Addr    Size         Type   Attr      Idx    E Section Name        Object

    0x20000000   0x000017dc   0x00000005   Data   RW           45    .data.input         main.o
    0x20000005   0x000017e1   0x00000005   Data   RW           43    .data.senha         main.o
    0x2000000a   0x000017e6   0x00000005   Data   RW           50    .data.senha_mestra  main.o


    Execution Region ER_ZI (Exec base: 0x20000010, Load base: 0x000017ec, Size: 0x00000490, Max: 0xffffffff, ABSOLUTE)

    Exec Addr    Load Addr    Size         Type   Attr      Idx    E Section Name        Object

    0x20000010        -       0x00000060   Zero   RW          191    .bss                c_w.l(libspace.o)
    0x20000070        -       0x00000001   Zero   RW           47    .bss.conta_erros    main.o
    0x20000071   0x000017ec   0x00000001   PAD
    0x20000072        -       0x00000002   Zero   RW           48    .bss.count_display  main.o
    0x20000074        -       0x00000001   Zero   RW           42    .bss.estado         main.o
    0x20000075        -       0x00000001   Zero   RW           46    .bss.input_index    main.o
    0x20000076        -       0x00000011   Zero   RW          121    .bss.lcd_exibir_linha.ultima_linha0  lcd.o
    0x20000087        -       0x00000011   Zero   RW          122    .bss.lcd_exibir_linha.ultima_linha1  lcd.o
    0x20000098        -       0x00000001   Zero   RW           49    .bss.senhaMestraAtivada  main.o
    0x20000099        -       0x00000001   Zero   RW           44    .bss.senha_index    main.o
    0x2000009a   0x000017ec   0x00000006   PAD
    0x200000a0        -       0x00000000   Zero   RW            2    HEAP                startup.o
    0x200000a0        -       0x00000400   Zero   RW            1    STACK               startup.o


==============================================================================

Image component sizes


      Code (inc. data)   RO Data    RW Data    ZI Data      Debug   Object Name

      1100          0          0          0          0       2706   gpio.o
       358          0          0          0         34       2014   lcd.o
        50          0          0          0          0        438   led.o
      1946          6        188         15          7       3779   main.o
       236          0        192          0          0       1205   motor.o
       608        532          0          0       1024       1008   startup.o
       184          0          0          0          0        903   teclado.o
       484         92          0          0          0        368   utils.o

    ----------------------------------------------------------------------
      4984        630        412         16       1072      12421   Object Totals
         0          0         32          0          0          0   (incl. Generated)
        18          0          0          1          7          0   (incl. Padding)

    ----------------------------------------------------------------------

      Code (inc. data)   RO Data    RW Data    ZI Data      Debug   Library Member Name

         8          0          0          0          0         68   __main.o
         0          0          0          0          0          0   __rtentry.o
        12          0          0          0          0          0   __rtentry2.o
         6          0          0          0          0          0   __rtentry4.o
        94          8          0          0          0          0   __scatter.o
        26          0          0          0          0          0   __scatter_copy.o
        28          0          0          0          0          0   __scatter_zi.o
        18          0          0          0          0         80   exit.o
         6          0          0          0          0        152   heapauxi.o
         0          0          0          0          0          0   indicate_semi.o
         2          0          0          0          0          0   libinit.o
         6          0          0          0          0          0   libinit2.o
         2          0          0          0          0          0   libshutdown.o
         2          0          0          0          0          0   libshutdown2.o
         8          4          0          0         96         68   libspace.o
        68          0          0          0          0         68   rt_memclr.o
        78          0          0          0          0         80   rt_memclr_w.o
         2          0          0          0          0          0   rtexit.o
        10          0          0          0          0          0   rtexit2.o
       124          0          0          0          0         88   strcmpv7em.o
        86          0          0          0          0         76   strncpy.o
        12          4          0          0          0         68   sys_exit.o
        74          0          0          0          0         80   sys_stackheap_outer.o
         2          0          0          0          0         68   use_no_semi.o
        26          0          0          0          0        116   fpinit.o

    ----------------------------------------------------------------------
       712         16          0          0         96       1012   Library Totals
        12          0          0          0          0          0   (incl. Padding)

    ----------------------------------------------------------------------

      Code (inc. data)   RO Data    RW Data    ZI Data      Debug   Library Name

       674         16          0          0         96        896   c_w.l
        26          0          0          0          0        116   fz_wm.l

    ----------------------------------------------------------------------
       712         16          0          0         96       1012   Library Totals

    ----------------------------------------------------------------------

==============================================================================


      Code (inc. data)   RO Data    RW Data    ZI Data      Debug   

      5696        646        412         16       1168      13037   Grand Totals
      5696        646        412         16       1168      13037   ELF Image Totals
      5696        646        412         16          0          0   ROM Totals

==============================================================================

    Total RO  Size (Code + RO Data)                 6108 (   5.96kB)
    Total RW  Size (RW Data + ZI Data)              1184 (   1.16kB)
    Total ROM Size (Code + RO Data + RW Data)       6124 (   5.98kB)

==============================================================================

