


ARM Macro Assembler    Page 1 


    1 00000000         ; gpio.s
    2 00000000         ; Desenvolvido para a placa EK-TM4C1294XL
    3 00000000         ; Prof. Guilherme Peron
    4 00000000         ; Ver 1 19/03/2018
    5 00000000         ; Ver 2 26/08/2018
    6 00000000         
    7 00000000         ; ------------------------------------------------------
                       -------------------------
    8 00000000                 THUMB                        ; Instruções do tip
                                                            o Thumb-2
    9 00000000         ; ------------------------------------------------------
                       -------------------------
   10 00000000         ; Declarações EQU - Defines
   11 00000000         ; ========================
   12 00000000         ; ========================
   13 00000000         ; Definições dos Registradores Gerais
   14 00000000 400FE608 
                       SYSCTL_RCGCGPIO_R
                               EQU              0x400FE608
   15 00000000 400FEA08 
                       SYSCTL_PRGPIO_R
                               EQU              0x400FEA08
   16 00000000         ; ========================
   17 00000000         ; Definições dos Ports
   18 00000000         ; PORT J
   19 00000000 40060520 
                       GPIO_PORTJ_AHB_LOCK_R
                               EQU              0x40060520
   20 00000000 40060524 
                       GPIO_PORTJ_AHB_CR_R
                               EQU              0x40060524
   21 00000000 40060528 
                       GPIO_PORTJ_AHB_AMSEL_R
                               EQU              0x40060528
   22 00000000 4006052C 
                       GPIO_PORTJ_AHB_PCTL_R
                               EQU              0x4006052C
   23 00000000 40060400 
                       GPIO_PORTJ_AHB_DIR_R
                               EQU              0x40060400
   24 00000000 40060420 
                       GPIO_PORTJ_AHB_AFSEL_R
                               EQU              0x40060420
   25 00000000 4006051C 
                       GPIO_PORTJ_AHB_DEN_R
                               EQU              0x4006051C
   26 00000000 40060510 
                       GPIO_PORTJ_AHB_PUR_R
                               EQU              0x40060510
   27 00000000 400603FC 
                       GPIO_PORTJ_AHB_DATA_R
                               EQU              0x400603FC
   28 00000000 00000100 
                       GPIO_PORTJ
                               EQU              2_000000100000000
   29 00000000         ; PORT N
   30 00000000 40064520 
                       GPIO_PORTN_AHB_LOCK_R
                               EQU              0x40064520



ARM Macro Assembler    Page 2 


   31 00000000 40064524 
                       GPIO_PORTN_AHB_CR_R
                               EQU              0x40064524
   32 00000000 40064528 
                       GPIO_PORTN_AHB_AMSEL_R
                               EQU              0x40064528
   33 00000000 4006452C 
                       GPIO_PORTN_AHB_PCTL_R
                               EQU              0x4006452C
   34 00000000 40064400 
                       GPIO_PORTN_AHB_DIR_R
                               EQU              0x40064400
   35 00000000 40064420 
                       GPIO_PORTN_AHB_AFSEL_R
                               EQU              0x40064420
   36 00000000 4006451C 
                       GPIO_PORTN_AHB_DEN_R
                               EQU              0x4006451C
   37 00000000 40064510 
                       GPIO_PORTN_AHB_PUR_R
                               EQU              0x40064510
   38 00000000 400643FC 
                       GPIO_PORTN_AHB_DATA_R
                               EQU              0x400643FC
   39 00000000 00001000 
                       GPIO_PORTN
                               EQU              2_001000000000000
   40 00000000         
   41 00000000         
   42 00000000         ; ------------------------------------------------------
                       -------------------------
   43 00000000         ; Área de Código - Tudo abaixo da diretiva a seguir será
                        armazenado na memória de 
   44 00000000         ;                  código
   45 00000000                 AREA             |.text|, CODE, READONLY, ALIGN=
2
   46 00000000         
   47 00000000         ; Se alguma função do arquivo for chamada em outro arqui
                       vo 
   48 00000000                 EXPORT           GPIO_Init   ; Permite chamar GP
                                                            IO_Init de outro ar
                                                            quivo
   49 00000000                 EXPORT           PortN_Output ; Permite chamar P
                                                            ortN_Output de outr
                                                            o arquivo
   50 00000000                 EXPORT           PortJ_Input ; Permite chamar Po
                                                            rtJ_Input de outro 
                                                            arquivo
   51 00000000         
   52 00000000         
   53 00000000         ;-------------------------------------------------------
                       -------------------------
   54 00000000         ; Função GPIO_Init
   55 00000000         ; Parâmetro de entrada: Não tem
   56 00000000         ; Parâmetro de saída: Não tem
   57 00000000         GPIO_Init
   58 00000000         ;=====================
   59 00000000         ; ****************************************
   60 00000000         ; Escrever função de inicialização dos GPIO



ARM Macro Assembler    Page 3 


   61 00000000         ; Inicializar as portas J e N
   62 00000000         ; ****************************************
   63 00000000         ; Inicializa Clock dos GPIOs
   64 00000000 4821            ldr              r0, =SYSCTL_RCGCGPIO_R
   65 00000002 F44F 7180       mov              r1, #GPIO_PORTJ
   66 00000006 F441 5180       orr              r1, #GPIO_PORTN
   67 0000000A 6001            str              r1, [r0]
   68 0000000C         
   69 0000000C         ;Espera GPIOs
   70 0000000C 481F            ldr              r0, =SYSCTL_PRGPIO_R
   71 0000000E         GPIO_Wait
   72 0000000E 6801            ldr              r1, [r0]
   73 00000010 F44F 7280       mov              r2, #GPIO_PORTJ
   74 00000014 F442 5280       orr              r2, #GPIO_PORTN
   75 00000018 4211            tst              r1, r2
   76 0000001A D0F8            beq              GPIO_Wait
   77 0000001C         
   78 0000001C         ; Limpa AMSEL para desabilitar Analogica
   79 0000001C F04F 0100       mov              r1, #0x0
   80 00000020 481B            ldr              r0, =GPIO_PORTJ_AHB_AMSEL_R
   81 00000022 6001            str              r1, [r0]
   82 00000024 481B            ldr              r0, =GPIO_PORTN_AHB_AMSEL_R
   83 00000026 6001            str              r1, [r0]
   84 00000028         
   85 00000028         ; Limpar PCTL para selecionar o GPIO
   86 00000028 F04F 0100       mov              r1, #0x0
   87 0000002C 481A            ldr              r0, =GPIO_PORTJ_AHB_PCTL_R
   88 0000002E 6001            str              r1, [r0]
   89 00000030 481A            ldr              r0, =GPIO_PORTN_AHB_PCTL_R
   90 00000032 6001            str              r1, [r0]
   91 00000034         
   92 00000034         ; Direcao dos GPIOs
   93 00000034 481A            ldr              r0, =GPIO_PORTJ_AHB_DIR_R
   94 00000036 F04F 0100       mov              r1, #0x0
   95 0000003A 6001            str              r1, [r0]
   96 0000003C 4819            ldr              r0, =GPIO_PORTN_AHB_DIR_R
   97 0000003E F04F 0102       mov              r1, #2_10
   98 00000042 6001            str              r1, [r0]
   99 00000044         
  100 00000044         ; Limpa bits AFSEL para nao ter funcao alternativa
  101 00000044 F04F 0100       mov              r1, #0x0
  102 00000048 4817            ldr              r0, =GPIO_PORTJ_AHB_AFSEL_R
  103 0000004A 6001            str              r1, [r0]
  104 0000004C 4817            ldr              r0, =GPIO_PORTN_AHB_AFSEL_R
  105 0000004E 6001            str              r1, [r0]
  106 00000050         
  107 00000050         ; Setar os bits de DEN para habilitar I/O digital
  108 00000050 4817            ldr              r0, =GPIO_PORTJ_AHB_DEN_R
  109 00000052 F04F 0101       mov              r1, #0x1
  110 00000056 6001            str              r1, [r0]
  111 00000058         
  112 00000058 4816            ldr              r0, =GPIO_PORTN_AHB_DEN_R
  113 0000005A F04F 0102       mov              r1, #2_10
  114 0000005E 6001            str              r1, [r0]
  115 00000060         
  116 00000060         ; Para habilitar resistor de pull-up interno, setar PUR 
                       para 1
  117 00000060 4815            ldr              r0, = GPIO_PORTJ_AHB_PUR_R
  118 00000062 F04F 0101       mov              r1, #0x1



ARM Macro Assembler    Page 4 


  119 00000066 6001            str              r1, [r0]
  120 00000068         
  121 00000068 4770            BX               LR
  122 0000006A         
  123 0000006A         ; ------------------------------------------------------
                       -------------------------
  124 0000006A         ; Função PortN_Output
  125 0000006A         ; Parâmetro de entrada: R2
  126 0000006A         ; Parâmetro de saída: Não tem
  127 0000006A         PortN_Output
  128 0000006A         ; ****************************************
  129 0000006A         ; Escrever função que acende ou apaga o LED
  130 0000006A         ; ****************************************
  131 0000006A B40A            push{r1,         r3}
  132 0000006C 4913            ldr              r1, =GPIO_PORTN_AHB_DATA_R
  133 0000006E 680B            ldr              r3, [r1]
  134 00000070 F023 0302       bic              r3, #0x2
  135 00000074 EA42 0203       orr              r2, r2, r3
  136 00000078 600A            str              r2, [r1]
  137 0000007A BC0A            pop{r1,          r3}
  138 0000007C 4770            BX               LR
  139 0000007E         ; ------------------------------------------------------
                       -------------------------
  140 0000007E         ; Função PortJ_Input
  141 0000007E         ; Parâmetro de entrada: Não tem
  142 0000007E         ; Parâmetro de saída: R3 --> o valor da leitura
  143 0000007E         PortJ_Input
  144 0000007E         ; ****************************************
  145 0000007E         ; Escrever função que lê a chave e retorna 
  146 0000007E         ; um registrador se está ativada ou não
  147 0000007E         ; ****************************************
  148 0000007E B402            push{r1}
  149 00000080 490F            ldr              r1, =GPIO_PORTJ_AHB_DATA_R
  150 00000082 680B            ldr              r3, [r1]
  151 00000084 BC02            pop{r1}
  152 00000086 4770            BX               LR
  153 00000088         
  154 00000088                 ALIGN                        ; garante que o fim
                                                             da seção está alin
                                                            hada 
  155 00000088                 END                          ; fim do arquivo
              400FE608 
              400FEA08 
              40060528 
              40064528 
              4006052C 
              4006452C 
              40060400 
              40064400 
              40060420 
              40064420 
              4006051C 
              4006451C 
              40060510 
              400643FC 
              400603FC 
Command Line: --debug --xref --diag_suppress=9931,A1950W --cpu=Cortex-M4.fp.sp 
--depend=.\objects\gpio.d -o.\objects\gpio.o -IC:\Users\rafae\AppData\Local\Arm
\Packs\Keil\TM4C_DFP\1.1.0\Device\Include\TM4C129 --predefine="__EVAL SETA 1" -



ARM Macro Assembler    Page 5 


-predefine="__UVISION_VERSION SETA 543" --predefine="TM4C1294NCPDT SETA 1" --li
st=.\listings\gpio.lst gpio.s



ARM Macro Assembler    Page 1 Alphabetic symbol ordering
Relocatable symbols

.text 00000000

Symbol: .text
   Definitions
      At line 45 in file gpio.s
   Uses
      None
Comment: .text unused
GPIO_Init 00000000

Symbol: GPIO_Init
   Definitions
      At line 57 in file gpio.s
   Uses
      At line 48 in file gpio.s
Comment: GPIO_Init used once
GPIO_Wait 0000000E

Symbol: GPIO_Wait
   Definitions
      At line 71 in file gpio.s
   Uses
      At line 76 in file gpio.s
Comment: GPIO_Wait used once
PortJ_Input 0000007E

Symbol: PortJ_Input
   Definitions
      At line 143 in file gpio.s
   Uses
      At line 50 in file gpio.s
Comment: PortJ_Input used once
PortN_Output 0000006A

Symbol: PortN_Output
   Definitions
      At line 127 in file gpio.s
   Uses
      At line 49 in file gpio.s
Comment: PortN_Output used once
5 symbols



ARM Macro Assembler    Page 1 Alphabetic symbol ordering
Absolute symbols

GPIO_PORTJ 00000100

Symbol: GPIO_PORTJ
   Definitions
      At line 28 in file gpio.s
   Uses
      At line 65 in file gpio.s
      At line 73 in file gpio.s

GPIO_PORTJ_AHB_AFSEL_R 40060420

Symbol: GPIO_PORTJ_AHB_AFSEL_R
   Definitions
      At line 24 in file gpio.s
   Uses
      At line 102 in file gpio.s
Comment: GPIO_PORTJ_AHB_AFSEL_R used once
GPIO_PORTJ_AHB_AMSEL_R 40060528

Symbol: GPIO_PORTJ_AHB_AMSEL_R
   Definitions
      At line 21 in file gpio.s
   Uses
      At line 80 in file gpio.s
Comment: GPIO_PORTJ_AHB_AMSEL_R used once
GPIO_PORTJ_AHB_CR_R 40060524

Symbol: GPIO_PORTJ_AHB_CR_R
   Definitions
      At line 20 in file gpio.s
   Uses
      None
Comment: GPIO_PORTJ_AHB_CR_R unused
GPIO_PORTJ_AHB_DATA_R 400603FC

Symbol: GPIO_PORTJ_AHB_DATA_R
   Definitions
      At line 27 in file gpio.s
   Uses
      At line 149 in file gpio.s
Comment: GPIO_PORTJ_AHB_DATA_R used once
GPIO_PORTJ_AHB_DEN_R 4006051C

Symbol: GPIO_PORTJ_AHB_DEN_R
   Definitions
      At line 25 in file gpio.s
   Uses
      At line 108 in file gpio.s
Comment: GPIO_PORTJ_AHB_DEN_R used once
GPIO_PORTJ_AHB_DIR_R 40060400

Symbol: GPIO_PORTJ_AHB_DIR_R
   Definitions
      At line 23 in file gpio.s
   Uses
      At line 93 in file gpio.s
Comment: GPIO_PORTJ_AHB_DIR_R used once
GPIO_PORTJ_AHB_LOCK_R 40060520




ARM Macro Assembler    Page 2 Alphabetic symbol ordering
Absolute symbols

Symbol: GPIO_PORTJ_AHB_LOCK_R
   Definitions
      At line 19 in file gpio.s
   Uses
      None
Comment: GPIO_PORTJ_AHB_LOCK_R unused
GPIO_PORTJ_AHB_PCTL_R 4006052C

Symbol: GPIO_PORTJ_AHB_PCTL_R
   Definitions
      At line 22 in file gpio.s
   Uses
      At line 87 in file gpio.s
Comment: GPIO_PORTJ_AHB_PCTL_R used once
GPIO_PORTJ_AHB_PUR_R 40060510

Symbol: GPIO_PORTJ_AHB_PUR_R
   Definitions
      At line 26 in file gpio.s
   Uses
      At line 117 in file gpio.s
Comment: GPIO_PORTJ_AHB_PUR_R used once
GPIO_PORTN 00001000

Symbol: GPIO_PORTN
   Definitions
      At line 39 in file gpio.s
   Uses
      At line 66 in file gpio.s
      At line 74 in file gpio.s

GPIO_PORTN_AHB_AFSEL_R 40064420

Symbol: GPIO_PORTN_AHB_AFSEL_R
   Definitions
      At line 35 in file gpio.s
   Uses
      At line 104 in file gpio.s
Comment: GPIO_PORTN_AHB_AFSEL_R used once
GPIO_PORTN_AHB_AMSEL_R 40064528

Symbol: GPIO_PORTN_AHB_AMSEL_R
   Definitions
      At line 32 in file gpio.s
   Uses
      At line 82 in file gpio.s
Comment: GPIO_PORTN_AHB_AMSEL_R used once
GPIO_PORTN_AHB_CR_R 40064524

Symbol: GPIO_PORTN_AHB_CR_R
   Definitions
      At line 31 in file gpio.s
   Uses
      None
Comment: GPIO_PORTN_AHB_CR_R unused
GPIO_PORTN_AHB_DATA_R 400643FC

Symbol: GPIO_PORTN_AHB_DATA_R
   Definitions



ARM Macro Assembler    Page 3 Alphabetic symbol ordering
Absolute symbols

      At line 38 in file gpio.s
   Uses
      At line 132 in file gpio.s
Comment: GPIO_PORTN_AHB_DATA_R used once
GPIO_PORTN_AHB_DEN_R 4006451C

Symbol: GPIO_PORTN_AHB_DEN_R
   Definitions
      At line 36 in file gpio.s
   Uses
      At line 112 in file gpio.s
Comment: GPIO_PORTN_AHB_DEN_R used once
GPIO_PORTN_AHB_DIR_R 40064400

Symbol: GPIO_PORTN_AHB_DIR_R
   Definitions
      At line 34 in file gpio.s
   Uses
      At line 96 in file gpio.s
Comment: GPIO_PORTN_AHB_DIR_R used once
GPIO_PORTN_AHB_LOCK_R 40064520

Symbol: GPIO_PORTN_AHB_LOCK_R
   Definitions
      At line 30 in file gpio.s
   Uses
      None
Comment: GPIO_PORTN_AHB_LOCK_R unused
GPIO_PORTN_AHB_PCTL_R 4006452C

Symbol: GPIO_PORTN_AHB_PCTL_R
   Definitions
      At line 33 in file gpio.s
   Uses
      At line 89 in file gpio.s
Comment: GPIO_PORTN_AHB_PCTL_R used once
GPIO_PORTN_AHB_PUR_R 40064510

Symbol: GPIO_PORTN_AHB_PUR_R
   Definitions
      At line 37 in file gpio.s
   Uses
      None
Comment: GPIO_PORTN_AHB_PUR_R unused
SYSCTL_PRGPIO_R 400FEA08

Symbol: SYSCTL_PRGPIO_R
   Definitions
      At line 15 in file gpio.s
   Uses
      At line 70 in file gpio.s
Comment: SYSCTL_PRGPIO_R used once
SYSCTL_RCGCGPIO_R 400FE608

Symbol: SYSCTL_RCGCGPIO_R
   Definitions
      At line 14 in file gpio.s
   Uses
      At line 64 in file gpio.s



ARM Macro Assembler    Page 4 Alphabetic symbol ordering
Absolute symbols

Comment: SYSCTL_RCGCGPIO_R used once
22 symbols
363 symbols in table
