Component: Arm Compiler for Embedded 6.24 Tool: armlink [5f371500]

==============================================================================

Section Cross References

    startup.o(STACK) refers (Special) to heapauxi.o(.text) for __use_two_region_memory
    startup.o(HEAP) refers (Special) to heapauxi.o(.text) for __use_two_region_memory
    startup.o(RESET) refers (Special) to heapauxi.o(.text) for __use_two_region_memory
    startup.o(RESET) refers to startup.o(STACK) for StackMem
    startup.o(RESET) refers to main.o(.text.Timer2A_Handler) for Timer2A_Handler
    startup.o(RESET) refers to __main.o(!!!main) for __main
    startup.o(.text) refers (Special) to heapauxi.o(.text) for __use_two_region_memory
    startup.o(.text) refers to startup.o(HEAP) for HeapMem
    startup.o(.text) refers to startup.o(STACK) for StackMem
    main.o(.text.setHigh) refers to main.o(.bss.sentido) for sentido
    main.o(.text.setHigh) refers to main.o(.bss.estadoPE0) for estadoPE0
    main.o(.text.setHigh) refers to main.o(.bss.estadoPE1) for estadoPE1
    main.o(.text.setHigh) refers to main.o(.bss.estadoLed1) for estadoLed1
    main.o(.text.setHigh) refers to main.o(.bss.estadoLed2) for estadoLed2
    main.o(.text.setHigh) refers to gpio.o(.text.PortE_Output) for PortE_Output
    main.o(.text.setHigh) refers to gpio.o(.text.PortN_Output) for PortN_Output
    main.o(.ARM.exidx.text.setHigh) refers to main.o(.text.setHigh) for [Anonymous Symbol]
    main.o(.text.setLow) refers to main.o(.bss.estadoPE0) for estadoPE0
    main.o(.text.setLow) refers to main.o(.bss.estadoPE1) for estadoPE1
    main.o(.text.setLow) refers to main.o(.bss.estadoLed1) for estadoLed1
    main.o(.text.setLow) refers to main.o(.bss.estadoLed2) for estadoLed2
    main.o(.text.setLow) refers to gpio.o(.text.PortE_Output) for PortE_Output
    main.o(.text.setLow) refers to gpio.o(.text.PortN_Output) for PortN_Output
    main.o(.ARM.exidx.text.setLow) refers to main.o(.text.setLow) for [Anonymous Symbol]
    main.o(.text.Timer2A_Handler) refers to main.o(.bss.velocidadeAtual) for velocidadeAtual
    main.o(.text.Timer2A_Handler) refers to main.o(.bss.estadoPE0) for estadoPE0
    main.o(.text.Timer2A_Handler) refers to main.o(.bss.estadoPE1) for estadoPE1
    main.o(.text.Timer2A_Handler) refers to gpio.o(.text.PortE_Output) for PortE_Output
    main.o(.text.Timer2A_Handler) refers to main.o(.bss.estadoLed1) for estadoLed1
    main.o(.text.Timer2A_Handler) refers to main.o(.bss.estadoLed2) for estadoLed2
    main.o(.text.Timer2A_Handler) refers to gpio.o(.text.PortN_Output) for PortN_Output
    main.o(.text.Timer2A_Handler) refers to main.o(.bss.estadoTimer) for estadoTimer
    main.o(.text.Timer2A_Handler) refers to main.o(.bss.tempoHigh) for tempoHigh
    main.o(.text.Timer2A_Handler) refers to main.o(.text.setHigh) for setHigh
    main.o(.text.Timer2A_Handler) refers to main.o(.bss.tempoLow) for tempoLow
    main.o(.text.Timer2A_Handler) refers to main.o(.text.setLow) for setLow
    main.o(.ARM.exidx.text.Timer2A_Handler) refers to main.o(.text.Timer2A_Handler) for [Anonymous Symbol]
    main.o(.text.printSentido) refers to main.o(.rodata.str1.1) for .L.str
    main.o(.text.printSentido) refers to uart.o(.text.print) for print
    main.o(.text.printSentido) refers to main.o(.bss.sentido) for sentido
    main.o(.text.printSentido) refers to uart.o(.text.println) for println
    main.o(.text.printSentido) refers to main.o(.bss.sentidoDesejado) for sentidoDesejado
    main.o(.ARM.exidx.text.printSentido) refers to main.o(.text.printSentido) for [Anonymous Symbol]
    main.o(.text.printVelocidade) refers to main.o(.rodata.str1.1) for .L.str.4
    main.o(.text.printVelocidade) refers to uart.o(.text.print) for print
    main.o(.text.printVelocidade) refers to main.o(.bss.velocidadeAtual) for velocidadeAtual
    main.o(.text.printVelocidade) refers to uart.o(.text.printNumero) for printNumero
    main.o(.text.printVelocidade) refers to uart.o(.text.println) for println
    main.o(.text.printVelocidade) refers to main.o(.bss.velocidadeDesejada) for velocidadeDesejada
    main.o(.ARM.exidx.text.printVelocidade) refers to main.o(.text.printVelocidade) for [Anonymous Symbol]
    main.o(.text.calculoTemposVelocidade) refers to main.o(.bss.tempoHigh) for tempoHigh
    main.o(.text.calculoTemposVelocidade) refers to main.o(.bss.tempoLow) for tempoLow
    main.o(.ARM.exidx.text.calculoTemposVelocidade) refers to main.o(.text.calculoTemposVelocidade) for [Anonymous Symbol]
    main.o(.text.ajusteVelocidade) refers to main.o(.bss.sentidoDesejado) for sentidoDesejado
    main.o(.text.ajusteVelocidade) refers to main.o(.bss.sentido) for sentido
    main.o(.text.ajusteVelocidade) refers to main.o(.bss.velocidadeAtual) for velocidadeAtual
    main.o(.text.ajusteVelocidade) refers to main.o(.bss.velocidadeDesejada) for velocidadeDesejada
    main.o(.ARM.exidx.text.ajusteVelocidade) refers to main.o(.text.ajusteVelocidade) for [Anonymous Symbol]
    main.o(.text.passo2) refers to main.o(.bss.velocidadeAtual) for velocidadeAtual
    main.o(.text.passo2) refers to main.o(.bss.velocidadeDesejada) for velocidadeDesejada
    main.o(.text.passo2) refers to main.o(.rodata.str1.1) for .L.str.7
    main.o(.text.passo2) refers to uart.o(.text.println) for println
    main.o(.text.passo2) refers to uart.o(.text.lerUART) for lerUART
    main.o(.text.passo2) refers to main.o(.data.estado) for estado
    main.o(.ARM.exidx.text.passo2) refers to main.o(.text.passo2) for [Anonymous Symbol]
    main.o(.text.passo3) refers to main.o(.rodata.str1.1) for .L.str.8
    main.o(.text.passo3) refers to uart.o(.text.println) for println
    main.o(.text.passo3) refers to uart.o(.text.lerUART) for lerUART
    main.o(.text.passo3) refers to main.o(.data.estado) for estado
    main.o(.ARM.exidx.text.passo3) refers to main.o(.text.passo3) for [Anonymous Symbol]
    main.o(.text.selecionarVelocidade) refers to main.o(.rodata.str1.1) for .L.str.11
    main.o(.text.selecionarVelocidade) refers to uart.o(.text.println) for println
    main.o(.text.selecionarVelocidade) refers to main.o(.bss.velocidadeDesejada) for velocidadeDesejada
    main.o(.ARM.exidx.text.selecionarVelocidade) refers to main.o(.text.selecionarVelocidade) for [Anonymous Symbol]
    main.o(.text.selecionarSentido) refers to main.o(.rodata.str1.1) for .L.str.17
    main.o(.text.selecionarSentido) refers to uart.o(.text.println) for println
    main.o(.text.selecionarSentido) refers to main.o(.bss.sentidoDesejado) for sentidoDesejado
    main.o(.ARM.exidx.text.selecionarSentido) refers to main.o(.text.selecionarSentido) for [Anonymous Symbol]
    main.o(.text.passo4) refers to main.o(.rodata.str1.1) for .L.str.19
    main.o(.text.passo4) refers to uart.o(.text.println) for println
    main.o(.text.passo4) refers to uart.o(.text.lerUART) for lerUART
    main.o(.text.passo4) refers to main.o(.text.selecionarSentido) for selecionarSentido
    main.o(.text.passo4) refers to main.o(.text.selecionarVelocidade) for selecionarVelocidade
    main.o(.text.passo4) refers to main.o(.text.printSentido) for printSentido
    main.o(.text.passo4) refers to main.o(.text.printVelocidade) for printVelocidade
    main.o(.text.passo4) refers to main.o(.text.ajusteVelocidade) for ajusteVelocidade
    main.o(.text.passo4) refers to main.o(.bss.velocidadeAtual) for velocidadeAtual
    main.o(.text.passo4) refers to main.o(.text.calculoTemposVelocidade) for calculoTemposVelocidade
    main.o(.text.passo4) refers to utils.o(.text) for SysTick_Wait1ms
    main.o(.text.passo4) refers to main.o(.data.estado) for estado
    main.o(.ARM.exidx.text.passo4) refers to main.o(.text.passo4) for [Anonymous Symbol]
    main.o(.text.passo5) refers to main.o(.rodata.str1.1) for .L.str.30
    main.o(.text.passo5) refers to uart.o(.text.println) for println
    main.o(.text.passo5) refers to uart.o(.text.lerUART) for lerUART
    main.o(.text.passo5) refers to adc.o(.text.leituraADC) for leituraADC
    main.o(.text.passo5) refers to main.o(.text.printSentido) for printSentido
    main.o(.text.passo5) refers to main.o(.text.printVelocidade) for printVelocidade
    main.o(.text.passo5) refers to main.o(.bss.sentidoDesejado) for sentidoDesejado
    main.o(.text.passo5) refers to main.o(.bss.velocidadeDesejada) for velocidadeDesejada
    main.o(.text.passo5) refers to main.o(.text.ajusteVelocidade) for ajusteVelocidade
    main.o(.text.passo5) refers to main.o(.bss.velocidadeAtual) for velocidadeAtual
    main.o(.text.passo5) refers to main.o(.text.calculoTemposVelocidade) for calculoTemposVelocidade
    main.o(.text.passo5) refers to utils.o(.text) for SysTick_Wait1ms
    main.o(.text.passo5) refers to main.o(.data.estado) for estado
    main.o(.ARM.exidx.text.passo5) refers to main.o(.text.passo5) for [Anonymous Symbol]
    main.o(.text.main) refers to utils.o(.text) for PLL_Init
    main.o(.text.main) refers to gpio.o(.text.GPIO_Init) for GPIO_Init
    main.o(.text.main) refers to uart.o(.text.configUART) for configUART
    main.o(.text.main) refers to adc.o(.text.configADC) for configADC
    main.o(.text.main) refers to main.o(.rodata.str1.1) for .L.str.31
    main.o(.text.main) refers to uart.o(.text.println) for println
    main.o(.text.main) refers to timer.o(.text.configTimer) for configTimer
    main.o(.text.main) refers to gpio.o(.text.PortE_Output) for PortE_Output
    main.o(.text.main) refers to gpio.o(.text.PortF_Output) for PortF_Output
    main.o(.text.main) refers to uart.o(.text.print) for print
    main.o(.text.main) refers to main.o(.data.estado) for estado
    main.o(.text.main) refers to main.o(.text.passo2) for passo2
    main.o(.text.main) refers to main.o(.text.passo3) for passo3
    main.o(.text.main) refers to main.o(.text.passo4) for passo4
    main.o(.text.main) refers to main.o(.text.passo5) for passo5
    main.o(.ARM.exidx.text.main) refers to main.o(.text.main) for [Anonymous Symbol]
    teclado.o(.text.teclado_ler) refers to gpio.o(.text.PortM_Output) for PortM_Output
    teclado.o(.text.teclado_ler) refers to utils.o(.text) for SysTick_Wait1us
    teclado.o(.text.teclado_ler) refers to gpio.o(.text.PortL_Input) for PortL_Input
    teclado.o(.ARM.exidx.text.teclado_ler) refers to teclado.o(.text.teclado_ler) for [Anonymous Symbol]
    gpio.o(.ARM.exidx.text.GPIO_Init) refers to gpio.o(.text.GPIO_Init) for [Anonymous Symbol]
    gpio.o(.ARM.exidx.text.interrupts_init) refers to gpio.o(.text.interrupts_init) for [Anonymous Symbol]
    gpio.o(.ARM.exidx.text.PortA_Output) refers to gpio.o(.text.PortA_Output) for [Anonymous Symbol]
    gpio.o(.ARM.exidx.text.PortB_Output) refers to gpio.o(.text.PortB_Output) for [Anonymous Symbol]
    gpio.o(.ARM.exidx.text.PortD_Output) refers to gpio.o(.text.PortD_Output) for [Anonymous Symbol]
    gpio.o(.ARM.exidx.text.PortE_Output) refers to gpio.o(.text.PortE_Output) for [Anonymous Symbol]
    gpio.o(.ARM.exidx.text.PortE_Input) refers to gpio.o(.text.PortE_Input) for [Anonymous Symbol]
    gpio.o(.ARM.exidx.text.PortF_Output) refers to gpio.o(.text.PortF_Output) for [Anonymous Symbol]
    gpio.o(.ARM.exidx.text.PortH_Output) refers to gpio.o(.text.PortH_Output) for [Anonymous Symbol]
    gpio.o(.ARM.exidx.text.PortJ_Input) refers to gpio.o(.text.PortJ_Input) for [Anonymous Symbol]
    gpio.o(.ARM.exidx.text.PortK_Output) refers to gpio.o(.text.PortK_Output) for [Anonymous Symbol]
    gpio.o(.ARM.exidx.text.PortL_Output) refers to gpio.o(.text.PortL_Output) for [Anonymous Symbol]
    gpio.o(.ARM.exidx.text.PortL_Input) refers to gpio.o(.text.PortL_Input) for [Anonymous Symbol]
    gpio.o(.ARM.exidx.text.PortM_Output) refers to gpio.o(.text.PortM_Output) for [Anonymous Symbol]
    gpio.o(.ARM.exidx.text.PortN_Output) refers to gpio.o(.text.PortN_Output) for [Anonymous Symbol]
    gpio.o(.ARM.exidx.text.PortP_Output) refers to gpio.o(.text.PortP_Output) for [Anonymous Symbol]
    gpio.o(.ARM.exidx.text.PortQ_Output) refers to gpio.o(.text.PortQ_Output) for [Anonymous Symbol]
    lcd.o(.text.lcd_config) refers to lcd.o(.text.lcd_enviar_cmd) for lcd_enviar_cmd
    lcd.o(.text.lcd_config) refers to utils.o(.text) for SysTick_Wait1us
    lcd.o(.ARM.exidx.text.lcd_config) refers to lcd.o(.text.lcd_config) for [Anonymous Symbol]
    lcd.o(.text.lcd_enviar_cmd) refers to gpio.o(.text.PortK_Output) for PortK_Output
    lcd.o(.text.lcd_enviar_cmd) refers to gpio.o(.text.PortM_Output) for PortM_Output
    lcd.o(.text.lcd_enviar_cmd) refers to utils.o(.text) for SysTick_Wait1us
    lcd.o(.ARM.exidx.text.lcd_enviar_cmd) refers to lcd.o(.text.lcd_enviar_cmd) for [Anonymous Symbol]
    lcd.o(.text.lcd_escrever_data) refers to gpio.o(.text.PortK_Output) for PortK_Output
    lcd.o(.text.lcd_escrever_data) refers to gpio.o(.text.PortM_Output) for PortM_Output
    lcd.o(.text.lcd_escrever_data) refers to utils.o(.text) for SysTick_Wait1us
    lcd.o(.ARM.exidx.text.lcd_escrever_data) refers to lcd.o(.text.lcd_escrever_data) for [Anonymous Symbol]
    lcd.o(.text.lcd_escrever_string) refers to lcd.o(.text.lcd_escrever_data) for lcd_escrever_data
    lcd.o(.ARM.exidx.text.lcd_escrever_string) refers to lcd.o(.text.lcd_escrever_string) for [Anonymous Symbol]
    lcd.o(.text.lcd_exibir_linha) refers to lcd.o(.bss.lcd_exibir_linha.ultima_linha0) for lcd_exibir_linha.ultima_linha0
    lcd.o(.text.lcd_exibir_linha) refers to strcmpv7em.o(.text) for strcmp
    lcd.o(.text.lcd_exibir_linha) refers to strncpy.o(.text) for strncpy
    lcd.o(.text.lcd_exibir_linha) refers to lcd.o(.bss.lcd_exibir_linha.ultima_linha1) for lcd_exibir_linha.ultima_linha1
    lcd.o(.text.lcd_exibir_linha) refers to lcd.o(.text.lcd_enviar_cmd) for lcd_enviar_cmd
    lcd.o(.text.lcd_exibir_linha) refers to lcd.o(.text.lcd_escrever_string) for lcd_escrever_string
    lcd.o(.ARM.exidx.text.lcd_exibir_linha) refers to lcd.o(.text.lcd_exibir_linha) for [Anonymous Symbol]
    motor.o(.text.ativarMotor) refers to motor.o(.rodata.sequenciaPassoCompletoBit) for sequenciaPassoCompletoBit
    motor.o(.text.ativarMotor) refers to motor.o(.rodata.sequenciaMeioPassoBit) for sequenciaMeioPassoBit
    motor.o(.text.ativarMotor) refers to gpio.o(.text.PortH_Output) for PortH_Output
    motor.o(.text.ativarMotor) refers to utils.o(.text) for SysTick_Wait1ms
    motor.o(.ARM.exidx.text.ativarMotor) refers to motor.o(.text.ativarMotor) for [Anonymous Symbol]
    led.o(.text.ligarLeds) refers to gpio.o(.text.PortQ_Output) for PortQ_Output
    led.o(.text.ligarLeds) refers to gpio.o(.text.PortA_Output) for PortA_Output
    led.o(.text.ligarLeds) refers to gpio.o(.text.PortP_Output) for PortP_Output
    led.o(.ARM.exidx.text.ligarLeds) refers to led.o(.text.ligarLeds) for [Anonymous Symbol]
    led.o(.text.desligarLeds) refers to gpio.o(.text.PortQ_Output) for PortQ_Output
    led.o(.text.desligarLeds) refers to gpio.o(.text.PortA_Output) for PortA_Output
    led.o(.text.desligarLeds) refers to gpio.o(.text.PortP_Output) for PortP_Output
    led.o(.ARM.exidx.text.desligarLeds) refers to led.o(.text.desligarLeds) for [Anonymous Symbol]
    uart.o(.ARM.exidx.text.configUART) refers to uart.o(.text.configUART) for [Anonymous Symbol]
    uart.o(.ARM.exidx.text.lerUART) refers to uart.o(.text.lerUART) for [Anonymous Symbol]
    uart.o(.ARM.exidx.text.escreverUART) refers to uart.o(.text.escreverUART) for [Anonymous Symbol]
    uart.o(.text.print) refers to uart.o(.text.escreverUART) for escreverUART
    uart.o(.ARM.exidx.text.print) refers to uart.o(.text.print) for [Anonymous Symbol]
    uart.o(.text.println) refers to uart.o(.text.escreverUART) for escreverUART
    uart.o(.text.println) refers to utils.o(.text) for SysTick_Wait1ms
    uart.o(.ARM.exidx.text.println) refers to uart.o(.text.println) for [Anonymous Symbol]
    uart.o(.text.printNumero) refers to uart.o(.text.print) for print
    uart.o(.ARM.exidx.text.printNumero) refers to uart.o(.text.printNumero) for [Anonymous Symbol]
    adc.o(.ARM.exidx.text.configADC) refers to adc.o(.text.configADC) for [Anonymous Symbol]
    adc.o(.ARM.exidx.text.leituraADC) refers to adc.o(.text.leituraADC) for [Anonymous Symbol]
    timer.o(.ARM.exidx.text.configTimer) refers to timer.o(.text.configTimer) for [Anonymous Symbol]
    strncpy.o(.text) refers to rt_memclr.o(.text) for __aeabi_memclr
    __main.o(!!!main) refers to __rtentry.o(.ARM.Collect$$rtentry$$00000000) for __rt_entry
    __rtentry.o(.ARM.Collect$$rtentry$$00000000) refers (Special) to __rtentry2.o(.ARM.Collect$$rtentry$$0000000A) for __rt_entry_li
    __rtentry.o(.ARM.Collect$$rtentry$$00000000) refers (Special) to __rtentry2.o(.ARM.Collect$$rtentry$$0000000D) for __rt_entry_main
    __rtentry.o(.ARM.Collect$$rtentry$$00000000) refers (Special) to __rtentry2.o(.ARM.Collect$$rtentry$$0000000C) for __rt_entry_postli_1
    __rtentry.o(.ARM.Collect$$rtentry$$00000000) refers (Special) to __rtentry2.o(.ARM.Collect$$rtentry$$00000009) for __rt_entry_postsh_1
    __rtentry.o(.ARM.Collect$$rtentry$$00000000) refers (Special) to __rtentry2.o(.ARM.Collect$$rtentry$$00000002) for __rt_entry_presh_1
    __rtentry.o(.ARM.Collect$$rtentry$$00000000) refers (Special) to __rtentry4.o(.ARM.Collect$$rtentry$$00000004) for __rt_entry_sh
    rt_memclr.o(.text) refers to rt_memclr_w.o(.text) for _memset_w
    __rtentry2.o(.ARM.Collect$$rtentry$$00000008) refers to boardinit2.o(.text) for _platform_post_stackheap_init
    __rtentry2.o(.ARM.Collect$$rtentry$$0000000A) refers to libinit.o(.ARM.Collect$$libinit$$00000000) for __rt_lib_init
    __rtentry2.o(.ARM.Collect$$rtentry$$0000000B) refers to boardinit3.o(.text) for _platform_post_lib_init
    __rtentry2.o(.ARM.Collect$$rtentry$$0000000D) refers to main.o(.text.main) for main
    __rtentry2.o(.ARM.Collect$$rtentry$$0000000D) refers to exit.o(.text) for exit
    __rtentry2.o(.ARM.exidx) refers to __rtentry2.o(.ARM.Collect$$rtentry$$00000001) for .ARM.Collect$$rtentry$$00000001
    __rtentry2.o(.ARM.exidx) refers to __rtentry2.o(.ARM.Collect$$rtentry$$00000008) for .ARM.Collect$$rtentry$$00000008
    __rtentry2.o(.ARM.exidx) refers to __rtentry2.o(.ARM.Collect$$rtentry$$0000000A) for .ARM.Collect$$rtentry$$0000000A
    __rtentry2.o(.ARM.exidx) refers to __rtentry2.o(.ARM.Collect$$rtentry$$0000000B) for .ARM.Collect$$rtentry$$0000000B
    __rtentry2.o(.ARM.exidx) refers to __rtentry2.o(.ARM.Collect$$rtentry$$0000000D) for .ARM.Collect$$rtentry$$0000000D
    __rtentry4.o(.ARM.Collect$$rtentry$$00000004) refers to sys_stackheap_outer.o(.text) for __user_setup_stackheap
    __rtentry4.o(.ARM.exidx) refers to __rtentry4.o(.ARM.Collect$$rtentry$$00000004) for .ARM.Collect$$rtentry$$00000004
    sys_stackheap_outer.o(.text) refers to libspace.o(.text) for __user_perproc_libspace
    sys_stackheap_outer.o(.text) refers to startup.o(.text) for __user_initial_stackheap
    exit.o(.text) refers to rtexit.o(.ARM.Collect$$rtexit$$00000000) for __rt_exit
    libinit.o(.ARM.Collect$$libinit$$00000000) refers (Special) to libinit2.o(.ARM.Collect$$libinit$$00000030) for __rt_lib_init_alloca_1
    libinit.o(.ARM.Collect$$libinit$$00000000) refers (Special) to libinit2.o(.ARM.Collect$$libinit$$0000002E) for __rt_lib_init_argv_1
    libinit.o(.ARM.Collect$$libinit$$00000000) refers (Special) to libinit2.o(.ARM.Collect$$libinit$$0000001D) for __rt_lib_init_atexit_1
    libinit.o(.ARM.Collect$$libinit$$00000000) refers (Special) to libinit2.o(.ARM.Collect$$libinit$$00000023) for __rt_lib_init_clock_1
    libinit.o(.ARM.Collect$$libinit$$00000000) refers (Special) to libinit2.o(.ARM.Collect$$libinit$$00000034) for __rt_lib_init_cpp_1
    libinit.o(.ARM.Collect$$libinit$$00000000) refers (Special) to libinit2.o(.ARM.Collect$$libinit$$00000032) for __rt_lib_init_exceptions_1
    libinit.o(.ARM.Collect$$libinit$$00000000) refers (Special) to libinit2.o(.ARM.Collect$$libinit$$00000001) for __rt_lib_init_fp_1
    libinit.o(.ARM.Collect$$libinit$$00000000) refers (Special) to libinit2.o(.ARM.Collect$$libinit$$00000021) for __rt_lib_init_fp_trap_1
    libinit.o(.ARM.Collect$$libinit$$00000000) refers (Special) to libinit2.o(.ARM.Collect$$libinit$$00000025) for __rt_lib_init_getenv_1
    libinit.o(.ARM.Collect$$libinit$$00000000) refers (Special) to libinit2.o(.ARM.Collect$$libinit$$0000000C) for __rt_lib_init_heap_1
    libinit.o(.ARM.Collect$$libinit$$00000000) refers (Special) to libinit2.o(.ARM.Collect$$libinit$$00000013) for __rt_lib_init_lc_collate_1
    libinit.o(.ARM.Collect$$libinit$$00000000) refers (Special) to libinit2.o(.ARM.Collect$$libinit$$00000015) for __rt_lib_init_lc_ctype_1
    libinit.o(.ARM.Collect$$libinit$$00000000) refers (Special) to libinit2.o(.ARM.Collect$$libinit$$00000017) for __rt_lib_init_lc_monetary_1
    libinit.o(.ARM.Collect$$libinit$$00000000) refers (Special) to libinit2.o(.ARM.Collect$$libinit$$00000019) for __rt_lib_init_lc_numeric_1
    libinit.o(.ARM.Collect$$libinit$$00000000) refers (Special) to libinit2.o(.ARM.Collect$$libinit$$0000001B) for __rt_lib_init_lc_time_1
    libinit.o(.ARM.Collect$$libinit$$00000000) refers (Special) to libinit2.o(.ARM.Collect$$libinit$$00000006) for __rt_lib_init_preinit_1
    libinit.o(.ARM.Collect$$libinit$$00000000) refers (Special) to libinit2.o(.ARM.Collect$$libinit$$00000010) for __rt_lib_init_rand_1
    libinit.o(.ARM.Collect$$libinit$$00000000) refers (Special) to libinit2.o(.ARM.Collect$$libinit$$00000004) for __rt_lib_init_relocate_pie_1
    libinit.o(.ARM.Collect$$libinit$$00000000) refers (Special) to libinit2.o(.ARM.Collect$$libinit$$00000035) for __rt_lib_init_return
    libinit.o(.ARM.Collect$$libinit$$00000000) refers (Special) to libinit2.o(.ARM.Collect$$libinit$$0000001F) for __rt_lib_init_signal_1
    libinit.o(.ARM.Collect$$libinit$$00000000) refers (Special) to libinit2.o(.ARM.Collect$$libinit$$00000027) for __rt_lib_init_stdio_1
    libinit.o(.ARM.Collect$$libinit$$00000000) refers (Special) to libinit2.o(.ARM.Collect$$libinit$$0000000E) for __rt_lib_init_user_alloc_1
    libspace.o(.text) refers to libspace.o(.bss) for __libspace_start
    rtexit.o(.ARM.Collect$$rtexit$$00000000) refers (Special) to rtexit2.o(.ARM.Collect$$rtexit$$00000004) for __rt_exit_exit
    rtexit.o(.ARM.Collect$$rtexit$$00000000) refers (Special) to rtexit2.o(.ARM.Collect$$rtexit$$00000003) for __rt_exit_ls
    rtexit.o(.ARM.Collect$$rtexit$$00000000) refers (Special) to rtexit2.o(.ARM.Collect$$rtexit$$00000002) for __rt_exit_prels_1
    rtexit.o(.ARM.exidx) refers (Special) to rtexit2.o(.ARM.Collect$$rtexit$$00000004) for __rt_exit_exit
    rtexit.o(.ARM.exidx) refers (Special) to rtexit2.o(.ARM.Collect$$rtexit$$00000003) for __rt_exit_ls
    rtexit.o(.ARM.exidx) refers (Special) to rtexit2.o(.ARM.Collect$$rtexit$$00000002) for __rt_exit_prels_1
    rtexit.o(.ARM.exidx) refers to rtexit.o(.ARM.Collect$$rtexit$$00000000) for .ARM.Collect$$rtexit$$00000000
    libinit2.o(.ARM.Collect$$libinit$$00000001) refers to fpinit.o(x$fpl$fpinit) for _fp_init
    libinit2.o(.ARM.Collect$$libinit$$00000012) refers to libinit2.o(.ARM.Collect$$libinit$$00000011) for .ARM.Collect$$libinit$$00000011
    libinit2.o(.ARM.Collect$$libinit$$00000014) refers to libinit2.o(.ARM.Collect$$libinit$$00000011) for .ARM.Collect$$libinit$$00000011
    libinit2.o(.ARM.Collect$$libinit$$00000016) refers to libinit2.o(.ARM.Collect$$libinit$$00000011) for .ARM.Collect$$libinit$$00000011
    libinit2.o(.ARM.Collect$$libinit$$00000018) refers to libinit2.o(.ARM.Collect$$libinit$$00000011) for .ARM.Collect$$libinit$$00000011
    libinit2.o(.ARM.Collect$$libinit$$0000001A) refers to libinit2.o(.ARM.Collect$$libinit$$00000011) for .ARM.Collect$$libinit$$00000011
    libinit2.o(.ARM.Collect$$libinit$$00000028) refers to argv_veneer.o(.emb_text) for __ARM_argv_veneer
    libinit2.o(.ARM.Collect$$libinit$$00000029) refers to argv_veneer.o(.emb_text) for __ARM_argv_veneer
    rtexit2.o(.ARM.Collect$$rtexit$$00000003) refers to libshutdown.o(.ARM.Collect$$libshutdown$$00000000) for __rt_lib_shutdown
    rtexit2.o(.ARM.Collect$$rtexit$$00000004) refers to sys_exit.o(.text) for _sys_exit
    rtexit2.o(.ARM.exidx) refers to rtexit2.o(.ARM.Collect$$rtexit$$00000001) for .ARM.Collect$$rtexit$$00000001
    rtexit2.o(.ARM.exidx) refers to rtexit2.o(.ARM.Collect$$rtexit$$00000003) for .ARM.Collect$$rtexit$$00000003
    rtexit2.o(.ARM.exidx) refers to rtexit2.o(.ARM.Collect$$rtexit$$00000004) for .ARM.Collect$$rtexit$$00000004
    argv_veneer.o(.emb_text) refers to no_argv.o(.text) for __ARM_get_argv
    sys_exit.o(.text) refers (Special) to use_no_semi.o(.text) for __I$use$semihosting
    sys_exit.o(.text) refers (Special) to indicate_semi.o(.text) for __semihosting_library_function
    sys_exit_hlt.o(.text) refers (Special) to use_no_semi.o(.text) for __I$use$semihosting
    sys_exit_hlt.o(.text) refers (Special) to indicate_semi.o(.text) for __semihosting_library_function
    _get_argv_nomalloc.o(.text) refers (Special) to hrguard.o(.text) for __heap_region$guard
    _get_argv_nomalloc.o(.text) refers to defsig_rtmem_outer.o(.text) for __rt_SIGRTMEM
    _get_argv_nomalloc.o(.text) refers to sys_command.o(.text) for _sys_command_string
    libshutdown.o(.ARM.Collect$$libshutdown$$00000000) refers (Special) to libshutdown2.o(.ARM.Collect$$libshutdown$$00000002) for __rt_lib_shutdown_cpp_1
    libshutdown.o(.ARM.Collect$$libshutdown$$00000000) refers (Special) to libshutdown2.o(.ARM.Collect$$libshutdown$$00000007) for __rt_lib_shutdown_fp_trap_1
    libshutdown.o(.ARM.Collect$$libshutdown$$00000000) refers (Special) to libshutdown2.o(.ARM.Collect$$libshutdown$$0000000F) for __rt_lib_shutdown_heap_1
    libshutdown.o(.ARM.Collect$$libshutdown$$00000000) refers (Special) to libshutdown2.o(.ARM.Collect$$libshutdown$$00000010) for __rt_lib_shutdown_return
    libshutdown.o(.ARM.Collect$$libshutdown$$00000000) refers (Special) to libshutdown2.o(.ARM.Collect$$libshutdown$$0000000A) for __rt_lib_shutdown_signal_1
    libshutdown.o(.ARM.Collect$$libshutdown$$00000000) refers (Special) to libshutdown2.o(.ARM.Collect$$libshutdown$$00000004) for __rt_lib_shutdown_stdio_1
    libshutdown.o(.ARM.Collect$$libshutdown$$00000000) refers (Special) to libshutdown2.o(.ARM.Collect$$libshutdown$$0000000C) for __rt_lib_shutdown_user_alloc_1
    sys_command.o(.text) refers (Special) to use_no_semi.o(.text) for __I$use$semihosting
    sys_command.o(.text) refers (Special) to indicate_semi.o(.text) for __semihosting_library_function
    sys_command_hlt.o(.text) refers (Special) to use_no_semi.o(.text) for __I$use$semihosting
    sys_command_hlt.o(.text) refers (Special) to indicate_semi.o(.text) for __semihosting_library_function
    defsig_rtmem_outer.o(.text) refers to defsig_rtmem_inner.o(.text) for __rt_SIGRTMEM_inner
    defsig_rtmem_outer.o(.text) refers to defsig_exit.o(.text) for __sig_exit
    defsig_rtmem_formal.o(.text) refers to rt_raise.o(.text) for __rt_raise
    rt_raise.o(.text) refers to __raise.o(.text) for __raise
    rt_raise.o(.text) refers to sys_exit.o(.text) for _sys_exit
    defsig_exit.o(.text) refers to sys_exit.o(.text) for _sys_exit
    defsig_rtmem_inner.o(.text) refers to defsig_general.o(.text) for __default_signal_display
    __raise.o(.text) refers to defsig.o(CL$$defsig) for __default_signal_handler
    defsig_general.o(.text) refers to sys_wrch.o(.text) for _ttywrch
    sys_wrch.o(.text) refers (Special) to use_no_semi.o(.text) for __I$use$semihosting
    sys_wrch.o(.text) refers (Special) to indicate_semi.o(.text) for __semihosting_library_function
    sys_wrch_hlt.o(.text) refers (Special) to use_no_semi.o(.text) for __I$use$semihosting
    sys_wrch_hlt.o(.text) refers (Special) to indicate_semi.o(.text) for __semihosting_library_function
    defsig.o(CL$$defsig) refers to defsig_rtmem_inner.o(.text) for __rt_SIGRTMEM_inner
    defsig_abrt_inner.o(.text) refers to defsig_general.o(.text) for __default_signal_display
    defsig_fpe_inner.o(.text) refers to defsig_general.o(.text) for __default_signal_display
    defsig_rtred_inner.o(.text) refers to defsig_general.o(.text) for __default_signal_display
    defsig_stak_inner.o(.text) refers to defsig_general.o(.text) for __default_signal_display
    defsig_pvfn_inner.o(.text) refers to defsig_general.o(.text) for __default_signal_display
    defsig_cppl_inner.o(.text) refers to defsig_general.o(.text) for __default_signal_display
    defsig_segv_inner.o(.text) refers to defsig_general.o(.text) for __default_signal_display
    defsig_other.o(.text) refers to defsig_general.o(.text) for __default_signal_display


==============================================================================

Removing Unused input sections from the image.

    Removing main.o(.text), (0 bytes).
    Removing main.o(.ARM.exidx.text.setHigh), (8 bytes).
    Removing main.o(.ARM.exidx.text.setLow), (8 bytes).
    Removing main.o(.ARM.exidx.text.Timer2A_Handler), (8 bytes).
    Removing main.o(.ARM.exidx.text.printSentido), (8 bytes).
    Removing main.o(.ARM.exidx.text.printVelocidade), (8 bytes).
    Removing main.o(.ARM.exidx.text.calculoTemposVelocidade), (8 bytes).
    Removing main.o(.ARM.exidx.text.ajusteVelocidade), (8 bytes).
    Removing main.o(.ARM.exidx.text.passo2), (8 bytes).
    Removing main.o(.ARM.exidx.text.passo3), (8 bytes).
    Removing main.o(.ARM.exidx.text.selecionarVelocidade), (8 bytes).
    Removing main.o(.ARM.exidx.text.selecionarSentido), (8 bytes).
    Removing main.o(.ARM.exidx.text.passo4), (8 bytes).
    Removing main.o(.ARM.exidx.text.passo5), (8 bytes).
    Removing main.o(.ARM.exidx.text.main), (8 bytes).
    Removing main.o(.ARM.use_no_argv), (4 bytes).
    Removing teclado.o(.text), (0 bytes).
    Removing teclado.o(.text.teclado_ler), (184 bytes).
    Removing teclado.o(.ARM.exidx.text.teclado_ler), (8 bytes).
    Removing teclado.o(.rodata.cst4), (4 bytes).
    Removing teclado.o(.rodata.cst16), (16 bytes).
    Removing gpio.o(.text), (0 bytes).
    Removing gpio.o(.ARM.exidx.text.GPIO_Init), (8 bytes).
    Removing gpio.o(.text.interrupts_init), (92 bytes).
    Removing gpio.o(.ARM.exidx.text.interrupts_init), (8 bytes).
    Removing gpio.o(.text.PortA_Output), (20 bytes).
    Removing gpio.o(.ARM.exidx.text.PortA_Output), (8 bytes).
    Removing gpio.o(.text.PortB_Output), (32 bytes).
    Removing gpio.o(.ARM.exidx.text.PortB_Output), (8 bytes).
    Removing gpio.o(.text.PortD_Output), (32 bytes).
    Removing gpio.o(.ARM.exidx.text.PortD_Output), (8 bytes).
    Removing gpio.o(.ARM.exidx.text.PortE_Output), (8 bytes).
    Removing gpio.o(.text.PortE_Input), (16 bytes).
    Removing gpio.o(.ARM.exidx.text.PortE_Input), (8 bytes).
    Removing gpio.o(.ARM.exidx.text.PortF_Output), (8 bytes).
    Removing gpio.o(.text.PortH_Output), (20 bytes).
    Removing gpio.o(.ARM.exidx.text.PortH_Output), (8 bytes).
    Removing gpio.o(.text.PortJ_Input), (12 bytes).
    Removing gpio.o(.ARM.exidx.text.PortJ_Input), (8 bytes).
    Removing gpio.o(.text.PortK_Output), (20 bytes).
    Removing gpio.o(.ARM.exidx.text.PortK_Output), (8 bytes).
    Removing gpio.o(.text.PortL_Output), (32 bytes).
    Removing gpio.o(.ARM.exidx.text.PortL_Output), (8 bytes).
    Removing gpio.o(.text.PortL_Input), (16 bytes).
    Removing gpio.o(.ARM.exidx.text.PortL_Input), (8 bytes).
    Removing gpio.o(.text.PortM_Output), (20 bytes).
    Removing gpio.o(.ARM.exidx.text.PortM_Output), (8 bytes).
    Removing gpio.o(.ARM.exidx.text.PortN_Output), (8 bytes).
    Removing gpio.o(.text.PortP_Output), (20 bytes).
    Removing gpio.o(.ARM.exidx.text.PortP_Output), (8 bytes).
    Removing gpio.o(.text.PortQ_Output), (20 bytes).
    Removing gpio.o(.ARM.exidx.text.PortQ_Output), (8 bytes).
    Removing lcd.o(.text), (0 bytes).
    Removing lcd.o(.text.lcd_config), (42 bytes).
    Removing lcd.o(.ARM.exidx.text.lcd_config), (8 bytes).
    Removing lcd.o(.text.lcd_enviar_cmd), (48 bytes).
    Removing lcd.o(.ARM.exidx.text.lcd_enviar_cmd), (8 bytes).
    Removing lcd.o(.text.lcd_escrever_data), (48 bytes).
    Removing lcd.o(.ARM.exidx.text.lcd_escrever_data), (8 bytes).
    Removing lcd.o(.text.lcd_escrever_string), (34 bytes).
    Removing lcd.o(.ARM.exidx.text.lcd_escrever_string), (8 bytes).
    Removing lcd.o(.text.lcd_exibir_linha), (186 bytes).
    Removing lcd.o(.ARM.exidx.text.lcd_exibir_linha), (8 bytes).
    Removing lcd.o(.bss.lcd_exibir_linha.ultima_linha0), (17 bytes).
    Removing lcd.o(.bss.lcd_exibir_linha.ultima_linha1), (17 bytes).
    Removing motor.o(.text), (0 bytes).
    Removing motor.o(.text.ativarMotor), (216 bytes).
    Removing motor.o(.ARM.exidx.text.ativarMotor), (8 bytes).
    Removing motor.o(.rodata.sequenciaPassoCompletoBit), (16 bytes).
    Removing motor.o(.rodata.sequenciaMeioPassoBit), (32 bytes).
    Removing led.o(.text), (0 bytes).
    Removing led.o(.text.ligarLeds), (22 bytes).
    Removing led.o(.ARM.exidx.text.ligarLeds), (8 bytes).
    Removing led.o(.text.desligarLeds), (28 bytes).
    Removing led.o(.ARM.exidx.text.desligarLeds), (8 bytes).
    Removing uart.o(.text), (0 bytes).
    Removing uart.o(.ARM.exidx.text.configUART), (8 bytes).
    Removing uart.o(.ARM.exidx.text.lerUART), (8 bytes).
    Removing uart.o(.ARM.exidx.text.escreverUART), (8 bytes).
    Removing uart.o(.ARM.exidx.text.print), (8 bytes).
    Removing uart.o(.ARM.exidx.text.println), (8 bytes).
    Removing uart.o(.ARM.exidx.text.printNumero), (8 bytes).
    Removing adc.o(.text), (0 bytes).
    Removing adc.o(.ARM.exidx.text.configADC), (8 bytes).
    Removing adc.o(.ARM.exidx.text.leituraADC), (8 bytes).
    Removing timer.o(.text), (0 bytes).
    Removing timer.o(.ARM.exidx.text.configTimer), (8 bytes).

87 unused section(s) (total 1658 bytes) removed from the image.

==============================================================================

Image Symbol Table

    Local Symbols

    Symbol Name                              Value     Ov Type        Size  Object(Section)

    ../clib/angel/boardlib.s                 0x00000000   Number         0  boardinit1.o ABSOLUTE
    ../clib/angel/boardlib.s                 0x00000000   Number         0  boardinit2.o ABSOLUTE
    ../clib/angel/boardlib.s                 0x00000000   Number         0  boardinit3.o ABSOLUTE
    ../clib/angel/boardlib.s                 0x00000000   Number         0  boardshut.o ABSOLUTE
    ../clib/angel/handlers.s                 0x00000000   Number         0  __scatter_copy.o ABSOLUTE
    ../clib/angel/handlers.s                 0x00000000   Number         0  __scatter_zi.o ABSOLUTE
    ../clib/angel/kernel.s                   0x00000000   Number         0  __rtentry.o ABSOLUTE
    ../clib/angel/kernel.s                   0x00000000   Number         0  __rtentry2.o ABSOLUTE
    ../clib/angel/kernel.s                   0x00000000   Number         0  __rtentry4.o ABSOLUTE
    ../clib/angel/kernel.s                   0x00000000   Number         0  rtexit.o ABSOLUTE
    ../clib/angel/kernel.s                   0x00000000   Number         0  rtexit2.o ABSOLUTE
    ../clib/angel/rt.s                       0x00000000   Number         0  rt_raise.o ABSOLUTE
    ../clib/angel/scatter.s                  0x00000000   Number         0  __scatter.o ABSOLUTE
    ../clib/angel/startup.s                  0x00000000   Number         0  __main.o ABSOLUTE
    ../clib/angel/sys.s                      0x00000000   Number         0  sys_stackheap_outer.o ABSOLUTE
    ../clib/angel/sys.s                      0x00000000   Number         0  libspace.o ABSOLUTE
    ../clib/angel/sys.s                      0x00000000   Number         0  use_no_semi.o ABSOLUTE
    ../clib/angel/sys.s                      0x00000000   Number         0  indicate_semi.o ABSOLUTE
    ../clib/angel/sysapp.c                   0x00000000   Number         0  sys_exit.o ABSOLUTE
    ../clib/angel/sysapp.c                   0x00000000   Number         0  sys_exit_hlt.o ABSOLUTE
    ../clib/angel/sysapp.c                   0x00000000   Number         0  sys_command.o ABSOLUTE
    ../clib/angel/sysapp.c                   0x00000000   Number         0  sys_command_hlt.o ABSOLUTE
    ../clib/angel/sysapp.c                   0x00000000   Number         0  sys_wrch.o ABSOLUTE
    ../clib/angel/sysapp.c                   0x00000000   Number         0  sys_wrch_hlt.o ABSOLUTE
    ../clib/armsys.c                         0x00000000   Number         0  argv_veneer.o ABSOLUTE
    ../clib/armsys.c                         0x00000000   Number         0  argv_veneer.o ABSOLUTE
    ../clib/armsys.c                         0x00000000   Number         0  _get_argv_nomalloc.o ABSOLUTE
    ../clib/armsys.c                         0x00000000   Number         0  no_argv.o ABSOLUTE
    ../clib/heapalloc.c                      0x00000000   Number         0  hrguard.o ABSOLUTE
    ../clib/heapaux.c                        0x00000000   Number         0  heapauxi.o ABSOLUTE
    ../clib/libinit.s                        0x00000000   Number         0  libinit.o ABSOLUTE
    ../clib/libinit.s                        0x00000000   Number         0  libinit2.o ABSOLUTE
    ../clib/libinit.s                        0x00000000   Number         0  libshutdown.o ABSOLUTE
    ../clib/libinit.s                        0x00000000   Number         0  libshutdown2.o ABSOLUTE
    ../clib/memcpset.s                       0x00000000   Number         0  strncpy.o ABSOLUTE
    ../clib/memcpset.s                       0x00000000   Number         0  strcmpv7em.o ABSOLUTE
    ../clib/memcpset.s                       0x00000000   Number         0  rt_memclr.o ABSOLUTE
    ../clib/memcpset.s                       0x00000000   Number         0  rt_memclr_w.o ABSOLUTE
    ../clib/signal.c                         0x00000000   Number         0  defsig_rtmem_outer.o ABSOLUTE
    ../clib/signal.c                         0x00000000   Number         0  defsig_rtmem_formal.o ABSOLUTE
    ../clib/signal.c                         0x00000000   Number         0  defsig_exit.o ABSOLUTE
    ../clib/signal.c                         0x00000000   Number         0  defsig_rtmem_inner.o ABSOLUTE
    ../clib/signal.c                         0x00000000   Number         0  __raise.o ABSOLUTE
    ../clib/signal.c                         0x00000000   Number         0  defsig_general.o ABSOLUTE
    ../clib/signal.c                         0x00000000   Number         0  defsig_abrt_inner.o ABSOLUTE
    ../clib/signal.c                         0x00000000   Number         0  defsig_fpe_inner.o ABSOLUTE
    ../clib/signal.c                         0x00000000   Number         0  defsig_rtred_inner.o ABSOLUTE
    ../clib/signal.c                         0x00000000   Number         0  defsig_stak_inner.o ABSOLUTE
    ../clib/signal.c                         0x00000000   Number         0  defsig_pvfn_inner.o ABSOLUTE
    ../clib/signal.c                         0x00000000   Number         0  defsig_cppl_inner.o ABSOLUTE
    ../clib/signal.c                         0x00000000   Number         0  defsig_segv_inner.o ABSOLUTE
    ../clib/signal.c                         0x00000000   Number         0  defsig_other.o ABSOLUTE
    ../clib/signal.s                         0x00000000   Number         0  defsig.o ABSOLUTE
    ../clib/stdlib.c                         0x00000000   Number         0  exit.o ABSOLUTE
    ../fplib/fpinit.s                        0x00000000   Number         0  fpinit.o ABSOLUTE
    LCD.c                                    0x00000000   Number         0  lcd.o ABSOLUTE
    adc.c                                    0x00000000   Number         0  adc.o ABSOLUTE
    dc.s                                     0x00000000   Number         0  dc.o ABSOLUTE
    gpio.c                                   0x00000000   Number         0  gpio.o ABSOLUTE
    led.c                                    0x00000000   Number         0  led.o ABSOLUTE
    main.c                                   0x00000000   Number         0  main.o ABSOLUTE
    motor.c                                  0x00000000   Number         0  motor.o ABSOLUTE
    startup.s                                0x00000000   Number         0  startup.o ABSOLUTE
    teclado.c                                0x00000000   Number         0  teclado.o ABSOLUTE
    timer.c                                  0x00000000   Number         0  timer.o ABSOLUTE
    uart.c                                   0x00000000   Number         0  uart.o ABSOLUTE
    utils.s                                  0x00000000   Number         0  utils.o ABSOLUTE
    RESET                                    0x00000000   Section      560  startup.o(RESET)
    $v0                                      0x00000208   Number         0  startup.o(RESET)
    !!!main                                  0x00000230   Section        8  __main.o(!!!main)
    !!!scatter                               0x00000238   Section       92  __scatter.o(!!!scatter)
    !!handler_copy                           0x00000294   Section       26  __scatter_copy.o(!!handler_copy)
    !!handler_null                           0x000002b0   Section        2  __scatter.o(!!handler_null)
    !!handler_zi                             0x000002b4   Section       28  __scatter_zi.o(!!handler_zi)
    .ARM.Collect$$libinit$$00000000          0x000002d0   Section        2  libinit.o(.ARM.Collect$$libinit$$00000000)
    .ARM.Collect$$libinit$$00000001          0x000002d2   Section        4  libinit2.o(.ARM.Collect$$libinit$$00000001)
    .ARM.Collect$$libinit$$00000004          0x000002d6   Section        0  libinit2.o(.ARM.Collect$$libinit$$00000004)
    .ARM.Collect$$libinit$$00000006          0x000002d6   Section        0  libinit2.o(.ARM.Collect$$libinit$$00000006)
    .ARM.Collect$$libinit$$0000000C          0x000002d6   Section        0  libinit2.o(.ARM.Collect$$libinit$$0000000C)
    .ARM.Collect$$libinit$$0000000E          0x000002d6   Section        0  libinit2.o(.ARM.Collect$$libinit$$0000000E)
    .ARM.Collect$$libinit$$00000010          0x000002d6   Section        0  libinit2.o(.ARM.Collect$$libinit$$00000010)
    .ARM.Collect$$libinit$$00000013          0x000002d6   Section        0  libinit2.o(.ARM.Collect$$libinit$$00000013)
    .ARM.Collect$$libinit$$00000015          0x000002d6   Section        0  libinit2.o(.ARM.Collect$$libinit$$00000015)
    .ARM.Collect$$libinit$$00000017          0x000002d6   Section        0  libinit2.o(.ARM.Collect$$libinit$$00000017)
    .ARM.Collect$$libinit$$00000019          0x000002d6   Section        0  libinit2.o(.ARM.Collect$$libinit$$00000019)
    .ARM.Collect$$libinit$$0000001B          0x000002d6   Section        0  libinit2.o(.ARM.Collect$$libinit$$0000001B)
    .ARM.Collect$$libinit$$0000001D          0x000002d6   Section        0  libinit2.o(.ARM.Collect$$libinit$$0000001D)
    .ARM.Collect$$libinit$$0000001F          0x000002d6   Section        0  libinit2.o(.ARM.Collect$$libinit$$0000001F)
    .ARM.Collect$$libinit$$00000021          0x000002d6   Section        0  libinit2.o(.ARM.Collect$$libinit$$00000021)
    .ARM.Collect$$libinit$$00000023          0x000002d6   Section        0  libinit2.o(.ARM.Collect$$libinit$$00000023)
    .ARM.Collect$$libinit$$00000025          0x000002d6   Section        0  libinit2.o(.ARM.Collect$$libinit$$00000025)
    .ARM.Collect$$libinit$$00000027          0x000002d6   Section        0  libinit2.o(.ARM.Collect$$libinit$$00000027)
    .ARM.Collect$$libinit$$0000002E          0x000002d6   Section        0  libinit2.o(.ARM.Collect$$libinit$$0000002E)
    .ARM.Collect$$libinit$$00000030          0x000002d6   Section        0  libinit2.o(.ARM.Collect$$libinit$$00000030)
    .ARM.Collect$$libinit$$00000032          0x000002d6   Section        0  libinit2.o(.ARM.Collect$$libinit$$00000032)
    .ARM.Collect$$libinit$$00000034          0x000002d6   Section        0  libinit2.o(.ARM.Collect$$libinit$$00000034)
    .ARM.Collect$$libinit$$00000035          0x000002d6   Section        2  libinit2.o(.ARM.Collect$$libinit$$00000035)
    .ARM.Collect$$libshutdown$$00000000      0x000002d8   Section        2  libshutdown.o(.ARM.Collect$$libshutdown$$00000000)
    .ARM.Collect$$libshutdown$$00000002      0x000002da   Section        0  libshutdown2.o(.ARM.Collect$$libshutdown$$00000002)
    .ARM.Collect$$libshutdown$$00000004      0x000002da   Section        0  libshutdown2.o(.ARM.Collect$$libshutdown$$00000004)
    .ARM.Collect$$libshutdown$$00000007      0x000002da   Section        0  libshutdown2.o(.ARM.Collect$$libshutdown$$00000007)
    .ARM.Collect$$libshutdown$$0000000A      0x000002da   Section        0  libshutdown2.o(.ARM.Collect$$libshutdown$$0000000A)
    .ARM.Collect$$libshutdown$$0000000C      0x000002da   Section        0  libshutdown2.o(.ARM.Collect$$libshutdown$$0000000C)
    .ARM.Collect$$libshutdown$$0000000F      0x000002da   Section        0  libshutdown2.o(.ARM.Collect$$libshutdown$$0000000F)
    .ARM.Collect$$libshutdown$$00000010      0x000002da   Section        2  libshutdown2.o(.ARM.Collect$$libshutdown$$00000010)
    .ARM.Collect$$rtentry$$00000000          0x000002dc   Section        0  __rtentry.o(.ARM.Collect$$rtentry$$00000000)
    .ARM.Collect$$rtentry$$00000002          0x000002dc   Section        0  __rtentry2.o(.ARM.Collect$$rtentry$$00000002)
    .ARM.Collect$$rtentry$$00000004          0x000002dc   Section        6  __rtentry4.o(.ARM.Collect$$rtentry$$00000004)
    .ARM.Collect$$rtentry$$00000009          0x000002e2   Section        0  __rtentry2.o(.ARM.Collect$$rtentry$$00000009)
    .ARM.Collect$$rtentry$$0000000A          0x000002e2   Section        4  __rtentry2.o(.ARM.Collect$$rtentry$$0000000A)
    .ARM.Collect$$rtentry$$0000000C          0x000002e6   Section        0  __rtentry2.o(.ARM.Collect$$rtentry$$0000000C)
    .ARM.Collect$$rtentry$$0000000D          0x000002e6   Section        8  __rtentry2.o(.ARM.Collect$$rtentry$$0000000D)
    .ARM.Collect$$rtexit$$00000000           0x000002ee   Section        2  rtexit.o(.ARM.Collect$$rtexit$$00000000)
    .ARM.Collect$$rtexit$$00000002           0x000002f0   Section        0  rtexit2.o(.ARM.Collect$$rtexit$$00000002)
    .ARM.Collect$$rtexit$$00000003           0x000002f0   Section        4  rtexit2.o(.ARM.Collect$$rtexit$$00000003)
    .ARM.Collect$$rtexit$$00000004           0x000002f4   Section        6  rtexit2.o(.ARM.Collect$$rtexit$$00000004)
    $v0                                      0x000002fc   Number         0  startup.o(.text)
    .text                                    0x000002fc   Section       48  startup.o(.text)
    $v0                                      0x0000032c   Number         0  utils.o(.text)
    .text                                    0x0000032c   Section      484  utils.o(.text)
    .text                                    0x00000510   Section        0  heapauxi.o(.text)
    .text                                    0x00000516   Section       74  sys_stackheap_outer.o(.text)
    .text                                    0x00000560   Section        0  exit.o(.text)
    .text                                    0x00000574   Section        8  libspace.o(.text)
    .text                                    0x0000057c   Section        0  sys_exit.o(.text)
    .text                                    0x00000588   Section        2  use_no_semi.o(.text)
    .text                                    0x0000058a   Section        0  indicate_semi.o(.text)
    [Anonymous Symbol]                       0x0000058c   Section        0  gpio.o(.text.GPIO_Init)
    [Anonymous Symbol]                       0x000008d4   Section        0  gpio.o(.text.PortE_Output)
    [Anonymous Symbol]                       0x000008f4   Section        0  gpio.o(.text.PortF_Output)
    [Anonymous Symbol]                       0x00000908   Section        0  gpio.o(.text.PortN_Output)
    [Anonymous Symbol]                       0x0000091c   Section        0  main.o(.text.Timer2A_Handler)
    [Anonymous Symbol]                       0x00000a1c   Section        0  main.o(.text.ajusteVelocidade)
    [Anonymous Symbol]                       0x00000ad8   Section        0  main.o(.text.calculoTemposVelocidade)
    [Anonymous Symbol]                       0x00000b3c   Section        0  adc.o(.text.configADC)
    [Anonymous Symbol]                       0x00000c2c   Section        0  timer.o(.text.configTimer)
    [Anonymous Symbol]                       0x00000cec   Section        0  uart.o(.text.configUART)
    [Anonymous Symbol]                       0x00000e38   Section        0  uart.o(.text.escreverUART)
    [Anonymous Symbol]                       0x00000e70   Section        0  adc.o(.text.leituraADC)
    [Anonymous Symbol]                       0x00000ebc   Section        0  uart.o(.text.lerUART)
    [Anonymous Symbol]                       0x00000ef0   Section        0  main.o(.text.main)
    [Anonymous Symbol]                       0x00000fac   Section        0  main.o(.text.passo2)
    [Anonymous Symbol]                       0x00001000   Section        0  main.o(.text.passo3)
    [Anonymous Symbol]                       0x00001088   Section        0  main.o(.text.passo4)
    [Anonymous Symbol]                       0x00001298   Section        0  main.o(.text.passo5)
    [Anonymous Symbol]                       0x000013c0   Section        0  uart.o(.text.print)
    [Anonymous Symbol]                       0x000013ec   Section        0  uart.o(.text.printNumero)
    [Anonymous Symbol]                       0x0000149c   Section        0  main.o(.text.printSentido)
    [Anonymous Symbol]                       0x000014fc   Section        0  main.o(.text.printVelocidade)
    [Anonymous Symbol]                       0x0000154c   Section        0  uart.o(.text.println)
    [Anonymous Symbol]                       0x0000158c   Section        0  main.o(.text.selecionarSentido)
    [Anonymous Symbol]                       0x000015d8   Section        0  main.o(.text.selecionarVelocidade)
    [Anonymous Symbol]                       0x000016a0   Section        0  main.o(.text.setHigh)
    [Anonymous Symbol]                       0x0000172c   Section        0  main.o(.text.setLow)
    $v0                                      0x0000176a   Number         0  fpinit.o(x$fpl$fpinit)
    x$fpl$fpinit                             0x0000176a   Section       26  fpinit.o(x$fpl$fpinit)
    .L.str.34                                0x00001784   Data           2  main.o(.rodata.str1.1)
    [Anonymous Symbol]                       0x00001784   Section        0  main.o(.rodata.str1.1)
    .L.str.6                                 0x00001786   Data          22  main.o(.rodata.str1.1)
    .L.str.22                                0x0000179c   Data          34  main.o(.rodata.str1.1)
    .L.str.4                                 0x000017be   Data          19  main.o(.rodata.str1.1)
    .L.str                                   0x000017d1   Data          16  main.o(.rodata.str1.1)
    .L.str.3                                 0x000017e1   Data          19  main.o(.rodata.str1.1)
    .L.str.28                                0x000017f4   Data           9  main.o(.rodata.str1.1)
    .L.str.16                                0x000017fd   Data          29  main.o(.rodata.str1.1)
    .L.str.23                                0x0000181a   Data           8  main.o(.rodata.str1.1)
    .L.str.11                                0x00001822   Data          28  main.o(.rodata.str1.1)
    .L.str.24                                0x0000183e   Data           8  main.o(.rodata.str1.1)
    .L.str.12                                0x00001846   Data          28  main.o(.rodata.str1.1)
    .L.str.25                                0x00001862   Data           8  main.o(.rodata.str1.1)
    .L.str.13                                0x0000186a   Data          28  main.o(.rodata.str1.1)
    .L.str.26                                0x00001886   Data           8  main.o(.rodata.str1.1)
    .L.str.14                                0x0000188e   Data          28  main.o(.rodata.str1.1)
    .L.str.27                                0x000018aa   Data           8  main.o(.rodata.str1.1)
    .L.str.15                                0x000018b2   Data          28  main.o(.rodata.str1.1)
    .L.str.5                                 0x000018cc   Data           2  main.o(.rodata.str1.1)
    .L.str.29                                0x000018ce   Data           4  main.o(.rodata.str1.1)
    .L.str.31                                0x000018d2   Data          21  main.o(.rodata.str1.1)
    .L.str.8                                 0x000018e7   Data          27  main.o(.rodata.str1.1)
    .L.str.19                                0x00001902   Data          30  main.o(.rodata.str1.1)
    .L.str.10                                0x00001920   Data          13  main.o(.rodata.str1.1)
    .L.str.32                                0x0000192d   Data          15  main.o(.rodata.str1.1)
    .L.str.17                                0x0000193c   Data          28  main.o(.rodata.str1.1)
    .L.str.18                                0x00001958   Data          32  main.o(.rodata.str1.1)
    .L.str.21                                0x00001978   Data          12  main.o(.rodata.str1.1)
    .L.str.2                                 0x00001984   Data          12  main.o(.rodata.str1.1)
    .L.str.1                                 0x00001988   Data           8  main.o(.rodata.str1.1)
    .L.str.20                                0x00001990   Data          17  main.o(.rodata.str1.1)
    .L.str.30                                0x000019a1   Data          27  main.o(.rodata.str1.1)
    .L.str.9                                 0x000019bc   Data          19  main.o(.rodata.str1.1)
    .L.str.33                                0x000019cf   Data          22  main.o(.rodata.str1.1)
    .L.str.7                                 0x000019e5   Data          41  main.o(.rodata.str1.1)
    .bss                                     0x20000008   Section       96  libspace.o(.bss)
    HeapMem                                  0x20000080   Data           0  startup.o(HEAP)
    StackMem                                 0x20000080   Data           0  startup.o(STACK)
    HEAP                                     0x20000080   Section        0  startup.o(HEAP)
    STACK                                    0x20000080   Section     1024  startup.o(STACK)

    Global Symbols

    Symbol Name                              Value     Ov Type        Size  Object(Section)

    BuildAttributes$$THM_ISAv4$E$P$D$K$B$S$7EM$VFPi3$EXTD16$VFPS$VFMA$PE$A:L22UL41UL21$X:L11$S22US41US21$IEEE1$IW$~IW$USESV6$~STKCKD$USESV7$~SHL$OSPACE$ROPI$EBA8$UX$STANDARDLIB$REQ8$PRES8$EABIv2 0x00000000   Number         0  anon$$obj.o ABSOLUTE
    __Vectors                                0x00000000   Data           0  startup.o(RESET)
    __ARM_exceptions_init                     - Undefined Weak Reference
    __alloca_initialize                       - Undefined Weak Reference
    __arm_preinit_                            - Undefined Weak Reference
    __arm_relocate_pie_                       - Undefined Weak Reference
    __cpp_initialize__aeabi_                  - Undefined Weak Reference
    __cxa_finalize                            - Undefined Weak Reference
    __rt_locale                               - Undefined Weak Reference
    __sigvec_lookup                           - Undefined Weak Reference
    _atexit_init                              - Undefined Weak Reference
    _call_atexit_fns                          - Undefined Weak Reference
    _clock_init                               - Undefined Weak Reference
    _fp_trap_init                             - Undefined Weak Reference
    _fp_trap_shutdown                         - Undefined Weak Reference
    _get_lc_collate                           - Undefined Weak Reference
    _get_lc_ctype                             - Undefined Weak Reference
    _get_lc_monetary                          - Undefined Weak Reference
    _get_lc_numeric                           - Undefined Weak Reference
    _get_lc_time                              - Undefined Weak Reference
    _getenv_init                              - Undefined Weak Reference
    _handle_redirection                       - Undefined Weak Reference
    _init_alloc                               - Undefined Weak Reference
    _init_user_alloc                          - Undefined Weak Reference
    _initio                                   - Undefined Weak Reference
    _rand_init                                - Undefined Weak Reference
    _signal_finish                            - Undefined Weak Reference
    _signal_init                              - Undefined Weak Reference
    _terminate_alloc                          - Undefined Weak Reference
    _terminate_user_alloc                     - Undefined Weak Reference
    _terminateio                              - Undefined Weak Reference
    Reset_Handler                            0x00000209   Thumb Code     0  startup.o(RESET)
    NMI_Handler                              0x0000021d   Thumb Code     2  startup.o(RESET)
    HardFault_Handler                        0x0000021f   Thumb Code     2  startup.o(RESET)
    MemManage_Handler                        0x00000221   Thumb Code     2  startup.o(RESET)
    BusFault_Handler                         0x00000223   Thumb Code     2  startup.o(RESET)
    UsageFault_Handler                       0x00000225   Thumb Code     2  startup.o(RESET)
    SVC_Handler                              0x00000227   Thumb Code     2  startup.o(RESET)
    DebugMon_Handler                         0x00000229   Thumb Code     2  startup.o(RESET)
    PendSV_Handler                           0x0000022b   Thumb Code     2  startup.o(RESET)
    SysTick_Handler                          0x0000022d   Thumb Code     2  startup.o(RESET)
    ADC0Seq0_Handler                         0x0000022f   Thumb Code     0  startup.o(RESET)
    ADC0Seq1_Handler                         0x0000022f   Thumb Code     0  startup.o(RESET)
    ADC0Seq2_Handler                         0x0000022f   Thumb Code     0  startup.o(RESET)
    ADC0Seq3_Handler                         0x0000022f   Thumb Code     0  startup.o(RESET)
    ADC1Seq0_Handler                         0x0000022f   Thumb Code     0  startup.o(RESET)
    ADC1Seq1_Handler                         0x0000022f   Thumb Code     0  startup.o(RESET)
    ADC1Seq2_Handler                         0x0000022f   Thumb Code     0  startup.o(RESET)
    ADC1Seq3_Handler                         0x0000022f   Thumb Code     0  startup.o(RESET)
    CAN0_Handler                             0x0000022f   Thumb Code     0  startup.o(RESET)
    CAN1_Handler                             0x0000022f   Thumb Code     0  startup.o(RESET)
    Comp0_Handler                            0x0000022f   Thumb Code     0  startup.o(RESET)
    Comp1_Handler                            0x0000022f   Thumb Code     0  startup.o(RESET)
    Comp2_Handler                            0x0000022f   Thumb Code     0  startup.o(RESET)
    Ethernet_Handler                         0x0000022f   Thumb Code     0  startup.o(RESET)
    ExtBus_Handler                           0x0000022f   Thumb Code     0  startup.o(RESET)
    FPU_Handler                              0x0000022f   Thumb Code     0  startup.o(RESET)
    FlashCtl_Handler                         0x0000022f   Thumb Code     0  startup.o(RESET)
    GPIOPortA_Handler                        0x0000022f   Thumb Code     0  startup.o(RESET)
    GPIOPortB_Handler                        0x0000022f   Thumb Code     0  startup.o(RESET)
    GPIOPortC_Handler                        0x0000022f   Thumb Code     0  startup.o(RESET)
    GPIOPortD_Handler                        0x0000022f   Thumb Code     0  startup.o(RESET)
    GPIOPortE_Handler                        0x0000022f   Thumb Code     0  startup.o(RESET)
    GPIOPortF_Handler                        0x0000022f   Thumb Code     0  startup.o(RESET)
    GPIOPortG_Handler                        0x0000022f   Thumb Code     0  startup.o(RESET)
    GPIOPortH_Handler                        0x0000022f   Thumb Code     0  startup.o(RESET)
    GPIOPortJ_Handler                        0x0000022f   Thumb Code     0  startup.o(RESET)
    GPIOPortK_Handler                        0x0000022f   Thumb Code     0  startup.o(RESET)
    GPIOPortL_Handler                        0x0000022f   Thumb Code     0  startup.o(RESET)
    GPIOPortM_Handler                        0x0000022f   Thumb Code     0  startup.o(RESET)
    GPIOPortN_Handler                        0x0000022f   Thumb Code     0  startup.o(RESET)
    GPIOPortP1_Handler                       0x0000022f   Thumb Code     0  startup.o(RESET)
    GPIOPortP2_Handler                       0x0000022f   Thumb Code     0  startup.o(RESET)
    GPIOPortP3_Handler                       0x0000022f   Thumb Code     0  startup.o(RESET)
    GPIOPortP4_Handler                       0x0000022f   Thumb Code     0  startup.o(RESET)
    GPIOPortP5_Handler                       0x0000022f   Thumb Code     0  startup.o(RESET)
    GPIOPortP6_Handler                       0x0000022f   Thumb Code     0  startup.o(RESET)
    GPIOPortP7_Handler                       0x0000022f   Thumb Code     0  startup.o(RESET)
    GPIOPortP_Handler                        0x0000022f   Thumb Code     0  startup.o(RESET)
    GPIOPortQ1_Handler                       0x0000022f   Thumb Code     0  startup.o(RESET)
    GPIOPortQ2_Handler                       0x0000022f   Thumb Code     0  startup.o(RESET)
    GPIOPortQ3_Handler                       0x0000022f   Thumb Code     0  startup.o(RESET)
    GPIOPortQ4_Handler                       0x0000022f   Thumb Code     0  startup.o(RESET)
    GPIOPortQ5_Handler                       0x0000022f   Thumb Code     0  startup.o(RESET)
    GPIOPortQ6_Handler                       0x0000022f   Thumb Code     0  startup.o(RESET)
    GPIOPortQ7_Handler                       0x0000022f   Thumb Code     0  startup.o(RESET)
    GPIOPortQ_Handler                        0x0000022f   Thumb Code     0  startup.o(RESET)
    Hibernate_Handler                        0x0000022f   Thumb Code     0  startup.o(RESET)
    I2C0_Handler                             0x0000022f   Thumb Code     0  startup.o(RESET)
    I2C1_Handler                             0x0000022f   Thumb Code     0  startup.o(RESET)
    I2C2_Handler                             0x0000022f   Thumb Code     0  startup.o(RESET)
    I2C3_Handler                             0x0000022f   Thumb Code     0  startup.o(RESET)
    I2C4_Handler                             0x0000022f   Thumb Code     0  startup.o(RESET)
    I2C5_Handler                             0x0000022f   Thumb Code     0  startup.o(RESET)
    I2C6_Handler                             0x0000022f   Thumb Code     0  startup.o(RESET)
    I2C7_Handler                             0x0000022f   Thumb Code     0  startup.o(RESET)
    I2C8_Handler                             0x0000022f   Thumb Code     0  startup.o(RESET)
    I2C9_Handler                             0x0000022f   Thumb Code     0  startup.o(RESET)
    PWM0Fault_Handler                        0x0000022f   Thumb Code     0  startup.o(RESET)
    PWM0Generator0_Handler                   0x0000022f   Thumb Code     0  startup.o(RESET)
    PWM0Generator1_Handler                   0x0000022f   Thumb Code     0  startup.o(RESET)
    PWM0Generator2_Handler                   0x0000022f   Thumb Code     0  startup.o(RESET)
    PWM0Generator3_Handler                   0x0000022f   Thumb Code     0  startup.o(RESET)
    Quadrature0_Handler                      0x0000022f   Thumb Code     0  startup.o(RESET)
    SSI0_Handler                             0x0000022f   Thumb Code     0  startup.o(RESET)
    SSI1_Handler                             0x0000022f   Thumb Code     0  startup.o(RESET)
    SSI2_Handler                             0x0000022f   Thumb Code     0  startup.o(RESET)
    SSI3_Handler                             0x0000022f   Thumb Code     0  startup.o(RESET)
    SysCtl_Handler                           0x0000022f   Thumb Code     0  startup.o(RESET)
    Tamper_Handler                           0x0000022f   Thumb Code     0  startup.o(RESET)
    Timer0A_Handler                          0x0000022f   Thumb Code     0  startup.o(RESET)
    Timer0B_Handler                          0x0000022f   Thumb Code     0  startup.o(RESET)
    Timer1A_Handler                          0x0000022f   Thumb Code     0  startup.o(RESET)
    Timer1B_Handler                          0x0000022f   Thumb Code     0  startup.o(RESET)
    Timer2B_Handler                          0x0000022f   Thumb Code     0  startup.o(RESET)
    Timer3A_Handler                          0x0000022f   Thumb Code     0  startup.o(RESET)
    Timer3B_Handler                          0x0000022f   Thumb Code     0  startup.o(RESET)
    Timer4A_Handler                          0x0000022f   Thumb Code     0  startup.o(RESET)
    Timer4B_Handler                          0x0000022f   Thumb Code     0  startup.o(RESET)
    Timer5A_Handler                          0x0000022f   Thumb Code     0  startup.o(RESET)
    Timer5B_Handler                          0x0000022f   Thumb Code     0  startup.o(RESET)
    Timer6A_Handler                          0x0000022f   Thumb Code     0  startup.o(RESET)
    Timer6B_Handler                          0x0000022f   Thumb Code     0  startup.o(RESET)
    Timer7A_Handler                          0x0000022f   Thumb Code     0  startup.o(RESET)
    Timer7B_Handler                          0x0000022f   Thumb Code     0  startup.o(RESET)
    UART0_Handler                            0x0000022f   Thumb Code     0  startup.o(RESET)
    UART1_Handler                            0x0000022f   Thumb Code     0  startup.o(RESET)
    UART2_Handler                            0x0000022f   Thumb Code     0  startup.o(RESET)
    UART3_Handler                            0x0000022f   Thumb Code     0  startup.o(RESET)
    UART4_Handler                            0x0000022f   Thumb Code     0  startup.o(RESET)
    UART5_Handler                            0x0000022f   Thumb Code     0  startup.o(RESET)
    UART6_Handler                            0x0000022f   Thumb Code     0  startup.o(RESET)
    UART7_Handler                            0x0000022f   Thumb Code     0  startup.o(RESET)
    USB0_Handler                             0x0000022f   Thumb Code     0  startup.o(RESET)
    WDT_Handler                              0x0000022f   Thumb Code     0  startup.o(RESET)
    uDMA_Error                               0x0000022f   Thumb Code     0  startup.o(RESET)
    uDMA_Handler                             0x0000022f   Thumb Code     0  startup.o(RESET)
    __main                                   0x00000231   Thumb Code     8  __main.o(!!!main)
    __scatterload                            0x00000239   Thumb Code     0  __scatter.o(!!!scatter)
    __scatterload_rt2                        0x00000239   Thumb Code    84  __scatter.o(!!!scatter)
    __scatterload_rt2_thumb_only             0x00000239   Thumb Code     0  __scatter.o(!!!scatter)
    __scatterload_loop                       0x00000243   Thumb Code     0  __scatter.o(!!!scatter)
    __scatterload_copy                       0x00000295   Thumb Code    26  __scatter_copy.o(!!handler_copy)
    __scatterload_null                       0x000002b1   Thumb Code     2  __scatter.o(!!handler_null)
    __scatterload_zeroinit                   0x000002b5   Thumb Code    28  __scatter_zi.o(!!handler_zi)
    __rt_lib_init                            0x000002d1   Thumb Code     0  libinit.o(.ARM.Collect$$libinit$$00000000)
    __rt_lib_init_fp_1                       0x000002d3   Thumb Code     0  libinit2.o(.ARM.Collect$$libinit$$00000001)
    __rt_lib_init_alloca_1                   0x000002d7   Thumb Code     0  libinit2.o(.ARM.Collect$$libinit$$00000030)
    __rt_lib_init_argv_1                     0x000002d7   Thumb Code     0  libinit2.o(.ARM.Collect$$libinit$$0000002E)
    __rt_lib_init_atexit_1                   0x000002d7   Thumb Code     0  libinit2.o(.ARM.Collect$$libinit$$0000001D)
    __rt_lib_init_clock_1                    0x000002d7   Thumb Code     0  libinit2.o(.ARM.Collect$$libinit$$00000023)
    __rt_lib_init_cpp_1                      0x000002d7   Thumb Code     0  libinit2.o(.ARM.Collect$$libinit$$00000034)
    __rt_lib_init_exceptions_1               0x000002d7   Thumb Code     0  libinit2.o(.ARM.Collect$$libinit$$00000032)
    __rt_lib_init_fp_trap_1                  0x000002d7   Thumb Code     0  libinit2.o(.ARM.Collect$$libinit$$00000021)
    __rt_lib_init_getenv_1                   0x000002d7   Thumb Code     0  libinit2.o(.ARM.Collect$$libinit$$00000025)
    __rt_lib_init_heap_1                     0x000002d7   Thumb Code     0  libinit2.o(.ARM.Collect$$libinit$$0000000C)
    __rt_lib_init_lc_collate_1               0x000002d7   Thumb Code     0  libinit2.o(.ARM.Collect$$libinit$$00000013)
    __rt_lib_init_lc_ctype_1                 0x000002d7   Thumb Code     0  libinit2.o(.ARM.Collect$$libinit$$00000015)
    __rt_lib_init_lc_monetary_1              0x000002d7   Thumb Code     0  libinit2.o(.ARM.Collect$$libinit$$00000017)
    __rt_lib_init_lc_numeric_1               0x000002d7   Thumb Code     0  libinit2.o(.ARM.Collect$$libinit$$00000019)
    __rt_lib_init_lc_time_1                  0x000002d7   Thumb Code     0  libinit2.o(.ARM.Collect$$libinit$$0000001B)
    __rt_lib_init_preinit_1                  0x000002d7   Thumb Code     0  libinit2.o(.ARM.Collect$$libinit$$00000006)
    __rt_lib_init_rand_1                     0x000002d7   Thumb Code     0  libinit2.o(.ARM.Collect$$libinit$$00000010)
    __rt_lib_init_relocate_pie_1             0x000002d7   Thumb Code     0  libinit2.o(.ARM.Collect$$libinit$$00000004)
    __rt_lib_init_return                     0x000002d7   Thumb Code     0  libinit2.o(.ARM.Collect$$libinit$$00000035)
    __rt_lib_init_signal_1                   0x000002d7   Thumb Code     0  libinit2.o(.ARM.Collect$$libinit$$0000001F)
    __rt_lib_init_stdio_1                    0x000002d7   Thumb Code     0  libinit2.o(.ARM.Collect$$libinit$$00000027)
    __rt_lib_init_user_alloc_1               0x000002d7   Thumb Code     0  libinit2.o(.ARM.Collect$$libinit$$0000000E)
    __rt_lib_shutdown                        0x000002d9   Thumb Code     0  libshutdown.o(.ARM.Collect$$libshutdown$$00000000)
    __rt_lib_shutdown_cpp_1                  0x000002db   Thumb Code     0  libshutdown2.o(.ARM.Collect$$libshutdown$$00000002)
    __rt_lib_shutdown_fp_trap_1              0x000002db   Thumb Code     0  libshutdown2.o(.ARM.Collect$$libshutdown$$00000007)
    __rt_lib_shutdown_heap_1                 0x000002db   Thumb Code     0  libshutdown2.o(.ARM.Collect$$libshutdown$$0000000F)
    __rt_lib_shutdown_return                 0x000002db   Thumb Code     0  libshutdown2.o(.ARM.Collect$$libshutdown$$00000010)
    __rt_lib_shutdown_signal_1               0x000002db   Thumb Code     0  libshutdown2.o(.ARM.Collect$$libshutdown$$0000000A)
    __rt_lib_shutdown_stdio_1                0x000002db   Thumb Code     0  libshutdown2.o(.ARM.Collect$$libshutdown$$00000004)
    __rt_lib_shutdown_user_alloc_1           0x000002db   Thumb Code     0  libshutdown2.o(.ARM.Collect$$libshutdown$$0000000C)
    __rt_entry                               0x000002dd   Thumb Code     0  __rtentry.o(.ARM.Collect$$rtentry$$00000000)
    __rt_entry_presh_1                       0x000002dd   Thumb Code     0  __rtentry2.o(.ARM.Collect$$rtentry$$00000002)
    __rt_entry_sh                            0x000002dd   Thumb Code     0  __rtentry4.o(.ARM.Collect$$rtentry$$00000004)
    __rt_entry_li                            0x000002e3   Thumb Code     0  __rtentry2.o(.ARM.Collect$$rtentry$$0000000A)
    __rt_entry_postsh_1                      0x000002e3   Thumb Code     0  __rtentry2.o(.ARM.Collect$$rtentry$$00000009)
    __rt_entry_main                          0x000002e7   Thumb Code     0  __rtentry2.o(.ARM.Collect$$rtentry$$0000000D)
    __rt_entry_postli_1                      0x000002e7   Thumb Code     0  __rtentry2.o(.ARM.Collect$$rtentry$$0000000C)
    __rt_exit                                0x000002ef   Thumb Code     0  rtexit.o(.ARM.Collect$$rtexit$$00000000)
    __rt_exit_ls                             0x000002f1   Thumb Code     0  rtexit2.o(.ARM.Collect$$rtexit$$00000003)
    __rt_exit_prels_1                        0x000002f1   Thumb Code     0  rtexit2.o(.ARM.Collect$$rtexit$$00000002)
    __rt_exit_exit                           0x000002f5   Thumb Code     0  rtexit2.o(.ARM.Collect$$rtexit$$00000004)
    DisableInterrupts                        0x000002fd   Thumb Code     0  startup.o(.text)
    EnableInterrupts                         0x00000301   Thumb Code     0  startup.o(.text)
    StartCritical                            0x00000305   Thumb Code     0  startup.o(.text)
    EndCritical                              0x0000030d   Thumb Code     0  startup.o(.text)
    WaitForInterrupt                         0x00000313   Thumb Code     0  startup.o(.text)
    __user_initial_stackheap                 0x00000317   Thumb Code     0  startup.o(.text)
    PLL_Init                                 0x0000032d   Thumb Code     0  utils.o(.text)
    SysTick_Init                             0x00000455   Thumb Code     0  utils.o(.text)
    SysTick_Wait1ms                          0x0000048f   Thumb Code     0  utils.o(.text)
    SysTick_Wait1us                          0x000004a1   Thumb Code     0  utils.o(.text)
    __use_two_region_memory                  0x00000511   Thumb Code     2  heapauxi.o(.text)
    __rt_heap_escrow$2region                 0x00000513   Thumb Code     2  heapauxi.o(.text)
    __rt_heap_expand$2region                 0x00000515   Thumb Code     2  heapauxi.o(.text)
    __user_setup_stackheap                   0x00000517   Thumb Code    74  sys_stackheap_outer.o(.text)
    exit                                     0x00000561   Thumb Code    18  exit.o(.text)
    __user_libspace                          0x00000575   Thumb Code     8  libspace.o(.text)
    __user_perproc_libspace                  0x00000575   Thumb Code     0  libspace.o(.text)
    __user_perthread_libspace                0x00000575   Thumb Code     0  libspace.o(.text)
    _sys_exit                                0x0000057d   Thumb Code     8  sys_exit.o(.text)
    __I$use$semihosting                      0x00000589   Thumb Code     0  use_no_semi.o(.text)
    __use_no_semihosting_swi                 0x00000589   Thumb Code     2  use_no_semi.o(.text)
    __semihosting_library_function           0x0000058b   Thumb Code     0  indicate_semi.o(.text)
    GPIO_Init                                0x0000058d   Thumb Code   840  gpio.o(.text.GPIO_Init)
    PortE_Output                             0x000008d5   Thumb Code    32  gpio.o(.text.PortE_Output)
    PortF_Output                             0x000008f5   Thumb Code    20  gpio.o(.text.PortF_Output)
    PortN_Output                             0x00000909   Thumb Code    20  gpio.o(.text.PortN_Output)
    Timer2A_Handler                          0x0000091d   Thumb Code   256  main.o(.text.Timer2A_Handler)
    ajusteVelocidade                         0x00000a1d   Thumb Code   188  main.o(.text.ajusteVelocidade)
    calculoTemposVelocidade                  0x00000ad9   Thumb Code    98  main.o(.text.calculoTemposVelocidade)
    configADC                                0x00000b3d   Thumb Code   240  adc.o(.text.configADC)
    configTimer                              0x00000c2d   Thumb Code   190  timer.o(.text.configTimer)
    configUART                               0x00000ced   Thumb Code   324  uart.o(.text.configUART)
    escreverUART                             0x00000e39   Thumb Code    56  uart.o(.text.escreverUART)
    leituraADC                               0x00000e71   Thumb Code    76  adc.o(.text.leituraADC)
    lerUART                                  0x00000ebd   Thumb Code    52  uart.o(.text.lerUART)
    main                                     0x00000ef1   Thumb Code   186  main.o(.text.main)
    passo2                                   0x00000fad   Thumb Code    84  main.o(.text.passo2)
    passo3                                   0x00001001   Thumb Code   136  main.o(.text.passo3)
    passo4                                   0x00001089   Thumb Code   528  main.o(.text.passo4)
    passo5                                   0x00001299   Thumb Code   296  main.o(.text.passo5)
    print                                    0x000013c1   Thumb Code    44  uart.o(.text.print)
    printNumero                              0x000013ed   Thumb Code   174  uart.o(.text.printNumero)
    printSentido                             0x0000149d   Thumb Code    96  main.o(.text.printSentido)
    printVelocidade                          0x000014fd   Thumb Code    80  main.o(.text.printVelocidade)
    println                                  0x0000154d   Thumb Code    64  uart.o(.text.println)
    selecionarSentido                        0x0000158d   Thumb Code    74  main.o(.text.selecionarSentido)
    selecionarVelocidade                     0x000015d9   Thumb Code   200  main.o(.text.selecionarVelocidade)
    setHigh                                  0x000016a1   Thumb Code   138  main.o(.text.setHigh)
    setLow                                   0x0000172d   Thumb Code    62  main.o(.text.setLow)
    _fp_init                                 0x0000176b   Thumb Code    26  fpinit.o(x$fpl$fpinit)
    __fplib_config_fpu_vfp                   0x00001783   Thumb Code     0  fpinit.o(x$fpl$fpinit)
    __fplib_config_pureend_doubles           0x00001783   Thumb Code     0  fpinit.o(x$fpl$fpinit)
    Region$$Table$$Base                      0x00001a10   Number         0  anon$$obj.o(Region$$Table)
    Region$$Table$$Limit                     0x00001a30   Number         0  anon$$obj.o(Region$$Table)
    estado                                   0x20000000   Data           1  main.o(.data.estado)
    __libspace_start                         0x20000008   Data          96  libspace.o(.bss)
    __temporary_stack_top$libspace           0x20000068   Data           0  libspace.o(.bss)
    estadoLed1                               0x20000068   Data           1  main.o(.bss.estadoLed1)
    estadoLed2                               0x20000069   Data           1  main.o(.bss.estadoLed2)
    estadoPE0                                0x2000006a   Data           1  main.o(.bss.estadoPE0)
    estadoPE1                                0x2000006b   Data           1  main.o(.bss.estadoPE1)
    estadoTimer                              0x2000006c   Data           1  main.o(.bss.estadoTimer)
    sentido                                  0x2000006d   Data           1  main.o(.bss.sentido)
    sentidoDesejado                          0x2000006e   Data           1  main.o(.bss.sentidoDesejado)
    tempoHigh                                0x20000070   Data           4  main.o(.bss.tempoHigh)
    tempoLow                                 0x20000074   Data           4  main.o(.bss.tempoLow)
    velocidadeAtual                          0x20000078   Data           2  main.o(.bss.velocidadeAtual)
    velocidadeDesejada                       0x2000007a   Data           2  main.o(.bss.velocidadeDesejada)



==============================================================================

Memory Map of the image

  Image Entry point : 0x00000209

  Load Region LR_1 (Base: 0x00000000, Size: 0x00001a34, Max: 0xffffffff, ABSOLUTE)

    Execution Region ER_RO (Exec base: 0x00000000, Load base: 0x00000000, Size: 0x00001a30, Max: 0xffffffff, ABSOLUTE)

    Exec Addr    Load Addr    Size         Type   Attr      Idx    E Section Name        Object

    0x00000000   0x00000000   0x00000230   Code   RO            3  * RESET               startup.o
    0x00000230   0x00000230   0x00000008   Code   RO          201  * !!!main             c_w.l(__main.o)
    0x00000238   0x00000238   0x0000005c   Code   RO          370    !!!scatter          c_w.l(__scatter.o)
    0x00000294   0x00000294   0x0000001a   Code   RO          374    !!handler_copy      c_w.l(__scatter_copy.o)
    0x000002ae   0x000002ae   0x00000002   PAD
    0x000002b0   0x000002b0   0x00000002   Code   RO          371    !!handler_null      c_w.l(__scatter.o)
    0x000002b2   0x000002b2   0x00000002   PAD
    0x000002b4   0x000002b4   0x0000001c   Code   RO          376    !!handler_zi        c_w.l(__scatter_zi.o)
    0x000002d0   0x000002d0   0x00000002   Code   RO          232    .ARM.Collect$$libinit$$00000000  c_w.l(libinit.o)
    0x000002d2   0x000002d2   0x00000004   Code   RO          238    .ARM.Collect$$libinit$$00000001  c_w.l(libinit2.o)
    0x000002d6   0x000002d6   0x00000000   Code   RO          241    .ARM.Collect$$libinit$$00000004  c_w.l(libinit2.o)
    0x000002d6   0x000002d6   0x00000000   Code   RO          243    .ARM.Collect$$libinit$$00000006  c_w.l(libinit2.o)
    0x000002d6   0x000002d6   0x00000000   Code   RO          246    .ARM.Collect$$libinit$$0000000C  c_w.l(libinit2.o)
    0x000002d6   0x000002d6   0x00000000   Code   RO          248    .ARM.Collect$$libinit$$0000000E  c_w.l(libinit2.o)
    0x000002d6   0x000002d6   0x00000000   Code   RO          250    .ARM.Collect$$libinit$$00000010  c_w.l(libinit2.o)
    0x000002d6   0x000002d6   0x00000000   Code   RO          253    .ARM.Collect$$libinit$$00000013  c_w.l(libinit2.o)
    0x000002d6   0x000002d6   0x00000000   Code   RO          255    .ARM.Collect$$libinit$$00000015  c_w.l(libinit2.o)
    0x000002d6   0x000002d6   0x00000000   Code   RO          257    .ARM.Collect$$libinit$$00000017  c_w.l(libinit2.o)
    0x000002d6   0x000002d6   0x00000000   Code   RO          259    .ARM.Collect$$libinit$$00000019  c_w.l(libinit2.o)
    0x000002d6   0x000002d6   0x00000000   Code   RO          261    .ARM.Collect$$libinit$$0000001B  c_w.l(libinit2.o)
    0x000002d6   0x000002d6   0x00000000   Code   RO          263    .ARM.Collect$$libinit$$0000001D  c_w.l(libinit2.o)
    0x000002d6   0x000002d6   0x00000000   Code   RO          265    .ARM.Collect$$libinit$$0000001F  c_w.l(libinit2.o)
    0x000002d6   0x000002d6   0x00000000   Code   RO          267    .ARM.Collect$$libinit$$00000021  c_w.l(libinit2.o)
    0x000002d6   0x000002d6   0x00000000   Code   RO          269    .ARM.Collect$$libinit$$00000023  c_w.l(libinit2.o)
    0x000002d6   0x000002d6   0x00000000   Code   RO          271    .ARM.Collect$$libinit$$00000025  c_w.l(libinit2.o)
    0x000002d6   0x000002d6   0x00000000   Code   RO          273    .ARM.Collect$$libinit$$00000027  c_w.l(libinit2.o)
    0x000002d6   0x000002d6   0x00000000   Code   RO          277    .ARM.Collect$$libinit$$0000002E  c_w.l(libinit2.o)
    0x000002d6   0x000002d6   0x00000000   Code   RO          279    .ARM.Collect$$libinit$$00000030  c_w.l(libinit2.o)
    0x000002d6   0x000002d6   0x00000000   Code   RO          281    .ARM.Collect$$libinit$$00000032  c_w.l(libinit2.o)
    0x000002d6   0x000002d6   0x00000000   Code   RO          283    .ARM.Collect$$libinit$$00000034  c_w.l(libinit2.o)
    0x000002d6   0x000002d6   0x00000002   Code   RO          284    .ARM.Collect$$libinit$$00000035  c_w.l(libinit2.o)
    0x000002d8   0x000002d8   0x00000002   Code   RO          306    .ARM.Collect$$libshutdown$$00000000  c_w.l(libshutdown.o)
    0x000002da   0x000002da   0x00000000   Code   RO          321    .ARM.Collect$$libshutdown$$00000002  c_w.l(libshutdown2.o)
    0x000002da   0x000002da   0x00000000   Code   RO          323    .ARM.Collect$$libshutdown$$00000004  c_w.l(libshutdown2.o)
    0x000002da   0x000002da   0x00000000   Code   RO          326    .ARM.Collect$$libshutdown$$00000007  c_w.l(libshutdown2.o)
    0x000002da   0x000002da   0x00000000   Code   RO          329    .ARM.Collect$$libshutdown$$0000000A  c_w.l(libshutdown2.o)
    0x000002da   0x000002da   0x00000000   Code   RO          331    .ARM.Collect$$libshutdown$$0000000C  c_w.l(libshutdown2.o)
    0x000002da   0x000002da   0x00000000   Code   RO          334    .ARM.Collect$$libshutdown$$0000000F  c_w.l(libshutdown2.o)
    0x000002da   0x000002da   0x00000002   Code   RO          335    .ARM.Collect$$libshutdown$$00000010  c_w.l(libshutdown2.o)
    0x000002dc   0x000002dc   0x00000000   Code   RO          203    .ARM.Collect$$rtentry$$00000000  c_w.l(__rtentry.o)
    0x000002dc   0x000002dc   0x00000000   Code   RO          207    .ARM.Collect$$rtentry$$00000002  c_w.l(__rtentry2.o)
    0x000002dc   0x000002dc   0x00000006   Code   RO          219    .ARM.Collect$$rtentry$$00000004  c_w.l(__rtentry4.o)
    0x000002e2   0x000002e2   0x00000000   Code   RO          209    .ARM.Collect$$rtentry$$00000009  c_w.l(__rtentry2.o)
    0x000002e2   0x000002e2   0x00000004   Code   RO          210    .ARM.Collect$$rtentry$$0000000A  c_w.l(__rtentry2.o)
    0x000002e6   0x000002e6   0x00000000   Code   RO          212    .ARM.Collect$$rtentry$$0000000C  c_w.l(__rtentry2.o)
    0x000002e6   0x000002e6   0x00000008   Code   RO          213    .ARM.Collect$$rtentry$$0000000D  c_w.l(__rtentry2.o)
    0x000002ee   0x000002ee   0x00000002   Code   RO          236    .ARM.Collect$$rtexit$$00000000  c_w.l(rtexit.o)
    0x000002f0   0x000002f0   0x00000000   Code   RO          286    .ARM.Collect$$rtexit$$00000002  c_w.l(rtexit2.o)
    0x000002f0   0x000002f0   0x00000004   Code   RO          287    .ARM.Collect$$rtexit$$00000003  c_w.l(rtexit2.o)
    0x000002f4   0x000002f4   0x00000006   Code   RO          288    .ARM.Collect$$rtexit$$00000004  c_w.l(rtexit2.o)
    0x000002fa   0x000002fa   0x00000002   PAD
    0x000002fc   0x000002fc   0x00000030   Code   RO            4    .text               startup.o
    0x0000032c   0x0000032c   0x000001e4   Code   RO           12    .text               utils.o
    0x00000510   0x00000510   0x00000006   Code   RO          199    .text               c_w.l(heapauxi.o)
    0x00000516   0x00000516   0x0000004a   Code   RO          223    .text               c_w.l(sys_stackheap_outer.o)
    0x00000560   0x00000560   0x00000012   Code   RO          225    .text               c_w.l(exit.o)
    0x00000572   0x00000572   0x00000002   PAD
    0x00000574   0x00000574   0x00000008   Code   RO          233    .text               c_w.l(libspace.o)
    0x0000057c   0x0000057c   0x0000000c   Code   RO          296    .text               c_w.l(sys_exit.o)
    0x00000588   0x00000588   0x00000002   Code   RO          311    .text               c_w.l(use_no_semi.o)
    0x0000058a   0x0000058a   0x00000000   Code   RO          313    .text               c_w.l(indicate_semi.o)
    0x0000058a   0x0000058a   0x00000002   PAD
    0x0000058c   0x0000058c   0x00000348   Code   RO           75    .text.GPIO_Init     gpio.o
    0x000008d4   0x000008d4   0x00000020   Code   RO           85    .text.PortE_Output  gpio.o
    0x000008f4   0x000008f4   0x00000014   Code   RO           89    .text.PortF_Output  gpio.o
    0x00000908   0x00000908   0x00000014   Code   RO          103    .text.PortN_Output  gpio.o
    0x0000091c   0x0000091c   0x00000100   Code   RO           20    .text.Timer2A_Handler  main.o
    0x00000a1c   0x00000a1c   0x000000bc   Code   RO           28    .text.ajusteVelocidade  main.o
    0x00000ad8   0x00000ad8   0x00000062   Code   RO           26    .text.calculoTemposVelocidade  main.o
    0x00000b3a   0x00000b3a   0x00000002   PAD
    0x00000b3c   0x00000b3c   0x000000f0   Code   RO          175    .text.configADC     adc.o
    0x00000c2c   0x00000c2c   0x000000be   Code   RO          186    .text.configTimer   timer.o
    0x00000cea   0x00000cea   0x00000002   PAD
    0x00000cec   0x00000cec   0x0000014c   Code   RO          156    .text.configUART    uart.o
    0x00000e38   0x00000e38   0x00000038   Code   RO          160    .text.escreverUART  uart.o
    0x00000e70   0x00000e70   0x0000004c   Code   RO          177    .text.leituraADC    adc.o
    0x00000ebc   0x00000ebc   0x00000034   Code   RO          158    .text.lerUART       uart.o
    0x00000ef0   0x00000ef0   0x000000ba   Code   RO           42    .text.main          main.o
    0x00000faa   0x00000faa   0x00000002   PAD
    0x00000fac   0x00000fac   0x00000054   Code   RO           30    .text.passo2        main.o
    0x00001000   0x00001000   0x00000088   Code   RO           32    .text.passo3        main.o
    0x00001088   0x00001088   0x00000210   Code   RO           38    .text.passo4        main.o
    0x00001298   0x00001298   0x00000128   Code   RO           40    .text.passo5        main.o
    0x000013c0   0x000013c0   0x0000002c   Code   RO          162    .text.print         uart.o
    0x000013ec   0x000013ec   0x000000ae   Code   RO          166    .text.printNumero   uart.o
    0x0000149a   0x0000149a   0x00000002   PAD
    0x0000149c   0x0000149c   0x00000060   Code   RO           22    .text.printSentido  main.o
    0x000014fc   0x000014fc   0x00000050   Code   RO           24    .text.printVelocidade  main.o
    0x0000154c   0x0000154c   0x00000040   Code   RO          164    .text.println       uart.o
    0x0000158c   0x0000158c   0x0000004a   Code   RO           36    .text.selecionarSentido  main.o
    0x000015d6   0x000015d6   0x00000002   PAD
    0x000015d8   0x000015d8   0x000000c8   Code   RO           34    .text.selecionarVelocidade  main.o
    0x000016a0   0x000016a0   0x0000008a   Code   RO           16    .text.setHigh       main.o
    0x0000172a   0x0000172a   0x00000002   PAD
    0x0000172c   0x0000172c   0x0000003e   Code   RO           18    .text.setLow        main.o
    0x0000176a   0x0000176a   0x0000001a   Code   RO          294    x$fpl$fpinit        fz_wm.l(fpinit.o)
    0x00001784   0x00001784   0x0000028a   Data   RO           56    .rodata.str1.1      main.o
    0x00001a0e   0x00001a0e   0x00000002   PAD
    0x00001a10   0x00001a10   0x00000020   Data   RO          369    Region$$Table       anon$$obj.o


    Execution Region ER_RW (Exec base: 0x20000000, Load base: 0x00001a30, Size: 0x00000004, Max: 0xffffffff, ABSOLUTE)

    Exec Addr    Load Addr    Size         Type   Attr      Idx    E Section Name        Object

    0x20000000   0x00001a30   0x00000001   Data   RW           44    .data.estado        main.o


    Execution Region ER_ZI (Exec base: 0x20000008, Load base: 0x00001a34, Size: 0x00000478, Max: 0xffffffff, ABSOLUTE)

    Exec Addr    Load Addr    Size         Type   Attr      Idx    E Section Name        Object

    0x20000008        -       0x00000060   Zero   RW          234    .bss                c_w.l(libspace.o)
    0x20000068        -       0x00000001   Zero   RW           51    .bss.estadoLed1     main.o
    0x20000069        -       0x00000001   Zero   RW           52    .bss.estadoLed2     main.o
    0x2000006a        -       0x00000001   Zero   RW           49    .bss.estadoPE0      main.o
    0x2000006b        -       0x00000001   Zero   RW           50    .bss.estadoPE1      main.o
    0x2000006c        -       0x00000001   Zero   RW           53    .bss.estadoTimer    main.o
    0x2000006d        -       0x00000001   Zero   RW           45    .bss.sentido        main.o
    0x2000006e        -       0x00000001   Zero   RW           46    .bss.sentidoDesejado  main.o
    0x2000006f   0x00001a34   0x00000001   PAD
    0x20000070        -       0x00000004   Zero   RW           54    .bss.tempoHigh      main.o
    0x20000074        -       0x00000004   Zero   RW           55    .bss.tempoLow       main.o
    0x20000078        -       0x00000002   Zero   RW           48    .bss.velocidadeAtual  main.o
    0x2000007a        -       0x00000002   Zero   RW           47    .bss.velocidadeDesejada  main.o
    0x2000007c   0x00001a34   0x00000004   PAD
    0x20000080        -       0x00000000   Zero   RW            2    HEAP                startup.o
    0x20000080        -       0x00000400   Zero   RW            1    STACK               startup.o


==============================================================================

Image component sizes


      Code (inc. data)   RO Data    RW Data    ZI Data      Debug   Object Name

       316          0          0          0          0       1100   adc.o
       912          0          0          0          0       2706   gpio.o
      2422         14        650          1         19       4364   main.o
       608        532          0          0       1024       1008   startup.o
       190          0          0          0          0        537   timer.o
       722          8          0          0          0       1958   uart.o
       484         92          0          0          0        368   utils.o

    ----------------------------------------------------------------------
      5666        646        684          4       1048      12041   Object Totals
         0          0         32          0          0          0   (incl. Generated)
        12          0          2          3          5          0   (incl. Padding)

    ----------------------------------------------------------------------

      Code (inc. data)   RO Data    RW Data    ZI Data      Debug   Library Member Name

         8          0          0          0          0         68   __main.o
         0          0          0          0          0          0   __rtentry.o
        12          0          0          0          0          0   __rtentry2.o
         6          0          0          0          0          0   __rtentry4.o
        94          8          0          0          0          0   __scatter.o
        26          0          0          0          0          0   __scatter_copy.o
        28          0          0          0          0          0   __scatter_zi.o
        18          0          0          0          0         80   exit.o
         6          0          0          0          0        152   heapauxi.o
         0          0          0          0          0          0   indicate_semi.o
         2          0          0          0          0          0   libinit.o
         6          0          0          0          0          0   libinit2.o
         2          0          0          0          0          0   libshutdown.o
         2          0          0          0          0          0   libshutdown2.o
         8          4          0          0         96         68   libspace.o
         2          0          0          0          0          0   rtexit.o
        10          0          0          0          0          0   rtexit2.o
        12          4          0          0          0         68   sys_exit.o
        74          0          0          0          0         80   sys_stackheap_outer.o
         2          0          0          0          0         68   use_no_semi.o
        26          0          0          0          0        116   fpinit.o

    ----------------------------------------------------------------------
       354         16          0          0         96        700   Library Totals
        10          0          0          0          0          0   (incl. Padding)

    ----------------------------------------------------------------------

      Code (inc. data)   RO Data    RW Data    ZI Data      Debug   Library Name

       318         16          0          0         96        584   c_w.l
        26          0          0          0          0        116   fz_wm.l

    ----------------------------------------------------------------------
       354         16          0          0         96        700   Library Totals

    ----------------------------------------------------------------------

==============================================================================


      Code (inc. data)   RO Data    RW Data    ZI Data      Debug   

      6020        662        684          4       1144      12573   Grand Totals
      6020        662        684          4       1144      12573   ELF Image Totals
      6020        662        684          4          0          0   ROM Totals

==============================================================================

    Total RO  Size (Code + RO Data)                 6704 (   6.55kB)
    Total RW  Size (RW Data + ZI Data)              1148 (   1.12kB)
    Total ROM Size (Code + RO Data + RW Data)       6708 (   6.55kB)

==============================================================================

